Component: ARM Compiler 5.06 update 6 (build 750) Tool: armlink [4d35ed]

==============================================================================

Section Cross References

    system_stm32f4xx.o(i.SystemCoreClockUpdate) refers to system_stm32f4xx.o(.data) for SystemCoreClock
    system_stm32f4xx.o(i.SystemInit) refers to system_stm32f4xx.o(i.SetSysClock) for SetSysClock
    main.o(i.EXTI0_IRQHandler) refers to stm32f4xx_exti.o(i.EXTI_GetITStatus) for EXTI_GetITStatus
    main.o(i.EXTI0_IRQHandler) refers to stm32f4xx_gpio.o(i.GPIO_SetBits) for GPIO_SetBits
    main.o(i.EXTI0_IRQHandler) refers to stm32f4xx_gpio.o(i.GPIO_ResetBits) for GPIO_ResetBits
    main.o(i.EXTI0_IRQHandler) refers to noretval__2printf.o(.text) for __2printf
    main.o(i.EXTI0_IRQHandler) refers to stm32f4xx_exti.o(i.EXTI_ClearITPendingBit) for EXTI_ClearITPendingBit
    main.o(i.EXTI0_IRQHandler) refers to main.o(.data) for s_start_stop
    main.o(i.EXTI1_IRQHandler) refers to stm32f4xx_exti.o(i.EXTI_GetITStatus) for EXTI_GetITStatus
    main.o(i.EXTI1_IRQHandler) refers to stm32f4xx_gpio.o(i.GPIO_SetBits) for GPIO_SetBits
    main.o(i.EXTI1_IRQHandler) refers to stm32f4xx_gpio.o(i.GPIO_ResetBits) for GPIO_ResetBits
    main.o(i.EXTI1_IRQHandler) refers to noretval__2printf.o(.text) for __2printf
    main.o(i.EXTI1_IRQHandler) refers to stm32f4xx_exti.o(i.EXTI_ClearITPendingBit) for EXTI_ClearITPendingBit
    main.o(i.EXTI1_IRQHandler) refers to main.o(.data) for s_load_charge
    main.o(i.EXTI2_IRQHandler) refers to stm32f4xx_exti.o(i.EXTI_GetITStatus) for EXTI_GetITStatus
    main.o(i.EXTI2_IRQHandler) refers to stm32f4xx_gpio.o(i.GPIO_SetBits) for GPIO_SetBits
    main.o(i.EXTI2_IRQHandler) refers to stm32f4xx_gpio.o(i.GPIO_ResetBits) for GPIO_ResetBits
    main.o(i.EXTI2_IRQHandler) refers to noretval__2printf.o(.text) for __2printf
    main.o(i.EXTI2_IRQHandler) refers to stm32f4xx_exti.o(i.EXTI_ClearITPendingBit) for EXTI_ClearITPendingBit
    main.o(i.EXTI2_IRQHandler) refers to main.o(.data) for s_package1
    main.o(i.EXTI3_IRQHandler) refers to stm32f4xx_exti.o(i.EXTI_GetITStatus) for EXTI_GetITStatus
    main.o(i.EXTI3_IRQHandler) refers to stm32f4xx_gpio.o(i.GPIO_SetBits) for GPIO_SetBits
    main.o(i.EXTI3_IRQHandler) refers to stm32f4xx_gpio.o(i.GPIO_ResetBits) for GPIO_ResetBits
    main.o(i.EXTI3_IRQHandler) refers to noretval__2printf.o(.text) for __2printf
    main.o(i.EXTI3_IRQHandler) refers to stm32f4xx_exti.o(i.EXTI_ClearITPendingBit) for EXTI_ClearITPendingBit
    main.o(i.EXTI3_IRQHandler) refers to main.o(.data) for s_package2
    main.o(i.EXTI4_IRQHandler) refers to stm32f4xx_exti.o(i.EXTI_GetITStatus) for EXTI_GetITStatus
    main.o(i.EXTI4_IRQHandler) refers to stm32f4xx_gpio.o(i.GPIO_SetBits) for GPIO_SetBits
    main.o(i.EXTI4_IRQHandler) refers to stm32f4xx_gpio.o(i.GPIO_ResetBits) for GPIO_ResetBits
    main.o(i.EXTI4_IRQHandler) refers to noretval__2printf.o(.text) for __2printf
    main.o(i.EXTI4_IRQHandler) refers to stm32f4xx_exti.o(i.EXTI_ClearITPendingBit) for EXTI_ClearITPendingBit
    main.o(i.EXTI4_IRQHandler) refers to main.o(.data) for s_Fan1
    main.o(i.EXTI9_5_IRQHandler) refers to stm32f4xx_exti.o(i.EXTI_GetITStatus) for EXTI_GetITStatus
    main.o(i.EXTI9_5_IRQHandler) refers to stm32f4xx_gpio.o(i.GPIO_SetBits) for GPIO_SetBits
    main.o(i.EXTI9_5_IRQHandler) refers to stm32f4xx_gpio.o(i.GPIO_ResetBits) for GPIO_ResetBits
    main.o(i.EXTI9_5_IRQHandler) refers to noretval__2printf.o(.text) for __2printf
    main.o(i.EXTI9_5_IRQHandler) refers to stm32f4xx_exti.o(i.EXTI_ClearITPendingBit) for EXTI_ClearITPendingBit
    main.o(i.EXTI9_5_IRQHandler) refers to main.o(.data) for s_Fan2
    main.o(i.TIM2_IRQHandler) refers to stm32f4xx_tim.o(i.TIM_GetITStatus) for TIM_GetITStatus
    main.o(i.TIM2_IRQHandler) refers to stm32f4xx_gpio.o(i.GPIO_ToggleBits) for GPIO_ToggleBits
    main.o(i.TIM2_IRQHandler) refers to stm32f4xx_tim.o(i.TIM_Cmd) for TIM_Cmd
    main.o(i.TIM2_IRQHandler) refers to adc.o(i.ADC_get_voltage_from_channel) for ADC_get_voltage_from_channel
    main.o(i.TIM2_IRQHandler) refers to delay.o(i.Dellay_us) for Dellay_us
    main.o(i.TIM2_IRQHandler) refers to stm32f4xx_adc.o(i.ADC_Cmd) for ADC_Cmd
    main.o(i.TIM2_IRQHandler) refers to stm32f4xx_tim.o(i.TIM_ClearITPendingBit) for TIM_ClearITPendingBit
    main.o(i.TIM2_IRQHandler) refers to main.o(.data) for READ_ADC_FLAG
    main.o(i.TIM2_IRQHandler) refers to main.o(.bss) for voltage_module1
    main.o(i.main) refers to noretval__2printf.o(.text) for __2printf
    main.o(i.main) refers to system_stm32f4xx.o(i.SystemInit) for SystemInit
    main.o(i.main) refers to adc.o(i.ADC_pin_select_config) for ADC_pin_select_config
    main.o(i.main) refers to adc.o(i.ADC_pin_config) for ADC_pin_config
    main.o(i.main) refers to delay.o(i.timetick_configure) for timetick_configure
    main.o(i.main) refers to uart.o(i.UART_pin_config) for UART_pin_config
[...]
    ../clib/angel/boardlib.s                 0x00000000   Number         0  boardinit2.o ABSOLUTE
    ../clib/angel/boardlib.s                 0x00000000   Number         0  boardinit3.o ABSOLUTE
    ../clib/angel/boardlib.s                 0x00000000   Number         0  boardshut.o ABSOLUTE
    ../clib/angel/handlers.s                 0x00000000   Number         0  __scatter_zi.o ABSOLUTE
    ../clib/angel/handlers.s                 0x00000000   Number         0  __scatter_copy.o ABSOLUTE
    ../clib/angel/kernel.s                   0x00000000   Number         0  __rtentry2.o ABSOLUTE
    ../clib/angel/kernel.s                   0x00000000   Number         0  __rtentry.o ABSOLUTE
    ../clib/angel/kernel.s                   0x00000000   Number         0  __rtentry4.o ABSOLUTE
    ../clib/angel/kernel.s                   0x00000000   Number         0  rtexit.o ABSOLUTE
    ../clib/angel/kernel.s                   0x00000000   Number         0  rtexit2.o ABSOLUTE
    ../clib/angel/rt.s                       0x00000000   Number         0  rt_errno_addr_intlibspace.o ABSOLUTE
    ../clib/angel/rt.s                       0x00000000   Number         0  rt_errno_addr.o ABSOLUTE
    ../clib/angel/rt.s                       0x00000000   Number         0  rt_raise.o ABSOLUTE
    ../clib/angel/rt.s                       0x00000000   Number         0  rt_heap_descriptor_intlibspace.o ABSOLUTE
    ../clib/angel/rt.s                       0x00000000   Number         0  rt_heap_descriptor.o ABSOLUTE
    ../clib/angel/scatter.s                  0x00000000   Number         0  __scatter.o ABSOLUTE
    ../clib/angel/startup.s                  0x00000000   Number         0  __main.o ABSOLUTE
    ../clib/angel/sys.s                      0x00000000   Number         0  mutex_dummy.o ABSOLUTE
    ../clib/angel/sys.s                      0x00000000   Number         0  indicate_semi.o ABSOLUTE
    ../clib/angel/sys.s                      0x00000000   Number         0  sys_stackheap_outer.o ABSOLUTE
    ../clib/angel/sys.s                      0x00000000   Number         0  libspace.o ABSOLUTE
    ../clib/angel/sys.s                      0x00000000   Number         0  use_no_semi.o ABSOLUTE
    ../clib/angel/sysapp.c                   0x00000000   Number         0  sys_wrch.o ABSOLUTE
    ../clib/angel/sysapp.c                   0x00000000   Number         0  sys_command.o ABSOLUTE
    ../clib/angel/sysapp.c                   0x00000000   Number         0  sys_exit.o ABSOLUTE
    ../clib/armsys.c                         0x00000000   Number         0  _get_argv.o ABSOLUTE
    ../clib/armsys.c                         0x00000000   Number         0  _get_argv_nomalloc.o ABSOLUTE
    ../clib/armsys.c                         0x00000000   Number         0  no_argv.o ABSOLUTE
    ../clib/armsys.c                         0x00000000   Number         0  argv_veneer.o ABSOLUTE
    ../clib/armsys.c                         0x00000000   Number         0  argv_veneer.o ABSOLUTE
    ../clib/heap1.c                          0x00000000   Number         0  h1_extend.o ABSOLUTE
    ../clib/heap1.c                          0x00000000   Number         0  h1_free_mt.o ABSOLUTE
    ../clib/heap1.c                          0x00000000   Number         0  h1_init.o ABSOLUTE
    ../clib/heap1.c                          0x00000000   Number         0  h1_free.o ABSOLUTE
    ../clib/heap1.c                          0x00000000   Number         0  h1_alloc_mt.o ABSOLUTE
    ../clib/heap1.c                          0x00000000   Number         0  h1_alloc.o ABSOLUTE
    ../clib/heap1.c                          0x00000000   Number         0  h1_final.o ABSOLUTE
    ../clib/heap1.c                          0x00000000   Number         0  h1_final_mt.o ABSOLUTE
    ../clib/heap1.c                          0x00000000   Number         0  h1_extend_mt.o ABSOLUTE
    ../clib/heap1.c                          0x00000000   Number         0  h1_init_mt.o ABSOLUTE
    ../clib/heap2.c                          0x00000000   Number         0  heap2mt.o ABSOLUTE
    ../clib/heap2.c                          0x00000000   Number         0  heap2.o ABSOLUTE
    ../clib/heap2.c                          0x00000000   Number         0  fdtree.o ABSOLUTE
    ../clib/heapalloc.c                      0x00000000   Number         0  free.o ABSOLUTE
    ../clib/heapalloc.c                      0x00000000   Number         0  maybetermalloc1.o ABSOLUTE
    ../clib/heapalloc.c                      0x00000000   Number         0  term_alloc.o ABSOLUTE
    ../clib/heapalloc.c                      0x00000000   Number         0  maybetermalloc1.o ABSOLUTE
    ../clib/heapalloc.c                      0x00000000   Number         0  maybetermalloc2.o ABSOLUTE
    ../clib/heapalloc.c                      0x00000000   Number         0  hguard.o ABSOLUTE
    ../clib/heapalloc.c                      0x00000000   Number         0  maybetermalloc2.o ABSOLUTE
    ../clib/heapalloc.c                      0x00000000   Number         0  init_alloc.o ABSOLUTE
    ../clib/heapalloc.c                      0x00000000   Number         0  malloc.o ABSOLUTE
    ../clib/heapalloc.c                      0x00000000   Number         0  heapstubs.o ABSOLUTE
    ../clib/heapalloc.c                      0x00000000   Number         0  hrguard.o ABSOLUTE
    ../clib/heapaux.c                        0x00000000   Number         0  heapauxi.o ABSOLUTE
    ../clib/heapaux.c                        0x00000000   Number         0  heapauxa.o ABSOLUTE
    ../clib/libinit.s                        0x00000000   Number         0  libinit.o ABSOLUTE
    ../clib/libinit.s                        0x00000000   Number         0  libinit2.o ABSOLUTE
    ../clib/libinit.s                        0x00000000   Number         0  libshutdown.o ABSOLUTE
    ../clib/libinit.s                        0x00000000   Number         0  libshutdown2.o ABSOLUTE
    ../clib/memcpset.s                       0x00000000   Number         0  rt_memclr_w.o ABSOLUTE
    ../clib/memcpset.s                       0x00000000   Number         0  strcmpv7m.o ABSOLUTE
    ../clib/memcpset.s                       0x00000000   Number         0  rt_memcpy_w.o ABSOLUTE
    ../clib/printf.c                         0x00000000   Number         0  __printf_nopercent.o ABSOLUTE
    ../clib/printf.c                         0x00000000   Number         0  noretval__2printf.o ABSOLUTE
    ../clib/printf.c                         0x00000000   Number         0  _printf_char_file.o ABSOLUTE
    ../clib/printf.c                         0x00000000   Number         0  __2printf.o ABSOLUTE
    ../clib/printf.c                         0x00000000   Number         0  _printf_char_common.o ABSOLUTE
    ../clib/signal.c                         0x00000000   Number         0  defsig_segv_inner.o ABSOLUTE
    ../clib/signal.c                         0x00000000   Number         0  defsig_rtred_formal.o ABSOLUTE
    ../clib/signal.c                         0x00000000   Number         0  defsig_rtred_outer.o ABSOLUTE
    ../clib/signal.c                         0x00000000   Number         0  defsig_abrt_inner.o ABSOLUTE
    ../clib/signal.c                         0x00000000   Number         0  defsig_pvfn_inner.o ABSOLUTE
    ../clib/signal.c                         0x00000000   Number         0  defsig_general.o ABSOLUTE
    ../clib/signal.c                         0x00000000   Number         0  defsig_other.o ABSOLUTE
    ../clib/signal.c                         0x00000000   Number         0  defsig_stak_inner.o ABSOLUTE
    ../clib/signal.c                         0x00000000   Number         0  defsig_fpe_inner.o ABSOLUTE
    ../clib/signal.c                         0x00000000   Number         0  __raise.o ABSOLUTE
    ../clib/signal.c                         0x00000000   Number         0  defsig_rtmem_outer.o ABSOLUTE
    ../clib/signal.c                         0x00000000   Number         0  defsig_rtmem_inner.o ABSOLUTE
    ../clib/signal.c                         0x00000000   Number         0  defsig_rtmem_formal.o ABSOLUTE
    ../clib/signal.c                         0x00000000   Number         0  defsig_exit.o ABSOLUTE
    ../clib/signal.c                         0x00000000   Number         0  defsig_rtred_inner.o ABSOLUTE
    ../clib/signal.c                         0x00000000   Number         0  defsig_cppl_inner.o ABSOLUTE
    ../clib/signal.s                         0x00000000   Number         0  defsig.o ABSOLUTE
    ../clib/stdio.c                          0x00000000   Number         0  stdio_streams.o ABSOLUTE
    ../clib/stdio.c                          0x00000000   Number         0  initio_locked.o ABSOLUTE
    ../clib/stdio.c                          0x00000000   Number         0  fopen.o ABSOLUTE
    ../clib/stdio.c                          0x00000000   Number         0  ftell.o ABSOLUTE
    ../clib/stdio.c                          0x00000000   Number         0  fseek.o ABSOLUTE
    ../clib/stdio.c                          0x00000000   Number         0  fopen_locked.o ABSOLUTE
    ../clib/stdio.c                          0x00000000   Number         0  stdio.o ABSOLUTE
    ../clib/stdio.c                          0x00000000   Number         0  setvbuf_locked.o ABSOLUTE
    ../clib/stdio.c                          0x00000000   Number         0  fclose.o ABSOLUTE
    ../clib/stdio.c                          0x00000000   Number         0  streamlock.o ABSOLUTE
    ../clib/stdio.c                          0x00000000   Number         0  setvbuf.o ABSOLUTE
    ../clib/stdio.c                          0x00000000   Number         0  ferror.o ABSOLUTE
    ../clib/stdio.c                          0x00000000   Number         0  initio.o ABSOLUTE
    ../clib/stdio.c                          0x00000000   Number         0  ferror_locked.o ABSOLUTE
    ../clib/stdlib.c                         0x00000000   Number         0  exit.o ABSOLUTE
    ../fplib/fpinit.s                        0x00000000   Number         0  fpinit.o ABSOLUTE
    C:\Users\ADMIN\AppData\Local\Arm\Packs\Keil\ARM_Compiler\1.6.2\Source\retarget_io.c 0x00000000   Number         0  retarget_io.o ABSOLUTE
    E:\Thesis_code\ADC_Normal_test\STM32F4xx_StdPeriph_Driver\src\stm32f4xx_exti.c 0x00000000   Number         0  stm32f4xx_exti.o ABSOLUTE
    E:\Thesis_code\ADC_Normal_test\STM32F4xx_StdPeriph_Driver\src\stm32f4xx_syscfg.c 0x00000000   Number         0  stm32f4xx_syscfg.o ABSOLUTE
    E:\\Thesis_code\\ADC_Normal_test\\STM32F4xx_StdPeriph_Driver\\src\\stm32f4xx_exti.c 0x00000000   Number         0  stm32f4xx_exti.o ABSOLUTE
    E:\\Thesis_code\\ADC_Normal_test\\STM32F4xx_StdPeriph_Driver\\src\\stm32f4xx_syscfg.c 0x00000000   Number         0  stm32f4xx_syscfg.o ABSOLUTE
    STM32F4xx_StdPeriph_Driver\\src\\misc.c  0x00000000   Number         0  misc.o ABSOLUTE
    STM32F4xx_StdPeriph_Driver\\src\\stm32f4xx_adc.c 0x00000000   Number         0  stm32f4xx_adc.o ABSOLUTE
    STM32F4xx_StdPeriph_Driver\\src\\stm32f4xx_dma.c 0x00000000   Number         0  stm32f4xx_dma.o ABSOLUTE
    STM32F4xx_StdPeriph_Driver\\src\\stm32f4xx_gpio.c 0x00000000   Number         0  stm32f4xx_gpio.o ABSOLUTE
    STM32F4xx_StdPeriph_Driver\\src\\stm32f4xx_rcc.c 0x00000000   Number         0  stm32f4xx_rcc.o ABSOLUTE
    STM32F4xx_StdPeriph_Driver\\src\\stm32f4xx_tim.c 0x00000000   Number         0  stm32f4xx_tim.o ABSOLUTE
    STM32F4xx_StdPeriph_Driver\\src\\stm32f4xx_usart.c 0x00000000   Number         0  stm32f4xx_usart.o ABSOLUTE
    STM32F4xx_StdPeriph_Driver\src\misc.c    0x00000000   Number         0  misc.o ABSOLUTE
    STM32F4xx_StdPeriph_Driver\src\stm32f4xx_adc.c 0x00000000   Number         0  stm32f4xx_adc.o ABSOLUTE
    STM32F4xx_StdPeriph_Driver\src\stm32f4xx_dma.c 0x00000000   Number         0  stm32f4xx_dma.o ABSOLUTE
    STM32F4xx_StdPeriph_Driver\src\stm32f4xx_gpio.c 0x00000000   Number         0  stm32f4xx_gpio.o ABSOLUTE
    STM32F4xx_StdPeriph_Driver\src\stm32f4xx_rcc.c 0x00000000   Number         0  stm32f4xx_rcc.o ABSOLUTE
    STM32F4xx_StdPeriph_Driver\src\stm32f4xx_tim.c 0x00000000   Number         0  stm32f4xx_tim.o ABSOLUTE
    STM32F4xx_StdPeriph_Driver\src\stm32f4xx_usart.c 0x00000000   Number         0  stm32f4xx_usart.o ABSOLUTE
    adc.c                                    0x00000000   Number         0  adc.o ABSOLUTE
    adc.c                                    0x00000000   Number         0  adc.o ABSOLUTE
    dc.s                                     0x00000000   Number         0  dc.o ABSOLUTE
    delay.c                                  0x00000000   Number         0  delay.o ABSOLUTE
    delay.c                                  0x00000000   Number         0  delay.o ABSOLUTE
    exti.c                                   0x00000000   Number         0  exti.o ABSOLUTE
    exti.c                                   0x00000000   Number         0  exti.o ABSOLUTE
    main.c                                   0x00000000   Number         0  main.o ABSOLUTE
    main.c                                   0x00000000   Number         0  main.o ABSOLUTE
    startup_stm32f40_41xxx.s                 0x00000000   Number         0  startup_stm32f40_41xxx.o ABSOLUTE
    status.c                                 0x00000000   Number         0  status.o ABSOLUTE
    status.c                                 0x00000000   Number         0  status.o ABSOLUTE
    system_stm32f4xx.c                       0x00000000   Number         0  system_stm32f4xx.o ABSOLUTE
    system_stm32f4xx.c                       0x00000000   Number         0  system_stm32f4xx.o ABSOLUTE
    timer.c                                  0x00000000   Number         0  timer.o ABSOLUTE
    timer.c                                  0x00000000   Number         0  timer.o ABSOLUTE
    uart.c                                   0x00000000   Number         0  uart.o ABSOLUTE
    uart.c                                   0x00000000   Number         0  uart.o ABSOLUTE
    RESET                                    0x08000000   Section      392  startup_stm32f40_41xxx.o(RESET)
    !!!main                                  0x08000188   Section        8  __main.o(!!!main)
    !!!scatter                               0x08000190   Section       52  __scatter.o(!!!scatter)
    !!handler_copy                           0x080001c4   Section       26  __scatter_copy.o(!!handler_copy)
    !!handler_zi                             0x080001e0   Section       28  __scatter_zi.o(!!handler_zi)
    .ARM.Collect$$libinit$$00000000          0x080001fc   Section        2  libinit.o(.ARM.Collect$$libinit$$00000000)
    .ARM.Collect$$libinit$$00000001          0x080001fe   Section        4  libinit2.o(.ARM.Collect$$libinit$$00000001)
    .ARM.Collect$$libinit$$00000004          0x08000202   Section        0  libinit2.o(.ARM.Collect$$libinit$$00000004)
    .ARM.Collect$$libinit$$00000005          0x08000202   Section        8  libinit2.o(.ARM.Collect$$libinit$$00000005)
    .ARM.Collect$$libinit$$0000000A          0x0800020a   Section        0  libinit2.o(.ARM.Collect$$libinit$$0000000A)
    .ARM.Collect$$libinit$$0000000C          0x0800020a   Section        0  libinit2.o(.ARM.Collect$$libinit$$0000000C)
    .ARM.Collect$$libinit$$0000000E          0x0800020a   Section        0  libinit2.o(.ARM.Collect$$libinit$$0000000E)
    .ARM.Collect$$libinit$$00000011          0x0800020a   Section        0  libinit2.o(.ARM.Collect$$libinit$$00000011)
    .ARM.Collect$$libinit$$00000013          0x0800020a   Section        0  libinit2.o(.ARM.Collect$$libinit$$00000013)
    .ARM.Collect$$libinit$$00000015          0x0800020a   Section        0  libinit2.o(.ARM.Collect$$libinit$$00000015)
    .ARM.Collect$$libinit$$00000017          0x0800020a   Section        0  libinit2.o(.ARM.Collect$$libinit$$00000017)
    .ARM.Collect$$libinit$$00000019          0x0800020a   Section        0  libinit2.o(.ARM.Collect$$libinit$$00000019)
    .ARM.Collect$$libinit$$0000001B          0x0800020a   Section        0  libinit2.o(.ARM.Collect$$libinit$$0000001B)
    .ARM.Collect$$libinit$$0000001D          0x0800020a   Section        0  libinit2.o(.ARM.Collect$$libinit$$0000001D)
    .ARM.Collect$$libinit$$0000001F          0x0800020a   Section        0  libinit2.o(.ARM.Collect$$libinit$$0000001F)
    .ARM.Collect$$libinit$$00000021          0x0800020a   Section        0  libinit2.o(.ARM.Collect$$libinit$$00000021)
    .ARM.Collect$$libinit$$00000023          0x0800020a   Section        0  libinit2.o(.ARM.Collect$$libinit$$00000023)
    .ARM.Collect$$libinit$$00000024          0x0800020a   Section        4  libinit2.o(.ARM.Collect$$libinit$$00000024)
    .ARM.Collect$$libinit$$00000025          0x0800020e   Section        0  libinit2.o(.ARM.Collect$$libinit$$00000025)
    .ARM.Collect$$libinit$$0000002C          0x0800020e   Section        0  libinit2.o(.ARM.Collect$$libinit$$0000002C)
    .ARM.Collect$$libinit$$0000002E          0x0800020e   Section        0  libinit2.o(.ARM.Collect$$libinit$$0000002E)
    .ARM.Collect$$libinit$$00000030          0x0800020e   Section        0  libinit2.o(.ARM.Collect$$libinit$$00000030)
    .ARM.Collect$$libinit$$00000032          0x0800020e   Section        0  libinit2.o(.ARM.Collect$$libinit$$00000032)
    .ARM.Collect$$libinit$$00000033          0x0800020e   Section        2  libinit2.o(.ARM.Collect$$libinit$$00000033)
    .ARM.Collect$$libshutdown$$00000000      0x08000210   Section        2  libshutdown.o(.ARM.Collect$$libshutdown$$00000000)
    .ARM.Collect$$libshutdown$$00000002      0x08000212   Section        0  libshutdown2.o(.ARM.Collect$$libshutdown$$00000002)
    .ARM.Collect$$libshutdown$$00000003      0x08000212   Section        4  libshutdown2.o(.ARM.Collect$$libshutdown$$00000003)
    .ARM.Collect$$libshutdown$$00000004      0x08000216   Section        0  libshutdown2.o(.ARM.Collect$$libshutdown$$00000004)
    .ARM.Collect$$libshutdown$$00000007      0x08000216   Section        0  libshutdown2.o(.ARM.Collect$$libshutdown$$00000007)
    .ARM.Collect$$libshutdown$$0000000A      0x08000216   Section        0  libshutdown2.o(.ARM.Collect$$libshutdown$$0000000A)
    .ARM.Collect$$libshutdown$$0000000C      0x08000216   Section        0  libshutdown2.o(.ARM.Collect$$libshutdown$$0000000C)
    .ARM.Collect$$libshutdown$$0000000F      0x08000216   Section        0  libshutdown2.o(.ARM.Collect$$libshutdown$$0000000F)
    .ARM.Collect$$libshutdown$$00000010      0x08000216   Section        2  libshutdown2.o(.ARM.Collect$$libshutdown$$00000010)
    .ARM.Collect$$rtentry$$00000000          0x08000218   Section        0  __rtentry.o(.ARM.Collect$$rtentry$$00000000)
    .ARM.Collect$$rtentry$$00000002          0x08000218   Section        0  __rtentry2.o(.ARM.Collect$$rtentry$$00000002)
    .ARM.Collect$$rtentry$$00000004          0x08000218   Section        6  __rtentry4.o(.ARM.Collect$$rtentry$$00000004)
    .ARM.Collect$$rtentry$$00000009          0x0800021e   Section        0  __rtentry2.o(.ARM.Collect$$rtentry$$00000009)
    .ARM.Collect$$rtentry$$0000000A          0x0800021e   Section        4  __rtentry2.o(.ARM.Collect$$rtentry$$0000000A)
    .ARM.Collect$$rtentry$$0000000C          0x08000222   Section        0  __rtentry2.o(.ARM.Collect$$rtentry$$0000000C)
    .ARM.Collect$$rtentry$$0000000D          0x08000222   Section        8  __rtentry2.o(.ARM.Collect$$rtentry$$0000000D)
    .ARM.Collect$$rtexit$$00000000           0x0800022a   Section        2  rtexit.o(.ARM.Collect$$rtexit$$00000000)
    .ARM.Collect$$rtexit$$00000002           0x0800022c   Section        0  rtexit2.o(.ARM.Collect$$rtexit$$00000002)
    .ARM.Collect$$rtexit$$00000003           0x0800022c   Section        4  rtexit2.o(.ARM.Collect$$rtexit$$00000003)
    .ARM.Collect$$rtexit$$00000004           0x08000230   Section        6  rtexit2.o(.ARM.Collect$$rtexit$$00000004)
    .emb_text                                0x08000238   Section        0  maybetermalloc1.o(.emb_text)
    .text                                    0x08000238   Section       64  startup_stm32f40_41xxx.o(.text)
    $v0                                      0x08000238   Number         0  startup_stm32f40_41xxx.o(.text)
    .text                                    0x08000278   Section        0  noretval__2printf.o(.text)
    .text                                    0x08000290   Section      128  strcmpv7m.o(.text)
    .text                                    0x08000310   Section        0  heapauxi.o(.text)
    .text                                    0x08000318   Section        0  _printf_char_file.o(.text)
    .text                                    0x0800033c   Section        0  _printf_char_common.o(.text)
    _printf_input_char                       0x0800033d   Thumb Code    10  _printf_char_common.o(.text)
    .text                                    0x0800036c   Section        0  ferror.o(.text)
    .text                                    0x08000374   Section        0  initio.o(.text)
    .text                                    0x080004ac   Section       74  sys_stackheap_outer.o(.text)
    .text                                    0x080004f6   Section        0  h1_free.o(.text)
    .text                                    0x08000544   Section        0  __printf_nopercent.o(.text)
    .text                                    0x0800056c   Section        0  setvbuf.o(.text)
    .text                                    0x080005b4   Section        0  fopen.o(.text)
    _freopen_locked                          0x080005b5   Thumb Code     0  fopen.o(.text)
    .text                                    0x080006a0   Section        0  fclose.o(.text)
    .text                                    0x080006ec   Section        0  exit.o(.text)
    .text                                    0x080006fe   Section        0  defsig_rtred_outer.o(.text)
    .text                                    0x0800070c   Section       78  rt_memclr_w.o(.text)
    .text                                    0x0800075c   Section        8  libspace.o(.text)
    .text                                    0x08000764   Section        8  rt_heap_descriptor_intlibspace.o(.text)
    .text                                    0x0800076c   Section        0  hguard.o(.text)
    .text                                    0x08000770   Section        0  init_alloc.o(.text)
    .text                                    0x080007fa   Section        0  h1_alloc.o(.text)
    .text                                    0x08000858   Section        0  fseek.o(.text)
    .text                                    0x08000950   Section        0  stdio.o(.text)
    .text                                    0x08000a40   Section        0  defsig_exit.o(.text)
    .text                                    0x08000a4c   Section        0  defsig_rtred_inner.o(.text)
    .text                                    0x08000a80   Section        0  sys_exit.o(.text)
    .text                                    0x08000a8c   Section        0  h1_init.o(.text)
    .text                                    0x08000a9a   Section        0  h1_extend.o(.text)
    .text                                    0x08000ace   Section        0  ftell.o(.text)
    .text                                    0x08000b10   Section        0  defsig_general.o(.text)
    .text                                    0x08000b42   Section        0  defsig_rtmem_outer.o(.text)
    .text                                    0x08000b50   Section        0  sys_wrch.o(.text)
    .text                                    0x08000b5e   Section        2  use_no_semi.o(.text)
    .text                                    0x08000b60   Section        0  indicate_semi.o(.text)
    .text                                    0x08000b60   Section        8  rt_errno_addr_intlibspace.o(.text)
    .text                                    0x08000b68   Section        0  defsig_rtmem_inner.o(.text)
    i.ADC_Cmd                                0x08000bb8   Section        0  stm32f4xx_adc.o(i.ADC_Cmd)
    i.ADC_DeInit                             0x08000bce   Section        0  stm32f4xx_adc.o(i.ADC_DeInit)
    i.ADC_GetConversionValue                 0x08000be4   Section        0  stm32f4xx_adc.o(i.ADC_GetConversionValue)
    i.ADC_GetFlagStatus                      0x08000bec   Section        0  stm32f4xx_adc.o(i.ADC_GetFlagStatus)
    i.ADC_Init                               0x08000c00   Section        0  stm32f4xx_adc.o(i.ADC_Init)
    i.ADC_RegularChannelConfig               0x08000c54   Section        0  stm32f4xx_adc.o(i.ADC_RegularChannelConfig)
    i.ADC_SoftwareStartConv                  0x08000d0c   Section        0  stm32f4xx_adc.o(i.ADC_SoftwareStartConv)
    i.ADC_get_value_voltage                  0x08000d18   Section        0  adc.o(i.ADC_get_value_voltage)
    i.ADC_get_voltage_from_channel           0x08000d9c   Section        0  adc.o(i.ADC_get_voltage_from_channel)
    i.ADC_pin_config                         0x08000e18   Section        0  adc.o(i.ADC_pin_config)
    i.ADC_pin_select_config                  0x08000eb0   Section        0  adc.o(i.ADC_pin_select_config)
    i.ADC_select_channel                     0x08000f00   Section        0  adc.o(i.ADC_select_channel)
    i.Dellay_us                              0x08000fac   Section        0  delay.o(i.Dellay_us)
    i.EXTI0_IRQHandler                       0x08000ff0   Section        0  main.o(i.EXTI0_IRQHandler)
    i.EXTI1_IRQHandler                       0x08001050   Section        0  main.o(i.EXTI1_IRQHandler)
    i.EXTI2_IRQHandler                       0x080010b0   Section        0  main.o(i.EXTI2_IRQHandler)
    i.EXTI3_IRQHandler                       0x08001110   Section        0  main.o(i.EXTI3_IRQHandler)
    i.EXTI4_IRQHandler                       0x08001170   Section        0  main.o(i.EXTI4_IRQHandler)
    i.EXTI9_5_IRQHandler                     0x080011c8   Section        0  main.o(i.EXTI9_5_IRQHandler)
    i.EXTI_ClearITPendingBit                 0x08001220   Section        0  stm32f4xx_exti.o(i.EXTI_ClearITPendingBit)
    i.EXTI_GetITStatus                       0x0800122c   Section        0  stm32f4xx_exti.o(i.EXTI_GetITStatus)
    i.EXTI_Init                              0x08001244   Section        0  stm32f4xx_exti.o(i.EXTI_Init)
    i.EXTI_Pin_config                        0x080012d8   Section        0  exti.o(i.EXTI_Pin_config)
    i.EXTI_line_config                       0x08001344   Section        0  exti.o(i.EXTI_line_config)
    i.GPIO_Init                              0x080013ee   Section        0  stm32f4xx_gpio.o(i.GPIO_Init)
    i.GPIO_PinAFConfig                       0x0800147e   Section        0  stm32f4xx_gpio.o(i.GPIO_PinAFConfig)
    i.GPIO_ResetBits                         0x080014c4   Section        0  stm32f4xx_gpio.o(i.GPIO_ResetBits)
    i.GPIO_SetBits                           0x080014c8   Section        0  stm32f4xx_gpio.o(i.GPIO_SetBits)
    i.GPIO_ToggleBits                        0x080014cc   Section        0  stm32f4xx_gpio.o(i.GPIO_ToggleBits)
    i.GPIO_WriteBit                          0x080014d4   Section        0  stm32f4xx_gpio.o(i.GPIO_WriteBit)
    i.NVIC_Init                              0x080014e0   Section        0  misc.o(i.NVIC_Init)
    i.RCC_AHB1PeriphClockCmd                 0x08001558   Section        0  stm32f4xx_rcc.o(i.RCC_AHB1PeriphClockCmd)
    i.RCC_APB1PeriphClockCmd                 0x08001578   Section        0  stm32f4xx_rcc.o(i.RCC_APB1PeriphClockCmd)
    i.RCC_APB2PeriphClockCmd                 0x08001598   Section        0  stm32f4xx_rcc.o(i.RCC_APB2PeriphClockCmd)
    i.RCC_APB2PeriphResetCmd                 0x080015b8   Section        0  stm32f4xx_rcc.o(i.RCC_APB2PeriphResetCmd)
    i.RCC_GetClocksFreq                      0x080015d8   Section        0  stm32f4xx_rcc.o(i.RCC_GetClocksFreq)
    i.STATUS_pin_peripheral_config           0x080016c0   Section        0  status.o(i.STATUS_pin_peripheral_config)
    i.SYSCFG_EXTILineConfig                  0x080016f4   Section        0  stm32f4xx_syscfg.o(i.SYSCFG_EXTILineConfig)
    i.SetSysClock                            0x08001734   Section        0  system_stm32f4xx.o(i.SetSysClock)
    SetSysClock                              0x08001735   Thumb Code   220  system_stm32f4xx.o(i.SetSysClock)
    i.SysTick_Handler                        0x08001820   Section        0  delay.o(i.SysTick_Handler)
    i.SystemInit                             0x08001838   Section        0  system_stm32f4xx.o(i.SystemInit)
    i.TIM2_IRQHandler                        0x080018a0   Section        0  main.o(i.TIM2_IRQHandler)
    i.TIMER_interupt_config                  0x08001960   Section        0  timer.o(i.TIMER_interupt_config)
    i.TIM_ClearITPendingBit                  0x080019d8   Section        0  stm32f4xx_tim.o(i.TIM_ClearITPendingBit)
    i.TIM_Cmd                                0x080019de   Section        0  stm32f4xx_tim.o(i.TIM_Cmd)
    i.TIM_GetITStatus                        0x080019f6   Section        0  stm32f4xx_tim.o(i.TIM_GetITStatus)
    i.TIM_ITConfig                           0x08001a18   Section        0  stm32f4xx_tim.o(i.TIM_ITConfig)
    i.TIM_TimeBaseInit                       0x08001a2c   Section        0  stm32f4xx_tim.o(i.TIM_TimeBaseInit)
    i.UART_init_config                       0x08001ab0   Section        0  uart.o(i.UART_init_config)
    i.UART_pin_config                        0x08001b1c   Section        0  uart.o(i.UART_pin_config)
    i.USART_Cmd                              0x08001b64   Section        0  stm32f4xx_usart.o(i.USART_Cmd)
    i.USART_ITConfig                         0x08001b7c   Section        0  stm32f4xx_usart.o(i.USART_ITConfig)
    i.USART_Init                             0x08001bc8   Section        0  stm32f4xx_usart.o(i.USART_Init)
    i._sys_close                             0x08001c9c   Section        0  retarget_io.o(i._sys_close)
    i._sys_flen                              0x08001cc2   Section        0  retarget_io.o(i._sys_flen)
    i._sys_istty                             0x08001ce6   Section        0  retarget_io.o(i._sys_istty)
    i._sys_open                              0x08001d0c   Section        0  retarget_io.o(i._sys_open)
    i._sys_seek                              0x08001d74   Section        0  retarget_io.o(i._sys_seek)
    i._sys_write                             0x08001da0   Section        0  retarget_io.o(i._sys_write)
    i.fputc                                  0x08001df8   Section        0  main.o(i.fputc)
    i.main                                   0x08001e30   Section        0  main.o(i.main)
    i.stderr_putchar                         0x08001e80   Section        0  retarget_io.o(i.stderr_putchar)
    stderr_putchar                           0x08001e81   Thumb Code     4  retarget_io.o(i.stderr_putchar)
    i.stdout_putchar                         0x08001e84   Section        0  retarget_io.o(i.stdout_putchar)
    stdout_putchar                           0x08001e85   Thumb Code     4  retarget_io.o(i.stdout_putchar)
    i.timetick_configure                     0x08001e88   Section        0  delay.o(i.timetick_configure)
    x$fpl$fpinit                             0x08001ef0   Section       10  fpinit.o(x$fpl$fpinit)
    $v0                                      0x08001ef0   Number         0  fpinit.o(x$fpl$fpinit)
    .constdata                               0x08001efa   Section       23  retarget_io.o(.constdata)
    .data                                    0x20000000   Section       20  system_stm32f4xx.o(.data)
    .data                                    0x20000014   Section      171  main.o(.data)
    TimingDelay                              0x20000014   Data           4  main.o(.data)
    .data                                    0x200000bf   Section       16  stm32f4xx_rcc.o(.data)
    APBAHBPrescTable                         0x200000bf   Data          16  stm32f4xx_rcc.o(.data)
    .data                                    0x200000d0   Section        4  delay.o(.data)
    TimingDelay                              0x200000d0   Data           4  delay.o(.data)
    .data                                    0x200000d4   Section        4  stdio_streams.o(.data)
    .data                                    0x200000d8   Section        4  stdio_streams.o(.data)
    .data                                    0x200000dc   Section        4  stdio_streams.o(.data)
    .bss                                     0x200000e0   Section     1128  main.o(.bss)
    .bss                                     0x20000548   Section       84  stdio_streams.o(.bss)
    .bss                                     0x2000059c   Section       84  stdio_streams.o(.bss)
    .bss                                     0x200005f0   Section       84  stdio_streams.o(.bss)
    .bss                                     0x20000644   Section       96  libspace.o(.bss)
    HEAP                                     0x200006a8   Section      512  startup_stm32f40_41xxx.o(HEAP)
    Heap_Mem                                 0x200006a8   Data         512  startup_stm32f40_41xxx.o(HEAP)
    STACK                                    0x200008a8   Section     1024  startup_stm32f40_41xxx.o(STACK)
    Stack_Mem                                0x200008a8   Data        1024  startup_stm32f40_41xxx.o(STACK)
    __initial_sp                             0x20000ca8   Data           0  startup_stm32f40_41xxx.o(STACK)

    Global Symbols

    Symbol Name                              Value     Ov Type        Size  Object(Section)

    BuildAttributes$$THM_ISAv4$E$P$D$K$B$S$7EM$VFPi3$EXTD16$VFPS$VFMA$PE$A:L22UL41UL21$X:L11$S22US41US21$IEEE1$IW$USESV6$~STKCKD$USESV7$~SHL$OTIME$ROPI$EBA8$UX$STANDARDLIB$REQ8$PRES8$EABIv2 0x00000000   Number         0  anon$$obj.o ABSOLUTE
    __ARM_use_no_argv                        0x00000000   Number         0  main.o ABSOLUTE
    __ARM_exceptions_init                     - Undefined Weak Reference
    __alloca_initialize                       - Undefined Weak Reference
    __arm_preinit_                            - Undefined Weak Reference
    __cpp_initialize__aeabi_                  - Undefined Weak Reference
    __cxa_finalize                            - Undefined Weak Reference
    __rt_locale                               - Undefined Weak Reference
    __sigvec_lookup                           - Undefined Weak Reference
    __user_heap_extent                        - Undefined Weak Reference
    _atexit_init                              - Undefined Weak Reference
    _call_atexit_fns                          - Undefined Weak Reference
    _clock_init                               - Undefined Weak Reference
    _fp_trap_init                             - Undefined Weak Reference
    _fp_trap_shutdown                         - Undefined Weak Reference
    _get_lc_collate                           - Undefined Weak Reference
    _get_lc_ctype                             - Undefined Weak Reference
    _get_lc_monetary                          - Undefined Weak Reference
    _get_lc_numeric                           - Undefined Weak Reference
    _get_lc_time                              - Undefined Weak Reference
    _getenv_init                              - Undefined Weak Reference
    _handle_redirection                       - Undefined Weak Reference
    _mutex_acquire                            - Undefined Weak Reference
    _mutex_free                               - Undefined Weak Reference
    _mutex_release                            - Undefined Weak Reference
    _rand_init                                - Undefined Weak Reference
    _signal_finish                            - Undefined Weak Reference
    _signal_init                              - Undefined Weak Reference
    __Vectors_Size                           0x00000188   Number         0  startup_stm32f40_41xxx.o ABSOLUTE
    __Vectors                                0x08000000   Data           4  startup_stm32f40_41xxx.o(RESET)
    __Vectors_End                            0x08000188   Data           0  startup_stm32f40_41xxx.o(RESET)
    __main                                   0x08000189   Thumb Code     8  __main.o(!!!main)
    __scatterload                            0x08000191   Thumb Code     0  __scatter.o(!!!scatter)
    __scatterload_rt2                        0x08000191   Thumb Code    44  __scatter.o(!!!scatter)
    __scatterload_rt2_thumb_only             0x08000191   Thumb Code     0  __scatter.o(!!!scatter)
    __scatterload_null                       0x0800019f   Thumb Code     0  __scatter.o(!!!scatter)
    __scatterload_copy                       0x080001c5   Thumb Code    26  __scatter_copy.o(!!handler_copy)
    __scatterload_zeroinit                   0x080001e1   Thumb Code    28  __scatter_zi.o(!!handler_zi)
    __rt_lib_init                            0x080001fd   Thumb Code     0  libinit.o(.ARM.Collect$$libinit$$00000000)
    __rt_lib_init_fp_1                       0x080001ff   Thumb Code     0  libinit2.o(.ARM.Collect$$libinit$$00000001)
    __rt_lib_init_heap_2                     0x08000203   Thumb Code     0  libinit2.o(.ARM.Collect$$libinit$$00000005)
    __rt_lib_init_preinit_1                  0x08000203   Thumb Code     0  libinit2.o(.ARM.Collect$$libinit$$00000004)
    __rt_lib_init_atexit_1                   0x0800020b   Thumb Code     0  libinit2.o(.ARM.Collect$$libinit$$0000001B)
    __rt_lib_init_clock_1                    0x0800020b   Thumb Code     0  libinit2.o(.ARM.Collect$$libinit$$00000021)
    __rt_lib_init_fp_trap_1                  0x0800020b   Thumb Code     0  libinit2.o(.ARM.Collect$$libinit$$0000001F)
    __rt_lib_init_getenv_1                   0x0800020b   Thumb Code     0  libinit2.o(.ARM.Collect$$libinit$$00000023)
    __rt_lib_init_heap_1                     0x0800020b   Thumb Code     0  libinit2.o(.ARM.Collect$$libinit$$0000000A)
    __rt_lib_init_lc_collate_1               0x0800020b   Thumb Code     0  libinit2.o(.ARM.Collect$$libinit$$00000011)
    __rt_lib_init_lc_ctype_1                 0x0800020b   Thumb Code     0  libinit2.o(.ARM.Collect$$libinit$$00000013)
    __rt_lib_init_lc_monetary_1              0x0800020b   Thumb Code     0  libinit2.o(.ARM.Collect$$libinit$$00000015)
    __rt_lib_init_lc_numeric_1               0x0800020b   Thumb Code     0  libinit2.o(.ARM.Collect$$libinit$$00000017)
    __rt_lib_init_lc_time_1                  0x0800020b   Thumb Code     0  libinit2.o(.ARM.Collect$$libinit$$00000019)
    __rt_lib_init_rand_1                     0x0800020b   Thumb Code     0  libinit2.o(.ARM.Collect$$libinit$$0000000E)
    __rt_lib_init_signal_1                   0x0800020b   Thumb Code     0  libinit2.o(.ARM.Collect$$libinit$$0000001D)
    __rt_lib_init_stdio_2                    0x0800020b   Thumb Code     0  libinit2.o(.ARM.Collect$$libinit$$00000024)
    __rt_lib_init_user_alloc_1               0x0800020b   Thumb Code     0  libinit2.o(.ARM.Collect$$libinit$$0000000C)
    __rt_lib_init_alloca_1                   0x0800020f   Thumb Code     0  libinit2.o(.ARM.Collect$$libinit$$0000002E)
    __rt_lib_init_argv_1                     0x0800020f   Thumb Code     0  libinit2.o(.ARM.Collect$$libinit$$0000002C)
    __rt_lib_init_cpp_1                      0x0800020f   Thumb Code     0  libinit2.o(.ARM.Collect$$libinit$$00000032)
    __rt_lib_init_exceptions_1               0x0800020f   Thumb Code     0  libinit2.o(.ARM.Collect$$libinit$$00000030)
    __rt_lib_init_return                     0x0800020f   Thumb Code     0  libinit2.o(.ARM.Collect$$libinit$$00000033)
    __rt_lib_init_stdio_1                    0x0800020f   Thumb Code     0  libinit2.o(.ARM.Collect$$libinit$$00000025)
    __rt_lib_shutdown                        0x08000211   Thumb Code     0  libshutdown.o(.ARM.Collect$$libshutdown$$00000000)
    __rt_lib_shutdown_cpp_1                  0x08000213   Thumb Code     0  libshutdown2.o(.ARM.Collect$$libshutdown$$00000002)
    __rt_lib_shutdown_stdio_2                0x08000213   Thumb Code     0  libshutdown2.o(.ARM.Collect$$libshutdown$$00000003)
    __rt_lib_shutdown_fp_trap_1              0x08000217   Thumb Code     0  libshutdown2.o(.ARM.Collect$$libshutdown$$00000007)
    __rt_lib_shutdown_heap_1                 0x08000217   Thumb Code     0  libshutdown2.o(.ARM.Collect$$libshutdown$$0000000F)
    __rt_lib_shutdown_return                 0x08000217   Thumb Code     0  libshutdown2.o(.ARM.Collect$$libshutdown$$00000010)
    __rt_lib_shutdown_signal_1               0x08000217   Thumb Code     0  libshutdown2.o(.ARM.Collect$$libshutdown$$0000000A)
    __rt_lib_shutdown_stdio_1                0x08000217   Thumb Code     0  libshutdown2.o(.ARM.Collect$$libshutdown$$00000004)
    __rt_lib_shutdown_user_alloc_1           0x08000217   Thumb Code     0  libshutdown2.o(.ARM.Collect$$libshutdown$$0000000C)
    __rt_entry                               0x08000219   Thumb Code     0  __rtentry.o(.ARM.Collect$$rtentry$$00000000)
    __rt_entry_presh_1                       0x08000219   Thumb Code     0  __rtentry2.o(.ARM.Collect$$rtentry$$00000002)
    __rt_entry_sh                            0x08000219   Thumb Code     0  __rtentry4.o(.ARM.Collect$$rtentry$$00000004)
    __rt_entry_li                            0x0800021f   Thumb Code     0  __rtentry2.o(.ARM.Collect$$rtentry$$0000000A)
    __rt_entry_postsh_1                      0x0800021f   Thumb Code     0  __rtentry2.o(.ARM.Collect$$rtentry$$00000009)
    __rt_entry_main                          0x08000223   Thumb Code     0  __rtentry2.o(.ARM.Collect$$rtentry$$0000000D)
    __rt_entry_postli_1                      0x08000223   Thumb Code     0  __rtentry2.o(.ARM.Collect$$rtentry$$0000000C)
    __rt_exit                                0x0800022b   Thumb Code     0  rtexit.o(.ARM.Collect$$rtexit$$00000000)
    __rt_exit_ls                             0x0800022d   Thumb Code     0  rtexit2.o(.ARM.Collect$$rtexit$$00000003)
    __rt_exit_prels_1                        0x0800022d   Thumb Code     0  rtexit2.o(.ARM.Collect$$rtexit$$00000002)
    __rt_exit_exit                           0x08000231   Thumb Code     0  rtexit2.o(.ARM.Collect$$rtexit$$00000004)
    Reset_Handler                            0x08000239   Thumb Code     8  startup_stm32f40_41xxx.o(.text)
    _maybe_terminate_alloc                   0x08000239   Thumb Code     0  maybetermalloc1.o(.emb_text)
    NMI_Handler                              0x08000241   Thumb Code     2  startup_stm32f40_41xxx.o(.text)
    HardFault_Handler                        0x08000243   Thumb Code     2  startup_stm32f40_41xxx.o(.text)
    MemManage_Handler                        0x08000245   Thumb Code     2  startup_stm32f40_41xxx.o(.text)
    BusFault_Handler                         0x08000247   Thumb Code     2  startup_stm32f40_41xxx.o(.text)
    UsageFault_Handler                       0x08000249   Thumb Code     2  startup_stm32f40_41xxx.o(.text)
    SVC_Handler                              0x0800024b   Thumb Code     2  startup_stm32f40_41xxx.o(.text)
    DebugMon_Handler                         0x0800024d   Thumb Code     2  startup_stm32f40_41xxx.o(.text)
    PendSV_Handler                           0x0800024f   Thumb Code     2  startup_stm32f40_41xxx.o(.text)
    ADC_IRQHandler                           0x08000253   Thumb Code     0  startup_stm32f40_41xxx.o(.text)
    CAN1_RX0_IRQHandler                      0x08000253   Thumb Code     0  startup_stm32f40_41xxx.o(.text)
    CAN1_RX1_IRQHandler                      0x08000253   Thumb Code     0  startup_stm32f40_41xxx.o(.text)
    CAN1_SCE_IRQHandler                      0x08000253   Thumb Code     0  startup_stm32f40_41xxx.o(.text)
    CAN1_TX_IRQHandler                       0x08000253   Thumb Code     0  startup_stm32f40_41xxx.o(.text)
    CAN2_RX0_IRQHandler                      0x08000253   Thumb Code     0  startup_stm32f40_41xxx.o(.text)
    CAN2_RX1_IRQHandler                      0x08000253   Thumb Code     0  startup_stm32f40_41xxx.o(.text)
    CAN2_SCE_IRQHandler                      0x08000253   Thumb Code     0  startup_stm32f40_41xxx.o(.text)
    CAN2_TX_IRQHandler                       0x08000253   Thumb Code     0  startup_stm32f40_41xxx.o(.text)
    CRYP_IRQHandler                          0x08000253   Thumb Code     0  startup_stm32f40_41xxx.o(.text)
    DCMI_IRQHandler                          0x08000253   Thumb Code     0  startup_stm32f40_41xxx.o(.text)
    DMA1_Stream0_IRQHandler                  0x08000253   Thumb Code     0  startup_stm32f40_41xxx.o(.text)
    DMA1_Stream1_IRQHandler                  0x08000253   Thumb Code     0  startup_stm32f40_41xxx.o(.text)
    DMA1_Stream2_IRQHandler                  0x08000253   Thumb Code     0  startup_stm32f40_41xxx.o(.text)
    DMA1_Stream3_IRQHandler                  0x08000253   Thumb Code     0  startup_stm32f40_41xxx.o(.text)
    DMA1_Stream4_IRQHandler                  0x08000253   Thumb Code     0  startup_stm32f40_41xxx.o(.text)
    DMA1_Stream5_IRQHandler                  0x08000253   Thumb Code     0  startup_stm32f40_41xxx.o(.text)
    DMA1_Stream6_IRQHandler                  0x08000253   Thumb Code     0  startup_stm32f40_41xxx.o(.text)
    DMA1_Stream7_IRQHandler                  0x08000253   Thumb Code     0  startup_stm32f40_41xxx.o(.text)
    DMA2_Stream0_IRQHandler                  0x08000253   Thumb Code     0  startup_stm32f40_41xxx.o(.text)
    DMA2_Stream1_IRQHandler                  0x08000253   Thumb Code     0  startup_stm32f40_41xxx.o(.text)
    DMA2_Stream2_IRQHandler                  0x08000253   Thumb Code     0  startup_stm32f40_41xxx.o(.text)
    DMA2_Stream3_IRQHandler                  0x08000253   Thumb Code     0  startup_stm32f40_41xxx.o(.text)
    DMA2_Stream4_IRQHandler                  0x08000253   Thumb Code     0  startup_stm32f40_41xxx.o(.text)
    DMA2_Stream5_IRQHandler                  0x08000253   Thumb Code     0  startup_stm32f40_41xxx.o(.text)
    DMA2_Stream6_IRQHandler                  0x08000253   Thumb Code     0  startup_stm32f40_41xxx.o(.text)
    DMA2_Stream7_IRQHandler                  0x08000253   Thumb Code     0  startup_stm32f40_41xxx.o(.text)
    ETH_IRQHandler                           0x08000253   Thumb Code     0  startup_stm32f40_41xxx.o(.text)
    ETH_WKUP_IRQHandler                      0x08000253   Thumb Code     0  startup_stm32f40_41xxx.o(.text)
    EXTI15_10_IRQHandler                     0x08000253   Thumb Code     0  startup_stm32f40_41xxx.o(.text)
    FLASH_IRQHandler                         0x08000253   Thumb Code     0  startup_stm32f40_41xxx.o(.text)
    FPU_IRQHandler                           0x08000253   Thumb Code     0  startup_stm32f40_41xxx.o(.text)
    FSMC_IRQHandler                          0x08000253   Thumb Code     0  startup_stm32f40_41xxx.o(.text)
    HASH_RNG_IRQHandler                      0x08000253   Thumb Code     0  startup_stm32f40_41xxx.o(.text)
    I2C1_ER_IRQHandler                       0x08000253   Thumb Code     0  startup_stm32f40_41xxx.o(.text)
    I2C1_EV_IRQHandler                       0x08000253   Thumb Code     0  startup_stm32f40_41xxx.o(.text)
    I2C2_ER_IRQHandler                       0x08000253   Thumb Code     0  startup_stm32f40_41xxx.o(.text)
    I2C2_EV_IRQHandler                       0x08000253   Thumb Code     0  startup_stm32f40_41xxx.o(.text)
    I2C3_ER_IRQHandler                       0x08000253   Thumb Code     0  startup_stm32f40_41xxx.o(.text)
    I2C3_EV_IRQHandler                       0x08000253   Thumb Code     0  startup_stm32f40_41xxx.o(.text)
    OTG_FS_IRQHandler                        0x08000253   Thumb Code     0  startup_stm32f40_41xxx.o(.text)
    OTG_FS_WKUP_IRQHandler                   0x08000253   Thumb Code     0  startup_stm32f40_41xxx.o(.text)
    OTG_HS_EP1_IN_IRQHandler                 0x08000253   Thumb Code     0  startup_stm32f40_41xxx.o(.text)
    OTG_HS_EP1_OUT_IRQHandler                0x08000253   Thumb Code     0  startup_stm32f40_41xxx.o(.text)
    OTG_HS_IRQHandler                        0x08000253   Thumb Code     0  startup_stm32f40_41xxx.o(.text)
    OTG_HS_WKUP_IRQHandler                   0x08000253   Thumb Code     0  startup_stm32f40_41xxx.o(.text)
    PVD_IRQHandler                           0x08000253   Thumb Code     0  startup_stm32f40_41xxx.o(.text)
    RCC_IRQHandler                           0x08000253   Thumb Code     0  startup_stm32f40_41xxx.o(.text)
    RTC_Alarm_IRQHandler                     0x08000253   Thumb Code     0  startup_stm32f40_41xxx.o(.text)
    RTC_WKUP_IRQHandler                      0x08000253   Thumb Code     0  startup_stm32f40_41xxx.o(.text)
    SDIO_IRQHandler                          0x08000253   Thumb Code     0  startup_stm32f40_41xxx.o(.text)
    SPI1_IRQHandler                          0x08000253   Thumb Code     0  startup_stm32f40_41xxx.o(.text)
    SPI2_IRQHandler                          0x08000253   Thumb Code     0  startup_stm32f40_41xxx.o(.text)
    SPI3_IRQHandler                          0x08000253   Thumb Code     0  startup_stm32f40_41xxx.o(.text)
    TAMP_STAMP_IRQHandler                    0x08000253   Thumb Code     0  startup_stm32f40_41xxx.o(.text)
    TIM1_BRK_TIM9_IRQHandler                 0x08000253   Thumb Code     0  startup_stm32f40_41xxx.o(.text)
    TIM1_CC_IRQHandler                       0x08000253   Thumb Code     0  startup_stm32f40_41xxx.o(.text)
    TIM1_TRG_COM_TIM11_IRQHandler            0x08000253   Thumb Code     0  startup_stm32f40_41xxx.o(.text)
    TIM1_UP_TIM10_IRQHandler                 0x08000253   Thumb Code     0  startup_stm32f40_41xxx.o(.text)
    TIM3_IRQHandler                          0x08000253   Thumb Code     0  startup_stm32f40_41xxx.o(.text)
    TIM4_IRQHandler                          0x08000253   Thumb Code     0  startup_stm32f40_41xxx.o(.text)
    TIM5_IRQHandler                          0x08000253   Thumb Code     0  startup_stm32f40_41xxx.o(.text)
    TIM6_DAC_IRQHandler                      0x08000253   Thumb Code     0  startup_stm32f40_41xxx.o(.text)
    TIM7_IRQHandler                          0x08000253   Thumb Code     0  startup_stm32f40_41xxx.o(.text)
    TIM8_BRK_TIM12_IRQHandler                0x08000253   Thumb Code     0  startup_stm32f40_41xxx.o(.text)
    TIM8_CC_IRQHandler                       0x08000253   Thumb Code     0  startup_stm32f40_41xxx.o(.text)
    TIM8_TRG_COM_TIM14_IRQHandler            0x08000253   Thumb Code     0  startup_stm32f40_41xxx.o(.text)
    TIM8_UP_TIM13_IRQHandler                 0x08000253   Thumb Code     0  startup_stm32f40_41xxx.o(.text)
    UART4_IRQHandler                         0x08000253   Thumb Code     0  startup_stm32f40_41xxx.o(.text)
    UART5_IRQHandler                         0x08000253   Thumb Code     0  startup_stm32f40_41xxx.o(.text)
    USART1_IRQHandler                        0x08000253   Thumb Code     0  startup_stm32f40_41xxx.o(.text)
    USART2_IRQHandler                        0x08000253   Thumb Code     0  startup_stm32f40_41xxx.o(.text)
    USART3_IRQHandler                        0x08000253   Thumb Code     0  startup_stm32f40_41xxx.o(.text)
    USART6_IRQHandler                        0x08000253   Thumb Code     0  startup_stm32f40_41xxx.o(.text)
    WWDG_IRQHandler                          0x08000253   Thumb Code     0  startup_stm32f40_41xxx.o(.text)
    __user_initial_stackheap                 0x08000255   Thumb Code     0  startup_stm32f40_41xxx.o(.text)
    __2printf                                0x08000279   Thumb Code    20  noretval__2printf.o(.text)
    strcmp                                   0x08000291   Thumb Code   128  strcmpv7m.o(.text)
    __use_two_region_memory                  0x08000311   Thumb Code     2  heapauxi.o(.text)
    __rt_heap_escrow                         0x08000313   Thumb Code     2  heapauxi.o(.text)
    __rt_heap_expand                         0x08000315   Thumb Code     2  heapauxi.o(.text)
    _printf_char_file                        0x08000319   Thumb Code    32  _printf_char_file.o(.text)
    _printf_char_common                      0x08000347   Thumb Code    32  _printf_char_common.o(.text)
    ferror                                   0x0800036d   Thumb Code     8  ferror.o(.text)
    _initio                                  0x08000375   Thumb Code   210  initio.o(.text)
    _terminateio                             0x08000447   Thumb Code    56  initio.o(.text)
    __user_setup_stackheap                   0x080004ad   Thumb Code    74  sys_stackheap_outer.o(.text)
    free                                     0x080004f7   Thumb Code    78  h1_free.o(.text)
    __printf                                 0x08000545   Thumb Code    40  __printf_nopercent.o(.text)
    setvbuf                                  0x0800056d   Thumb Code    70  setvbuf.o(.text)
    freopen                                  0x080005b5   Thumb Code   158  fopen.o(.text)
    fopen                                    0x08000653   Thumb Code    74  fopen.o(.text)
    _fclose_internal                         0x080006a1   Thumb Code    76  fclose.o(.text)
    fclose                                   0x080006a1   Thumb Code     0  fclose.o(.text)
    exit                                     0x080006ed   Thumb Code    18  exit.o(.text)
    __rt_SIGRTRED                            0x080006ff   Thumb Code    14  defsig_rtred_outer.o(.text)
    __aeabi_memclr4                          0x0800070d   Thumb Code     0  rt_memclr_w.o(.text)
    __aeabi_memclr8                          0x0800070d   Thumb Code     0  rt_memclr_w.o(.text)
    __rt_memclr_w                            0x0800070d   Thumb Code    78  rt_memclr_w.o(.text)
    _memset_w                                0x08000711   Thumb Code     0  rt_memclr_w.o(.text)
    __user_libspace                          0x0800075d   Thumb Code     8  libspace.o(.text)
    __user_perproc_libspace                  0x0800075d   Thumb Code     0  libspace.o(.text)
    __user_perthread_libspace                0x0800075d   Thumb Code     0  libspace.o(.text)
    __rt_heap_descriptor                     0x08000765   Thumb Code     8  rt_heap_descriptor_intlibspace.o(.text)
    __use_no_heap                            0x0800076d   Thumb Code     2  hguard.o(.text)
    __heap$guard                             0x0800076f   Thumb Code     2  hguard.o(.text)
    _terminate_user_alloc                    0x08000771   Thumb Code     2  init_alloc.o(.text)
    _init_user_alloc                         0x08000773   Thumb Code     2  init_alloc.o(.text)
    __Heap_Full                              0x08000775   Thumb Code    34  init_alloc.o(.text)
    __Heap_Broken                            0x08000797   Thumb Code     6  init_alloc.o(.text)
    _init_alloc                              0x0800079d   Thumb Code    94  init_alloc.o(.text)
    malloc                                   0x080007fb   Thumb Code    94  h1_alloc.o(.text)
    _fseek                                   0x08000859   Thumb Code   242  fseek.o(.text)
    fseek                                    0x08000859   Thumb Code     0  fseek.o(.text)
    _seterr                                  0x08000951   Thumb Code    20  stdio.o(.text)
    _writebuf                                0x08000965   Thumb Code    84  stdio.o(.text)
    _fflush                                  0x080009b9   Thumb Code    70  stdio.o(.text)
    _deferredlazyseek                        0x080009ff   Thumb Code    60  stdio.o(.text)
    __sig_exit                               0x08000a41   Thumb Code    10  defsig_exit.o(.text)
    __rt_SIGRTRED_inner                      0x08000a4d   Thumb Code    14  defsig_rtred_inner.o(.text)
    _sys_exit                                0x08000a81   Thumb Code     8  sys_exit.o(.text)
    __Heap_Initialize                        0x08000a8d   Thumb Code    10  h1_init.o(.text)
    __Heap_DescSize                          0x08000a97   Thumb Code     4  h1_init.o(.text)
    __Heap_ProvideMemory                     0x08000a9b   Thumb Code    52  h1_extend.o(.text)
    _ftell_internal                          0x08000acf   Thumb Code    66  ftell.o(.text)
    ftell                                    0x08000acf   Thumb Code     0  ftell.o(.text)
    __default_signal_display                 0x08000b11   Thumb Code    50  defsig_general.o(.text)
    __rt_SIGRTMEM                            0x08000b43   Thumb Code    14  defsig_rtmem_outer.o(.text)
    _ttywrch                                 0x08000b51   Thumb Code    14  sys_wrch.o(.text)
    __I$use$semihosting                      0x08000b5f   Thumb Code     0  use_no_semi.o(.text)
    __use_no_semihosting_swi                 0x08000b5f   Thumb Code     2  use_no_semi.o(.text)
    __aeabi_errno_addr                       0x08000b61   Thumb Code     8  rt_errno_addr_intlibspace.o(.text)
    __errno$intlibspace                      0x08000b61   Thumb Code     0  rt_errno_addr_intlibspace.o(.text)
    __rt_errno_addr$intlibspace              0x08000b61   Thumb Code     0  rt_errno_addr_intlibspace.o(.text)
    __semihosting_library_function           0x08000b61   Thumb Code     0  indicate_semi.o(.text)
    __rt_SIGRTMEM_inner                      0x08000b69   Thumb Code    22  defsig_rtmem_inner.o(.text)
    ADC_Cmd                                  0x08000bb9   Thumb Code    22  stm32f4xx_adc.o(i.ADC_Cmd)
    ADC_DeInit                               0x08000bcf   Thumb Code    22  stm32f4xx_adc.o(i.ADC_DeInit)
    ADC_GetConversionValue                   0x08000be5   Thumb Code     8  stm32f4xx_adc.o(i.ADC_GetConversionValue)
    ADC_GetFlagStatus                        0x08000bed   Thumb Code    18  stm32f4xx_adc.o(i.ADC_GetFlagStatus)
    ADC_Init                                 0x08000c01   Thumb Code    74  stm32f4xx_adc.o(i.ADC_Init)
    ADC_RegularChannelConfig                 0x08000c55   Thumb Code   184  stm32f4xx_adc.o(i.ADC_RegularChannelConfig)
    ADC_SoftwareStartConv                    0x08000d0d   Thumb Code    10  stm32f4xx_adc.o(i.ADC_SoftwareStartConv)
    ADC_get_value_voltage                    0x08000d19   Thumb Code   124  adc.o(i.ADC_get_value_voltage)
    ADC_get_voltage_from_channel             0x08000d9d   Thumb Code   108  adc.o(i.ADC_get_voltage_from_channel)
    ADC_pin_config                           0x08000e19   Thumb Code   138  adc.o(i.ADC_pin_config)
    ADC_pin_select_config                    0x08000eb1   Thumb Code    70  adc.o(i.ADC_pin_select_config)
    ADC_select_channel                       0x08000f01   Thumb Code   156  adc.o(i.ADC_select_channel)
    Dellay_us                                0x08000fad   Thumb Code    64  delay.o(i.Dellay_us)
    EXTI0_IRQHandler                         0x08000ff1   Thumb Code    60  main.o(i.EXTI0_IRQHandler)
    EXTI1_IRQHandler                         0x08001051   Thumb Code    60  main.o(i.EXTI1_IRQHandler)
    EXTI2_IRQHandler                         0x080010b1   Thumb Code    60  main.o(i.EXTI2_IRQHandler)
    EXTI3_IRQHandler                         0x08001111   Thumb Code    60  main.o(i.EXTI3_IRQHandler)
    EXTI4_IRQHandler                         0x08001171   Thumb Code    60  main.o(i.EXTI4_IRQHandler)
    EXTI9_5_IRQHandler                       0x080011c9   Thumb Code    60  main.o(i.EXTI9_5_IRQHandler)
    EXTI_ClearITPendingBit                   0x08001221   Thumb Code     6  stm32f4xx_exti.o(i.EXTI_ClearITPendingBit)
    EXTI_GetITStatus                         0x0800122d   Thumb Code    20  stm32f4xx_exti.o(i.EXTI_GetITStatus)
    EXTI_Init                                0x08001245   Thumb Code   142  stm32f4xx_exti.o(i.EXTI_Init)
    EXTI_Pin_config                          0x080012d9   Thumb Code   104  exti.o(i.EXTI_Pin_config)
    EXTI_line_config                         0x08001345   Thumb Code   170  exti.o(i.EXTI_line_config)
    GPIO_Init                                0x080013ef   Thumb Code   144  stm32f4xx_gpio.o(i.GPIO_Init)
    GPIO_PinAFConfig                         0x0800147f   Thumb Code    70  stm32f4xx_gpio.o(i.GPIO_PinAFConfig)
    GPIO_ResetBits                           0x080014c5   Thumb Code     4  stm32f4xx_gpio.o(i.GPIO_ResetBits)
    GPIO_SetBits                             0x080014c9   Thumb Code     4  stm32f4xx_gpio.o(i.GPIO_SetBits)
    GPIO_ToggleBits                          0x080014cd   Thumb Code     8  stm32f4xx_gpio.o(i.GPIO_ToggleBits)
    GPIO_WriteBit                            0x080014d5   Thumb Code    10  stm32f4xx_gpio.o(i.GPIO_WriteBit)
    NVIC_Init                                0x080014e1   Thumb Code   106  misc.o(i.NVIC_Init)
    RCC_AHB1PeriphClockCmd                   0x08001559   Thumb Code    26  stm32f4xx_rcc.o(i.RCC_AHB1PeriphClockCmd)
    RCC_APB1PeriphClockCmd                   0x08001579   Thumb Code    26  stm32f4xx_rcc.o(i.RCC_APB1PeriphClockCmd)
    RCC_APB2PeriphClockCmd                   0x08001599   Thumb Code    26  stm32f4xx_rcc.o(i.RCC_APB2PeriphClockCmd)
    RCC_APB2PeriphResetCmd                   0x080015b9   Thumb Code    26  stm32f4xx_rcc.o(i.RCC_APB2PeriphResetCmd)
    RCC_GetClocksFreq                        0x080015d9   Thumb Code   214  stm32f4xx_rcc.o(i.RCC_GetClocksFreq)
    STATUS_pin_peripheral_config             0x080016c1   Thumb Code    46  status.o(i.STATUS_pin_peripheral_config)
    SYSCFG_EXTILineConfig                    0x080016f5   Thumb Code    60  stm32f4xx_syscfg.o(i.SYSCFG_EXTILineConfig)
    SysTick_Handler                          0x08001821   Thumb Code    18  delay.o(i.SysTick_Handler)
    SystemInit                               0x08001839   Thumb Code    88  system_stm32f4xx.o(i.SystemInit)
    TIM2_IRQHandler                          0x080018a1   Thumb Code   162  main.o(i.TIM2_IRQHandler)
    TIMER_interupt_config                    0x08001961   Thumb Code   108  timer.o(i.TIMER_interupt_config)
    TIM_ClearITPendingBit                    0x080019d9   Thumb Code     6  stm32f4xx_tim.o(i.TIM_ClearITPendingBit)
    TIM_Cmd                                  0x080019df   Thumb Code    24  stm32f4xx_tim.o(i.TIM_Cmd)
    TIM_GetITStatus                          0x080019f7   Thumb Code    34  stm32f4xx_tim.o(i.TIM_GetITStatus)
    TIM_ITConfig                             0x08001a19   Thumb Code    18  stm32f4xx_tim.o(i.TIM_ITConfig)
    TIM_TimeBaseInit                         0x08001a2d   Thumb Code   104  stm32f4xx_tim.o(i.TIM_TimeBaseInit)
    UART_init_config                         0x08001ab1   Thumb Code   104  uart.o(i.UART_init_config)
    UART_pin_config                          0x08001b1d   Thumb Code    68  uart.o(i.UART_pin_config)
    USART_Cmd                                0x08001b65   Thumb Code    24  stm32f4xx_usart.o(i.USART_Cmd)
    USART_ITConfig                           0x08001b7d   Thumb Code    74  stm32f4xx_usart.o(i.USART_ITConfig)
    USART_Init                               0x08001bc9   Thumb Code   204  stm32f4xx_usart.o(i.USART_Init)
    _sys_close                               0x08001c9d   Thumb Code    38  retarget_io.o(i._sys_close)
    _sys_flen                                0x08001cc3   Thumb Code    36  retarget_io.o(i._sys_flen)
    _sys_istty                               0x08001ce7   Thumb Code    36  retarget_io.o(i._sys_istty)
    _sys_open                                0x08001d0d   Thumb Code    80  retarget_io.o(i._sys_open)
    _sys_seek                                0x08001d75   Thumb Code    44  retarget_io.o(i._sys_seek)
    _sys_write                               0x08001da1   Thumb Code    88  retarget_io.o(i._sys_write)
    fputc                                    0x08001df9   Thumb Code    52  main.o(i.fputc)
    main                                     0x08001e31   Thumb Code    64  main.o(i.main)
    timetick_configure                       0x08001e89   Thumb Code    90  delay.o(i.timetick_configure)
    _fp_init                                 0x08001ef1   Thumb Code    10  fpinit.o(x$fpl$fpinit)
    __fplib_config_fpu_vfp                   0x08001ef9   Thumb Code     0  fpinit.o(x$fpl$fpinit)
    __fplib_config_pureend_doubles           0x08001ef9   Thumb Code     0  fpinit.o(x$fpl$fpinit)
    __stdin_name                             0x08001efa   Data           7  retarget_io.o(.constdata)
    __stdout_name                            0x08001f01   Data           8  retarget_io.o(.constdata)
    __stderr_name                            0x08001f09   Data           8  retarget_io.o(.constdata)
    Region$$Table$$Base                      0x08001f14   Number         0  anon$$obj.o(Region$$Table)
    Region$$Table$$Limit                     0x08001f34   Number         0  anon$$obj.o(Region$$Table)
    SystemCoreClock                          0x20000000   Data           4  system_stm32f4xx.o(.data)
    AHBPrescTable                            0x20000004   Data          16  system_stm32f4xx.o(.data)
    PIN_SELECT_MODULE1                       0x20000018   Data          10  main.o(.data)
    PIN_SELECT_MODULE2                       0x20000022   Data          10  main.o(.data)
    cnt                                      0x2000002c   Data           4  main.o(.data)
    battery_ratio                            0x20000030   Data          64  main.o(.data)
    temp_ratio                               0x20000070   Data          64  main.o(.data)
    temperature_ratio                        0x200000b0   Data           0  main.o(.data)
    index_rx_buffer                          0x200000b4   Data           4  main.o(.data)
    READ_ADC_FLAG                            0x200000b8   Data           1  main.o(.data)
    s_start_stop                             0x200000b9   Data           1  main.o(.data)
    s_load_charge                            0x200000ba   Data           1  main.o(.data)
    s_package1                               0x200000bb   Data           1  main.o(.data)
    s_package2                               0x200000bc   Data           1  main.o(.data)
    s_Fan1                                   0x200000bd   Data           1  main.o(.data)
    s_Fan2                                   0x200000be   Data           1  main.o(.data)
    __aeabi_stdin                            0x200000d4   Data           4  stdio_streams.o(.data)
    __aeabi_stdout                           0x200000d8   Data           4  stdio_streams.o(.data)
    __aeabi_stderr                           0x200000dc   Data           4  stdio_streams.o(.data)
    voltage_module1                          0x200000e0   Data          64  main.o(.bss)
    voltage_module2                          0x20000120   Data          64  main.o(.bss)
    RX_buffer                                0x20000160   Data        1000  main.o(.bss)
    __stdin                                  0x20000548   Data          84  stdio_streams.o(.bss)
    __stdout                                 0x2000059c   Data          84  stdio_streams.o(.bss)
    __stderr                                 0x200005f0   Data          84  stdio_streams.o(.bss)
    __libspace_start                         0x20000644   Data          96  libspace.o(.bss)
    __temporary_stack_top$libspace           0x200006a4   Data           0  libspace.o(.bss)



==============================================================================

Memory Map of the image

  Image Entry point : 0x08000189

  Load Region LR_IROM1 (Base: 0x08000000, Size: 0x00002014, Max: 0x00100000, ABSOLUTE)

    Execution Region ER_IROM1 (Exec base: 0x08000000, Load base: 0x08000000, Size: 0x00001f34, Max: 0x00100000, ABSOLUTE)

    Exec Addr    Load Addr    Size         Type   Attr      Idx    E Section Name        Object

    0x08000000   0x08000000   0x00000188   Data   RO         2282    RESET               startup_stm32f40_41xxx.o
    0x08000188   0x08000188   0x00000008   Code   RO         2382  * !!!main             c_w.l(__main.o)
    0x08000190   0x08000190   0x00000034   Code   RO         2695    !!!scatter          c_w.l(__scatter.o)
    0x080001c4   0x080001c4   0x0000001a   Code   RO         2697    !!handler_copy      c_w.l(__scatter_copy.o)
    0x080001de   0x080001de   0x00000002   PAD
    0x080001e0   0x080001e0   0x0000001c   Code   RO         2699    !!handler_zi        c_w.l(__scatter_zi.o)
    0x080001fc   0x080001fc   0x00000002   Code   RO         2504    .ARM.Collect$$libinit$$00000000  c_w.l(libinit.o)
    0x080001fe   0x080001fe   0x00000004   Code   RO         2505    .ARM.Collect$$libinit$$00000001  c_w.l(libinit2.o)
    0x08000202   0x08000202   0x00000000   Code   RO         2508    .ARM.Collect$$libinit$$00000004  c_w.l(libinit2.o)
    0x08000202   0x08000202   0x00000008   Code   RO         2509    .ARM.Collect$$libinit$$00000005  c_w.l(libinit2.o)
    0x0800020a   0x0800020a   0x00000000   Code   RO         2511    .ARM.Collect$$libinit$$0000000A  c_w.l(libinit2.o)
    0x0800020a   0x0800020a   0x00000000   Code   RO         2513    .ARM.Collect$$libinit$$0000000C  c_w.l(libinit2.o)
    0x0800020a   0x0800020a   0x00000000   Code   RO         2515    .ARM.Collect$$libinit$$0000000E  c_w.l(libinit2.o)
    0x0800020a   0x0800020a   0x00000000   Code   RO         2518    .ARM.Collect$$libinit$$00000011  c_w.l(libinit2.o)
    0x0800020a   0x0800020a   0x00000000   Code   RO         2520    .ARM.Collect$$libinit$$00000013  c_w.l(libinit2.o)
    0x0800020a   0x0800020a   0x00000000   Code   RO         2522    .ARM.Collect$$libinit$$00000015  c_w.l(libinit2.o)
    0x0800020a   0x0800020a   0x00000000   Code   RO         2524    .ARM.Collect$$libinit$$00000017  c_w.l(libinit2.o)
    0x0800020a   0x0800020a   0x00000000   Code   RO         2526    .ARM.Collect$$libinit$$00000019  c_w.l(libinit2.o)
    0x0800020a   0x0800020a   0x00000000   Code   RO         2528    .ARM.Collect$$libinit$$0000001B  c_w.l(libinit2.o)
    0x0800020a   0x0800020a   0x00000000   Code   RO         2530    .ARM.Collect$$libinit$$0000001D  c_w.l(libinit2.o)
    0x0800020a   0x0800020a   0x00000000   Code   RO         2532    .ARM.Collect$$libinit$$0000001F  c_w.l(libinit2.o)
    0x0800020a   0x0800020a   0x00000000   Code   RO         2534    .ARM.Collect$$libinit$$00000021  c_w.l(libinit2.o)
    0x0800020a   0x0800020a   0x00000000   Code   RO         2536    .ARM.Collect$$libinit$$00000023  c_w.l(libinit2.o)
    0x0800020a   0x0800020a   0x00000004   Code   RO         2537    .ARM.Collect$$libinit$$00000024  c_w.l(libinit2.o)
    0x0800020e   0x0800020e   0x00000000   Code   RO         2538    .ARM.Collect$$libinit$$00000025  c_w.l(libinit2.o)
    0x0800020e   0x0800020e   0x00000000   Code   RO         2542    .ARM.Collect$$libinit$$0000002C  c_w.l(libinit2.o)
    0x0800020e   0x0800020e   0x00000000   Code   RO         2544    .ARM.Collect$$libinit$$0000002E  c_w.l(libinit2.o)
    0x0800020e   0x0800020e   0x00000000   Code   RO         2546    .ARM.Collect$$libinit$$00000030  c_w.l(libinit2.o)
    0x0800020e   0x0800020e   0x00000000   Code   RO         2548    .ARM.Collect$$libinit$$00000032  c_w.l(libinit2.o)
    0x0800020e   0x0800020e   0x00000002   Code   RO         2549    .ARM.Collect$$libinit$$00000033  c_w.l(libinit2.o)
    0x08000210   0x08000210   0x00000002   Code   RO         2674    .ARM.Collect$$libshutdown$$00000000  c_w.l(libshutdown.o)
    0x08000212   0x08000212   0x00000000   Code   RO         2551    .ARM.Collect$$libshutdown$$00000002  c_w.l(libshutdown2.o)
    0x08000212   0x08000212   0x00000004   Code   RO         2552    .ARM.Collect$$libshutdown$$00000003  c_w.l(libshutdown2.o)
    0x08000216   0x08000216   0x00000000   Code   RO         2553    .ARM.Collect$$libshutdown$$00000004  c_w.l(libshutdown2.o)
    0x08000216   0x08000216   0x00000000   Code   RO         2556    .ARM.Collect$$libshutdown$$00000007  c_w.l(libshutdown2.o)
    0x08000216   0x08000216   0x00000000   Code   RO         2559    .ARM.Collect$$libshutdown$$0000000A  c_w.l(libshutdown2.o)
    0x08000216   0x08000216   0x00000000   Code   RO         2561    .ARM.Collect$$libshutdown$$0000000C  c_w.l(libshutdown2.o)
    0x08000216   0x08000216   0x00000000   Code   RO         2564    .ARM.Collect$$libshutdown$$0000000F  c_w.l(libshutdown2.o)
    0x08000216   0x08000216   0x00000002   Code   RO         2565    .ARM.Collect$$libshutdown$$00000010  c_w.l(libshutdown2.o)
    0x08000218   0x08000218   0x00000000   Code   RO         2384    .ARM.Collect$$rtentry$$00000000  c_w.l(__rtentry.o)
    0x08000218   0x08000218   0x00000000   Code   RO         2394    .ARM.Collect$$rtentry$$00000002  c_w.l(__rtentry2.o)
    0x08000218   0x08000218   0x00000006   Code   RO         2406    .ARM.Collect$$rtentry$$00000004  c_w.l(__rtentry4.o)
    0x0800021e   0x0800021e   0x00000000   Code   RO         2396    .ARM.Collect$$rtentry$$00000009  c_w.l(__rtentry2.o)
    0x0800021e   0x0800021e   0x00000004   Code   RO         2397    .ARM.Collect$$rtentry$$0000000A  c_w.l(__rtentry2.o)
    0x08000222   0x08000222   0x00000000   Code   RO         2399    .ARM.Collect$$rtentry$$0000000C  c_w.l(__rtentry2.o)
    0x08000222   0x08000222   0x00000008   Code   RO         2400    .ARM.Collect$$rtentry$$0000000D  c_w.l(__rtentry2.o)
    0x0800022a   0x0800022a   0x00000002   Code   RO         2569    .ARM.Collect$$rtexit$$00000000  c_w.l(rtexit.o)
    0x0800022c   0x0800022c   0x00000000   Code   RO         2617    .ARM.Collect$$rtexit$$00000002  c_w.l(rtexit2.o)
    0x0800022c   0x0800022c   0x00000004   Code   RO         2618    .ARM.Collect$$rtexit$$00000003  c_w.l(rtexit2.o)
    0x08000230   0x08000230   0x00000006   Code   RO         2619    .ARM.Collect$$rtexit$$00000004  c_w.l(rtexit2.o)
    0x08000236   0x08000236   0x00000002   PAD
    0x08000238   0x08000238   0x00000000   Code   RO         2623    .emb_text           c_w.l(maybetermalloc1.o)
    0x08000238   0x08000238   0x00000040   Code   RO         2283    .text               startup_stm32f40_41xxx.o
    0x08000278   0x08000278   0x00000018   Code   RO         2376    .text               c_w.l(noretval__2printf.o)
    0x08000290   0x08000290   0x00000080   Code   RO         2378    .text               c_w.l(strcmpv7m.o)
    0x08000310   0x08000310   0x00000006   Code   RO         2380    .text               c_w.l(heapauxi.o)
    0x08000316   0x08000316   0x00000002   PAD
    0x08000318   0x08000318   0x00000024   Code   RO         2385    .text               c_w.l(_printf_char_file.o)
    0x0800033c   0x0800033c   0x00000030   Code   RO         2408    .text               c_w.l(_printf_char_common.o)
    0x0800036c   0x0800036c   0x00000008   Code   RO         2410    .text               c_w.l(ferror.o)
    0x08000374   0x08000374   0x00000138   Code   RO         2412    .text               c_w.l(initio.o)
    0x080004ac   0x080004ac   0x0000004a   Code   RO         2420    .text               c_w.l(sys_stackheap_outer.o)
    0x080004f6   0x080004f6   0x0000004e   Code   RO         2424    .text               c_w.l(h1_free.o)
    0x08000544   0x08000544   0x00000028   Code   RO         2478    .text               c_w.l(__printf_nopercent.o)
    0x0800056c   0x0800056c   0x00000046   Code   RO         2480    .text               c_w.l(setvbuf.o)
    0x080005b2   0x080005b2   0x00000002   PAD
    0x080005b4   0x080005b4   0x000000ec   Code   RO         2483    .text               c_w.l(fopen.o)
    0x080006a0   0x080006a0   0x0000004c   Code   RO         2485    .text               c_w.l(fclose.o)
    0x080006ec   0x080006ec   0x00000012   Code   RO         2491    .text               c_w.l(exit.o)
    0x080006fe   0x080006fe   0x0000000e   Code   RO         2493    .text               c_w.l(defsig_rtred_outer.o)
    0x0800070c   0x0800070c   0x0000004e   Code   RO         2497    .text               c_w.l(rt_memclr_w.o)
    0x0800075a   0x0800075a   0x00000002   PAD
    0x0800075c   0x0800075c   0x00000008   Code   RO         2566    .text               c_w.l(libspace.o)
    0x08000764   0x08000764   0x00000008   Code   RO         2576    .text               c_w.l(rt_heap_descriptor_intlibspace.o)
    0x0800076c   0x0800076c   0x00000004   Code   RO         2578    .text               c_w.l(hguard.o)
    0x08000770   0x08000770   0x0000008a   Code   RO         2580    .text               c_w.l(init_alloc.o)
    0x080007fa   0x080007fa   0x0000005e   Code   RO         2586    .text               c_w.l(h1_alloc.o)
    0x08000858   0x08000858   0x000000f8   Code   RO         2600    .text               c_w.l(fseek.o)
    0x08000950   0x08000950   0x000000f0   Code   RO         2602    .text               c_w.l(stdio.o)
    0x08000a40   0x08000a40   0x0000000a   Code   RO         2604    .text               c_w.l(defsig_exit.o)
    0x08000a4a   0x08000a4a   0x00000002   PAD
    0x08000a4c   0x08000a4c   0x00000034   Code   RO         2606    .text               c_w.l(defsig_rtred_inner.o)
    0x08000a80   0x08000a80   0x0000000c   Code   RO         2614    .text               c_w.l(sys_exit.o)
    0x08000a8c   0x08000a8c   0x0000000e   Code   RO         2625    .text               c_w.l(h1_init.o)
    0x08000a9a   0x08000a9a   0x00000034   Code   RO         2627    .text               c_w.l(h1_extend.o)
    0x08000ace   0x08000ace   0x00000042   Code   RO         2633    .text               c_w.l(ftell.o)
    0x08000b10   0x08000b10   0x00000032   Code   RO         2637    .text               c_w.l(defsig_general.o)
    0x08000b42   0x08000b42   0x0000000e   Code   RO         2639    .text               c_w.l(defsig_rtmem_outer.o)
    0x08000b50   0x08000b50   0x0000000e   Code   RO         2652    .text               c_w.l(sys_wrch.o)
    0x08000b5e   0x08000b5e   0x00000002   Code   RO         2656    .text               c_w.l(use_no_semi.o)
    0x08000b60   0x08000b60   0x00000000   Code   RO         2658    .text               c_w.l(indicate_semi.o)
    0x08000b60   0x08000b60   0x00000008   Code   RO         2662    .text               c_w.l(rt_errno_addr_intlibspace.o)
    0x08000b68   0x08000b68   0x00000050   Code   RO         2668    .text               c_w.l(defsig_rtmem_inner.o)
    0x08000bb8   0x08000bb8   0x00000016   Code   RO          344    i.ADC_Cmd           stm32f4xx_adc.o
    0x08000bce   0x08000bce   0x00000016   Code   RO          350    i.ADC_DeInit        stm32f4xx_adc.o
    0x08000be4   0x08000be4   0x00000008   Code   RO          356    i.ADC_GetConversionValue  stm32f4xx_adc.o
    0x08000bec   0x08000bec   0x00000012   Code   RO          357    i.ADC_GetFlagStatus  stm32f4xx_adc.o
    0x08000bfe   0x08000bfe   0x00000002   PAD
    0x08000c00   0x08000c00   0x00000054   Code   RO          364    i.ADC_Init          stm32f4xx_adc.o
    0x08000c54   0x08000c54   0x000000b8   Code   RO          369    i.ADC_RegularChannelConfig  stm32f4xx_adc.o
    0x08000d0c   0x08000d0c   0x0000000a   Code   RO          371    i.ADC_SoftwareStartConv  stm32f4xx_adc.o
    0x08000d16   0x08000d16   0x00000002   PAD
    0x08000d18   0x08000d18   0x00000084   Code   RO         2132    i.ADC_get_value_voltage  adc.o
    0x08000d9c   0x08000d9c   0x0000007c   Code   RO         2134    i.ADC_get_voltage_from_channel  adc.o
    0x08000e18   0x08000e18   0x00000098   Code   RO         2136    i.ADC_pin_config    adc.o
    0x08000eb0   0x08000eb0   0x00000050   Code   RO         2137    i.ADC_pin_select_config  adc.o
    0x08000f00   0x08000f00   0x000000ac   Code   RO         2138    i.ADC_select_channel  adc.o
    0x08000fac   0x08000fac   0x00000044   Code   RO         1717    i.Dellay_us         delay.o
    0x08000ff0   0x08000ff0   0x00000060   Code   RO          151    i.EXTI0_IRQHandler  main.o
    0x08001050   0x08001050   0x00000060   Code   RO          152    i.EXTI1_IRQHandler  main.o
    0x080010b0   0x080010b0   0x00000060   Code   RO          153    i.EXTI2_IRQHandler  main.o
    0x08001110   0x08001110   0x00000060   Code   RO          154    i.EXTI3_IRQHandler  main.o
    0x08001170   0x08001170   0x00000058   Code   RO          155    i.EXTI4_IRQHandler  main.o
    0x080011c8   0x080011c8   0x00000058   Code   RO          156    i.EXTI9_5_IRQHandler  main.o
    0x08001220   0x08001220   0x0000000c   Code   RO         2065    i.EXTI_ClearITPendingBit  stm32f4xx_exti.o
    0x0800122c   0x0800122c   0x00000018   Code   RO         2069    i.EXTI_GetITStatus  stm32f4xx_exti.o
    0x08001244   0x08001244   0x00000094   Code   RO         2070    i.EXTI_Init         stm32f4xx_exti.o
    0x080012d8   0x080012d8   0x0000006c   Code   RO         2205    i.EXTI_Pin_config   exti.o
    0x08001344   0x08001344   0x000000aa   Code   RO         2206    i.EXTI_line_config  exti.o
    0x080013ee   0x080013ee   0x00000090   Code   RO          717    i.GPIO_Init         stm32f4xx_gpio.o
    0x0800147e   0x0800147e   0x00000046   Code   RO          718    i.GPIO_PinAFConfig  stm32f4xx_gpio.o
    0x080014c4   0x080014c4   0x00000004   Code   RO          724    i.GPIO_ResetBits    stm32f4xx_gpio.o
    0x080014c8   0x080014c8   0x00000004   Code   RO          725    i.GPIO_SetBits      stm32f4xx_gpio.o
    0x080014cc   0x080014cc   0x00000008   Code   RO          727    i.GPIO_ToggleBits   stm32f4xx_gpio.o
    0x080014d4   0x080014d4   0x0000000a   Code   RO          729    i.GPIO_WriteBit     stm32f4xx_gpio.o
    0x080014de   0x080014de   0x00000002   PAD
    0x080014e0   0x080014e0   0x00000078   Code   RO          264    i.NVIC_Init         misc.o
    0x08001558   0x08001558   0x00000020   Code   RO          818    i.RCC_AHB1PeriphClockCmd  stm32f4xx_rcc.o
    0x08001578   0x08001578   0x00000020   Code   RO          827    i.RCC_APB1PeriphClockCmd  stm32f4xx_rcc.o
    0x08001598   0x08001598   0x00000020   Code   RO          830    i.RCC_APB2PeriphClockCmd  stm32f4xx_rcc.o
    0x080015b8   0x080015b8   0x00000020   Code   RO          832    i.RCC_APB2PeriphResetCmd  stm32f4xx_rcc.o
    0x080015d8   0x080015d8   0x000000e8   Code   RO          839    i.RCC_GetClocksFreq  stm32f4xx_rcc.o
    0x080016c0   0x080016c0   0x00000034   Code   RO         2235    i.STATUS_pin_peripheral_config  status.o
    0x080016f4   0x080016f4   0x00000040   Code   RO         2007    i.SYSCFG_EXTILineConfig  stm32f4xx_syscfg.o
    0x08001734   0x08001734   0x000000ec   Code   RO            4    i.SetSysClock       system_stm32f4xx.o
    0x08001820   0x08001820   0x00000018   Code   RO         1718    i.SysTick_Handler   delay.o
    0x08001838   0x08001838   0x00000068   Code   RO            6    i.SystemInit        system_stm32f4xx.o
    0x080018a0   0x080018a0   0x000000c0   Code   RO          157    i.TIM2_IRQHandler   main.o
    0x08001960   0x08001960   0x00000078   Code   RO         2259    i.TIMER_interupt_config  timer.o
    0x080019d8   0x080019d8   0x00000006   Code   RO         1161    i.TIM_ClearITPendingBit  stm32f4xx_tim.o
    0x080019de   0x080019de   0x00000018   Code   RO         1166    i.TIM_Cmd           stm32f4xx_tim.o
    0x080019f6   0x080019f6   0x00000022   Code   RO         1187    i.TIM_GetITStatus   stm32f4xx_tim.o
    0x08001a18   0x08001a18   0x00000012   Code   RO         1191    i.TIM_ITConfig      stm32f4xx_tim.o
    0x08001a2a   0x08001a2a   0x00000002   PAD
    0x08001a2c   0x08001a2c   0x00000084   Code   RO         1238    i.TIM_TimeBaseInit  stm32f4xx_tim.o
    0x08001ab0   0x08001ab0   0x0000006c   Code   RO         1767    i.UART_init_config  uart.o
    0x08001b1c   0x08001b1c   0x00000048   Code   RO         1768    i.UART_pin_config   uart.o
    0x08001b64   0x08001b64   0x00000018   Code   RO         1816    i.USART_Cmd         stm32f4xx_usart.o
    0x08001b7c   0x08001b7c   0x0000004a   Code   RO         1822    i.USART_ITConfig    stm32f4xx_usart.o
    0x08001bc6   0x08001bc6   0x00000002   PAD
    0x08001bc8   0x08001bc8   0x000000d4   Code   RO         1823    i.USART_Init        stm32f4xx_usart.o
    0x08001c9c   0x08001c9c   0x00000026   Code   RO         2287    i._sys_close        retarget_io.o
    0x08001cc2   0x08001cc2   0x00000024   Code   RO         2288    i._sys_flen         retarget_io.o
    0x08001ce6   0x08001ce6   0x00000024   Code   RO         2289    i._sys_istty        retarget_io.o
    0x08001d0a   0x08001d0a   0x00000002   PAD
    0x08001d0c   0x08001d0c   0x00000068   Code   RO         2290    i._sys_open         retarget_io.o
    0x08001d74   0x08001d74   0x0000002c   Code   RO         2292    i._sys_seek         retarget_io.o
    0x08001da0   0x08001da0   0x00000058   Code   RO         2293    i._sys_write        retarget_io.o
    0x08001df8   0x08001df8   0x00000038   Code   RO          158    i.fputc             main.o
    0x08001e30   0x08001e30   0x00000050   Code   RO          159    i.main              main.o
    0x08001e80   0x08001e80   0x00000004   Code   RO         2294    i.stderr_putchar    retarget_io.o
    0x08001e84   0x08001e84   0x00000004   Code   RO         2296    i.stdout_putchar    retarget_io.o
    0x08001e88   0x08001e88   0x00000068   Code   RO         1719    i.timetick_configure  delay.o
    0x08001ef0   0x08001ef0   0x0000000a   Code   RO         2612    x$fpl$fpinit        fz_wm.l(fpinit.o)
    0x08001efa   0x08001efa   0x00000017   Data   RO         2297    .constdata          retarget_io.o
    0x08001f11   0x08001f11   0x00000003   PAD
    0x08001f14   0x08001f14   0x00000020   Data   RO         2693    Region$$Table       anon$$obj.o


    Execution Region RW_IRAM1 (Exec base: 0x20000000, Load base: 0x08001f34, Size: 0x00000ca8, Max: 0x00020000, ABSOLUTE)

    Exec Addr    Load Addr    Size         Type   Attr      Idx    E Section Name        Object

    0x20000000   0x08001f34   0x00000014   Data   RW            7    .data               system_stm32f4xx.o
    0x20000014   0x08001f48   0x000000ab   Data   RW          161    .data               main.o
    0x200000bf   0x08001ff3   0x00000010   Data   RW          870    .data               stm32f4xx_rcc.o
    0x200000cf   0x08002003   0x00000001   PAD
    0x200000d0   0x08002004   0x00000004   Data   RW         1720    .data               delay.o
    0x200000d4   0x08002008   0x00000004   Data   RW         2390    .data               c_w.l(stdio_streams.o)
    0x200000d8   0x0800200c   0x00000004   Data   RW         2391    .data               c_w.l(stdio_streams.o)
    0x200000dc   0x08002010   0x00000004   Data   RW         2392    .data               c_w.l(stdio_streams.o)
    0x200000e0        -       0x00000468   Zero   RW          160    .bss                main.o
    0x20000548        -       0x00000054   Zero   RW         2387    .bss                c_w.l(stdio_streams.o)
    0x2000059c        -       0x00000054   Zero   RW         2388    .bss                c_w.l(stdio_streams.o)
    0x200005f0        -       0x00000054   Zero   RW         2389    .bss                c_w.l(stdio_streams.o)
    0x20000644        -       0x00000060   Zero   RW         2567    .bss                c_w.l(libspace.o)
    0x200006a4   0x08002014   0x00000004   PAD
    0x200006a8        -       0x00000200   Zero   RW         2281    HEAP                startup_stm32f40_41xxx.o
    0x200008a8        -       0x00000400   Zero   RW         2280    STACK               startup_stm32f40_41xxx.o


==============================================================================

Image component sizes


      Code (inc. data)   RO Data    RW Data    ZI Data      Debug   Object Name

       660         64          0          0          0       4605   adc.o
       196         24          0          4          0      32058   delay.o
       278          4          0          0          0       1189   exti.o
       888        250          0        171       1128      39262   main.o
       120         14          0          0          0     246300   misc.o
       354         24         23          0          0       6882   retarget_io.o
        64         26        392          0       1536        844   startup_stm32f40_41xxx.o
        52          6          0          0          0        547   status.o
       348         10          0          0          0       6002   stm32f4xx_adc.o
       184         16          0          0          0       2400   stm32f4xx_exti.o
       240          0          0          0          0       4521   stm32f4xx_gpio.o
       360         42          0         16          0       5660   stm32f4xx_rcc.o
        64          4          0          0          0        696   stm32f4xx_syscfg.o
       214         28          0          0          0       4102   stm32f4xx_tim.o
       310          8          0          0          0       3250   stm32f4xx_usart.o
       340         32          0         20          0     299221   system_stm32f4xx.o
       120         12          0          0          0        576   timer.o
       180          8          0          0          0       1109   uart.o

    ----------------------------------------------------------------------
      4984        572        450        212       2664     659224   Object Totals
         0          0         32          0          0          0   (incl. Generated)
        12          0          3          1          0          0   (incl. Padding)

    ----------------------------------------------------------------------

      Code (inc. data)   RO Data    RW Data    ZI Data      Debug   Library Member Name

         8          0          0          0          0         68   __main.o
        40          0          0          0          0         84   __printf_nopercent.o
         0          0          0          0          0          0   __rtentry.o
        12          0          0          0          0          0   __rtentry2.o
         6          0          0          0          0          0   __rtentry4.o
        52          8          0          0          0          0   __scatter.o
        26          0          0          0          0          0   __scatter_copy.o
        28          0          0          0          0          0   __scatter_zi.o
        48          6          0          0          0         96   _printf_char_common.o
        36          4          0          0          0         80   _printf_char_file.o
        10          0          0          0          0         68   defsig_exit.o
        50          0          0          0          0         88   defsig_general.o
        80         58          0          0          0         76   defsig_rtmem_inner.o
        14          0          0          0          0         80   defsig_rtmem_outer.o
        52         38          0          0          0         76   defsig_rtred_inner.o
        14          0          0          0          0         80   defsig_rtred_outer.o
        18          0          0          0          0         80   exit.o
        76          0          0          0          0         88   fclose.o
         8          0          0          0          0         68   ferror.o
       236          4          0          0          0        128   fopen.o
       248          6          0          0          0         84   fseek.o
        66          0          0          0          0         76   ftell.o
        94          0          0          0          0         80   h1_alloc.o
        52          0          0          0          0         68   h1_extend.o
        78          0          0          0          0         80   h1_free.o
        14          0          0          0          0         84   h1_init.o
         6          0          0          0          0        152   heapauxi.o
         4          0          0          0          0        136   hguard.o
         0          0          0          0          0          0   indicate_semi.o
       138          0          0          0          0        168   init_alloc.o
       312         46          0          0          0        112   initio.o
         2          0          0          0          0          0   libinit.o
        18          0          0          0          0          0   libinit2.o
         2          0          0          0          0          0   libshutdown.o
         6          0          0          0          0          0   libshutdown2.o
         8          4          0          0         96         68   libspace.o
         0          0          0          0          0          0   maybetermalloc1.o
        24          4          0          0          0         84   noretval__2printf.o
         8          4          0          0          0         68   rt_errno_addr_intlibspace.o
         8          4          0          0          0         68   rt_heap_descriptor_intlibspace.o
        78          0          0          0          0         80   rt_memclr_w.o
         2          0          0          0          0          0   rtexit.o
        10          0          0          0          0          0   rtexit2.o
        70          0          0          0          0         80   setvbuf.o
       240          6          0          0          0        156   stdio.o
         0          0          0         12        252          0   stdio_streams.o
       128          0          0          0          0         68   strcmpv7m.o
        12          4          0          0          0         68   sys_exit.o
        74          0          0          0          0         80   sys_stackheap_outer.o
        14          0          0          0          0         76   sys_wrch.o
         2          0          0          0          0         68   use_no_semi.o
        10          0          0          0          0        116   fpinit.o

    ----------------------------------------------------------------------
      2554        196          0         12        352       3280   Library Totals
        12          0          0          0          4          0   (incl. Padding)

    ----------------------------------------------------------------------

      Code (inc. data)   RO Data    RW Data    ZI Data      Debug   Library Name

      2532        196          0         12        348       3164   c_w.l
        10          0          0          0          0        116   fz_wm.l

    ----------------------------------------------------------------------
      2554        196          0         12        352       3280   Library Totals

    ----------------------------------------------------------------------

==============================================================================


      Code (inc. data)   RO Data    RW Data    ZI Data      Debug   

      7538        768        450        224       3016     654788   Grand Totals
      7538        768        450        224       3016     654788   ELF Image Totals
      7538        768        450        224          0          0   ROM Totals

==============================================================================

    Total RO  Size (Code + RO Data)                 7988 (   7.80kB)
    Total RW  Size (RW Data + ZI Data)              3240 (   3.16kB)
    Total ROM Size (Code + RO Data + RW Data)       8212 (   8.02kB)

==============================================================================

