<html>
<body>
<pre>
<h1>µVision Build Log</h1>
<h2>Tool Versions:</h2>
IDE-Version: µVision V5.29.0.0
Copyright (C) 2019 ARM Ltd and ARM Germany GmbH. All rights reserved.
License Information: hoang viet hung, bachkhoa, LIC=----
 
Tool Versions:
Toolchain:       MDK-Lite  Version: 5.29.0.0
Toolchain Path:  C:\Keil_v5\ARM\ARMCC\Bin
C Compiler:      Armcc.exe V5.06 update 6 (build 750)
Assembler:       Armasm.exe V5.06 update 6 (build 750)
Linker/Locator:  ArmLink.exe V5.06 update 6 (build 750)
Library Manager: ArmAr.exe V5.06 update 6 (build 750)
Hex Converter:   FromElf.exe V5.06 update 6 (build 750)
CPU DLL:         SARMCM3.DLL V5.29.0.0
Dialog DLL:      DCM.DLL V1.17.3.0
Target DLL:      STLink\ST-LINKIII-KEIL_SWO.dll V3.0.7.0
Dialog DLL:      TCM.DLL V1.36.5.0
 
<h2>Project:</h2>
C:\Users\ADMIN\Desktop\MoniteringBattery\ADC_Normal_test\adc.uvprojx
Project File Date:  05/28/2021

<h2>Output:</h2>
*** Using Compiler 'V5.06 update 6 (build 750)', folder: 'C:\Keil_v5\ARM\ARMCC\Bin'
Build target 'Target 1'
compiling package_data.c...
type.h(156): warning:  #1-D: last line of file ends without a newline
  #endif
spi.h(21): warning:  #1-D: last line of file ends without a newline
  #endif
spi.h(21): warning:  #1-D: last line of file ends without a newline
  #endif
uart.h(12): warning:  #1-D: last line of file ends without a newline
  #endif
delay.h(11): warning:  #1-D: last line of file ends without a newline
  #endif
adc.h(20): warning:  #1-D: last line of file ends without a newline
  #endif
package_data.h(125): warning:  #1295-D: Deprecated declaration package_infor_spi - give arg types
  void package_infor_spi();
package_data.h(126): warning:  #1295-D: Deprecated declaration package_human_spi - give arg types
  void package_human_spi();
package_data.h(127): warning:  #1295-D: Deprecated declaration package_emer_spi - give arg types
  void package_emer_spi();
package_data.h(131): warning:  #1295-D: Deprecated declaration package_infor_spi_esp - give arg types
  void package_infor_spi_esp();
package_data.h(141): warning:  #1-D: last line of file ends without a newline
  #endif
package_data.c(179): warning:  #1035-D: single-precision operand implicitly converted to double-precision
  				Flag_emer[i] = battery_voltage[i]> 4.2 ? MAX:((battery_voltage[i]<3.2)? MIN : NORMAL); 
package_data.c(179): warning:  #1035-D: single-precision operand implicitly converted to double-precision
  				Flag_emer[i] = battery_voltage[i]> 4.2 ? MAX:((battery_voltage[i]<3.2)? MIN : NORMAL); 
package_data.c(188): warning:  #1035-D: single-precision operand implicitly converted to double-precision
  		if(value> 4.2 ){
package_data.c(192): warning:  #1035-D: single-precision operand implicitly converted to double-precision
  		else if(value < 3.2){
package_data.c(217): warning:  #1035-D: single-precision operand implicitly converted to double-precision
     current_voltage[0] = ADC_get_voltage_from_channel(ADC_MODULE1,5000,CHANNEL_CURRENT_1,MODULE1,VOLTAGE_REF)*CHANNEL_13;
package_data.c(218): warning:  #1035-D: single-precision operand implicitly converted to double-precision
  	 current_voltage[1] = ADC_get_voltage_from_channel(ADC_MODULE1,5000,CHANNEL_CURRENT_2,MODULE1,VOLTAGE_REF)*CHANNEL_14;
package_data.c(219): warning:  #1035-D: single-precision operand implicitly converted to double-precision
  	 current_voltage[2] = ADC_get_voltage_from_channel(ADC_MODULE1,5000,CHANNEL_CURRENT_3,MODULE1,2.997)*CHANNEL_15;
package_data.c(333): warning:  #1-D: last line of file ends without a newline
  		
package_data.c: 19 warnings, 0 errors
linking...
Program Size: Code=14242 RO-data=450 RW-data=256 ZI-data=2448  
".\Objects\adc.axf" - 0 Error(s), 19 Warning(s).

<h2>Software Packages used:</h2>

Package Vendor: ARM
                http://www.keil.com/pack/ARM.CMSIS.5.6.0.pack
                ARM.CMSIS.5.6.0
                CMSIS (Cortex Microcontroller Software Interface Standard)
   * Component: CORE Version: 5.3.0

Package Vendor: Keil
                http://www.keil.com/pack/Keil.ARM_Compiler.1.6.2.pack
                Keil.ARM_Compiler.1.6.2
                Keil ARM Compiler extensions for ARM Compiler 5 and ARM Compiler 6
   * Component: STDERR Variant: Breakpoint Version: 1.2.0
   * Component: STDIN Variant: Breakpoint Version: 1.2.0
   * Component: STDOUT Variant: Breakpoint Version: 1.2.0

Package Vendor: Keil
                http://www.keil.com/pack/Keil.STM32F4xx_DFP.2.14.0.pack
                Keil.STM32F4xx_DFP.2.14.0
                STMicroelectronics STM32F4 Series Device Support, Drivers and Examples

<h2>Collection of Component include folders:</h2>
  .\RTE\_Target_1
  C:\Users\ADMIN\AppData\Local\Arm\Packs\ARM\CMSIS\5.6.0\CMSIS\Core\Include
  C:\Users\ADMIN\AppData\Local\Arm\Packs\Keil\STM32F4xx_DFP\2.14.0\Drivers\CMSIS\Device\ST\STM32F4xx\Include

<h2>Collection of Component Files used:</h2>

   * Component: ARM::CMSIS:CORE:5.3.0

   * Component: Keil.ARM Compiler::Compiler:I/O:STDERR:Breakpoint:1.2.0
      Source file:   Source\retarget_io.c

   * Component: Keil.ARM Compiler::Compiler:I/O:STDIN:Breakpoint:1.2.0
      Source file:   Source\retarget_io.c

   * Component: Keil.ARM Compiler::Compiler:I/O:STDOUT:Breakpoint:1.2.0
      Source file:   Source\retarget_io.c
Build Time Elapsed:  00:00:02
</pre>
</body>
</html>
