Component: ARM Compiler 5.06 update 6 (build 750) Tool: armlink [4d35ed]

==============================================================================

Section Cross References

    system_stm32f4xx.o(i.SystemCoreClockUpdate) refers to system_stm32f4xx.o(.data) for SystemCoreClock
    system_stm32f4xx.o(i.SystemInit) refers to system_stm32f4xx.o(i.SetSysClock) for SetSysClock
    main.o(i.EXTI0_IRQHandler) refers to stm32f4xx_exti.o(i.EXTI_GetITStatus) for EXTI_GetITStatus
    main.o(i.EXTI0_IRQHandler) refers to stm32f4xx_gpio.o(i.GPIO_SetBits) for GPIO_SetBits
    main.o(i.EXTI0_IRQHandler) refers to stm32f4xx_gpio.o(i.GPIO_ResetBits) for GPIO_ResetBits
    main.o(i.EXTI0_IRQHandler) refers to package_data.o(i.package_human) for package_human
    main.o(i.EXTI0_IRQHandler) refers to noretval__2printf.o(.text) for __2printf
    main.o(i.EXTI0_IRQHandler) refers to stm32f4xx_exti.o(i.EXTI_ClearITPendingBit) for EXTI_ClearITPendingBit
    main.o(i.EXTI0_IRQHandler) refers to main.o(.bss) for Flag_pheripheral
    main.o(i.EXTI1_IRQHandler) refers to stm32f4xx_exti.o(i.EXTI_GetITStatus) for EXTI_GetITStatus
    main.o(i.EXTI1_IRQHandler) refers to stm32f4xx_gpio.o(i.GPIO_SetBits) for GPIO_SetBits
    main.o(i.EXTI1_IRQHandler) refers to stm32f4xx_gpio.o(i.GPIO_ResetBits) for GPIO_ResetBits
    main.o(i.EXTI1_IRQHandler) refers to package_data.o(i.package_human) for package_human
    main.o(i.EXTI1_IRQHandler) refers to noretval__2printf.o(.text) for __2printf
    main.o(i.EXTI1_IRQHandler) refers to stm32f4xx_exti.o(i.EXTI_ClearITPendingBit) for EXTI_ClearITPendingBit
    main.o(i.EXTI1_IRQHandler) refers to main.o(.bss) for Flag_pheripheral
    main.o(i.EXTI2_IRQHandler) refers to stm32f4xx_exti.o(i.EXTI_GetITStatus) for EXTI_GetITStatus
    main.o(i.EXTI2_IRQHandler) refers to stm32f4xx_gpio.o(i.GPIO_SetBits) for GPIO_SetBits
    main.o(i.EXTI2_IRQHandler) refers to stm32f4xx_gpio.o(i.GPIO_ResetBits) for GPIO_ResetBits
    main.o(i.EXTI2_IRQHandler) refers to package_data.o(i.package_human) for package_human
    main.o(i.EXTI2_IRQHandler) refers to noretval__2printf.o(.text) for __2printf
    main.o(i.EXTI2_IRQHandler) refers to stm32f4xx_exti.o(i.EXTI_ClearITPendingBit) for EXTI_ClearITPendingBit
    main.o(i.EXTI2_IRQHandler) refers to main.o(.bss) for Flag_pheripheral
    main.o(i.EXTI3_IRQHandler) refers to stm32f4xx_exti.o(i.EXTI_GetITStatus) for EXTI_GetITStatus
    main.o(i.EXTI3_IRQHandler) refers to stm32f4xx_gpio.o(i.GPIO_SetBits) for GPIO_SetBits
    main.o(i.EXTI3_IRQHandler) refers to stm32f4xx_gpio.o(i.GPIO_ResetBits) for GPIO_ResetBits
    main.o(i.EXTI3_IRQHandler) refers to package_data.o(i.package_human) for package_human
    main.o(i.EXTI3_IRQHandler) refers to noretval__2printf.o(.text) for __2printf
    main.o(i.EXTI3_IRQHandler) refers to stm32f4xx_exti.o(i.EXTI_ClearITPendingBit) for EXTI_ClearITPendingBit
    main.o(i.EXTI3_IRQHandler) refers to main.o(.bss) for Flag_pheripheral
    main.o(i.EXTI4_IRQHandler) refers to stm32f4xx_exti.o(i.EXTI_GetITStatus) for EXTI_GetITStatus
    main.o(i.EXTI4_IRQHandler) refers to stm32f4xx_gpio.o(i.GPIO_SetBits) for GPIO_SetBits
    main.o(i.EXTI4_IRQHandler) refers to stm32f4xx_gpio.o(i.GPIO_ResetBits) for GPIO_ResetBits
    main.o(i.EXTI4_IRQHandler) refers to package_data.o(i.package_human) for package_human
    main.o(i.EXTI4_IRQHandler) refers to noretval__2printf.o(.text) for __2printf
    main.o(i.EXTI4_IRQHandler) refers to stm32f4xx_exti.o(i.EXTI_ClearITPendingBit) for EXTI_ClearITPendingBit
    main.o(i.EXTI4_IRQHandler) refers to main.o(.bss) for Flag_pheripheral
    main.o(i.EXTI9_5_IRQHandler) refers to stm32f4xx_exti.o(i.EXTI_GetITStatus) for EXTI_GetITStatus
    main.o(i.EXTI9_5_IRQHandler) refers to stm32f4xx_gpio.o(i.GPIO_SetBits) for GPIO_SetBits
    main.o(i.EXTI9_5_IRQHandler) refers to stm32f4xx_gpio.o(i.GPIO_ResetBits) for GPIO_ResetBits
    main.o(i.EXTI9_5_IRQHandler) refers to package_data.o(i.package_human) for package_human
    main.o(i.EXTI9_5_IRQHandler) refers to noretval__2printf.o(.text) for __2printf
    main.o(i.EXTI9_5_IRQHandler) refers to stm32f4xx_exti.o(i.EXTI_ClearITPendingBit) for EXTI_ClearITPendingBit
    main.o(i.EXTI9_5_IRQHandler) refers to package_data.o(i.package_infor_spi) for package_infor_spi
    main.o(i.EXTI9_5_IRQHandler) refers to main.o(.bss) for Flag_pheripheral
    main.o(i.TIM2_IRQHandler) refers to stm32f4xx_tim.o(i.TIM_GetITStatus) for TIM_GetITStatus
    main.o(i.TIM2_IRQHandler) refers to stm32f4xx_gpio.o(i.GPIO_ToggleBits) for GPIO_ToggleBits
    main.o(i.TIM2_IRQHandler) refers to stm32f4xx_tim.o(i.TIM_Cmd) for TIM_Cmd
    main.o(i.TIM2_IRQHandler) refers to adc.o(i.ADC_get_voltage_from_channel) for ADC_get_voltage_from_channel
    main.o(i.TIM2_IRQHandler) refers to delay.o(i.Dellay_us) for Dellay_us
    main.o(i.TIM2_IRQHandler) refers to stm32f4xx_gpio.o(i.GPIO_ResetBits) for GPIO_ResetBits
    main.o(i.TIM2_IRQHandler) refers to f2d.o(x$fpl$f2d) for __aeabi_f2d
[...]
    spi.c                                    0x00000000   Number         0  spi.o ABSOLUTE
    startup_stm32f40_41xxx.s                 0x00000000   Number         0  startup_stm32f40_41xxx.o ABSOLUTE
    status.c                                 0x00000000   Number         0  status.o ABSOLUTE
    status.c                                 0x00000000   Number         0  status.o ABSOLUTE
    system_stm32f4xx.c                       0x00000000   Number         0  system_stm32f4xx.o ABSOLUTE
    system_stm32f4xx.c                       0x00000000   Number         0  system_stm32f4xx.o ABSOLUTE
    timer.c                                  0x00000000   Number         0  timer.o ABSOLUTE
    timer.c                                  0x00000000   Number         0  timer.o ABSOLUTE
    uart.c                                   0x00000000   Number         0  uart.o ABSOLUTE
    uart.c                                   0x00000000   Number         0  uart.o ABSOLUTE
    RESET                                    0x08000000   Section      392  startup_stm32f40_41xxx.o(RESET)
    !!!main                                  0x08000188   Section        8  __main.o(!!!main)
    !!!scatter                               0x08000190   Section       52  __scatter.o(!!!scatter)
    !!handler_copy                           0x080001c4   Section       26  __scatter_copy.o(!!handler_copy)
    !!handler_zi                             0x080001e0   Section       28  __scatter_zi.o(!!handler_zi)
    .ARM.Collect$$libinit$$00000000          0x080001fc   Section        2  libinit.o(.ARM.Collect$$libinit$$00000000)
    .ARM.Collect$$libinit$$00000001          0x080001fe   Section        4  libinit2.o(.ARM.Collect$$libinit$$00000001)
    .ARM.Collect$$libinit$$00000004          0x08000202   Section        0  libinit2.o(.ARM.Collect$$libinit$$00000004)
    .ARM.Collect$$libinit$$00000005          0x08000202   Section        8  libinit2.o(.ARM.Collect$$libinit$$00000005)
    .ARM.Collect$$libinit$$0000000A          0x0800020a   Section        0  libinit2.o(.ARM.Collect$$libinit$$0000000A)
    .ARM.Collect$$libinit$$0000000C          0x0800020a   Section        0  libinit2.o(.ARM.Collect$$libinit$$0000000C)
    .ARM.Collect$$libinit$$0000000E          0x0800020a   Section        0  libinit2.o(.ARM.Collect$$libinit$$0000000E)
    .ARM.Collect$$libinit$$00000011          0x0800020a   Section        0  libinit2.o(.ARM.Collect$$libinit$$00000011)
    .ARM.Collect$$libinit$$00000013          0x0800020a   Section        0  libinit2.o(.ARM.Collect$$libinit$$00000013)
    .ARM.Collect$$libinit$$00000015          0x0800020a   Section        0  libinit2.o(.ARM.Collect$$libinit$$00000015)
    .ARM.Collect$$libinit$$00000017          0x0800020a   Section        0  libinit2.o(.ARM.Collect$$libinit$$00000017)
    .ARM.Collect$$libinit$$00000019          0x0800020a   Section        0  libinit2.o(.ARM.Collect$$libinit$$00000019)
    .ARM.Collect$$libinit$$0000001B          0x0800020a   Section        0  libinit2.o(.ARM.Collect$$libinit$$0000001B)
    .ARM.Collect$$libinit$$0000001D          0x0800020a   Section        0  libinit2.o(.ARM.Collect$$libinit$$0000001D)
    .ARM.Collect$$libinit$$0000001F          0x0800020a   Section        0  libinit2.o(.ARM.Collect$$libinit$$0000001F)
    .ARM.Collect$$libinit$$00000021          0x0800020a   Section        0  libinit2.o(.ARM.Collect$$libinit$$00000021)
    .ARM.Collect$$libinit$$00000023          0x0800020a   Section        0  libinit2.o(.ARM.Collect$$libinit$$00000023)
    .ARM.Collect$$libinit$$00000024          0x0800020a   Section        4  libinit2.o(.ARM.Collect$$libinit$$00000024)
    .ARM.Collect$$libinit$$00000025          0x0800020e   Section        0  libinit2.o(.ARM.Collect$$libinit$$00000025)
    .ARM.Collect$$libinit$$0000002C          0x0800020e   Section        0  libinit2.o(.ARM.Collect$$libinit$$0000002C)
    .ARM.Collect$$libinit$$0000002E          0x0800020e   Section        0  libinit2.o(.ARM.Collect$$libinit$$0000002E)
    .ARM.Collect$$libinit$$00000030          0x0800020e   Section        0  libinit2.o(.ARM.Collect$$libinit$$00000030)
    .ARM.Collect$$libinit$$00000032          0x0800020e   Section        0  libinit2.o(.ARM.Collect$$libinit$$00000032)
    .ARM.Collect$$libinit$$00000033          0x0800020e   Section        2  libinit2.o(.ARM.Collect$$libinit$$00000033)
    .ARM.Collect$$libshutdown$$00000000      0x08000210   Section        2  libshutdown.o(.ARM.Collect$$libshutdown$$00000000)
    .ARM.Collect$$libshutdown$$00000002      0x08000212   Section        0  libshutdown2.o(.ARM.Collect$$libshutdown$$00000002)
    .ARM.Collect$$libshutdown$$00000003      0x08000212   Section        4  libshutdown2.o(.ARM.Collect$$libshutdown$$00000003)
    .ARM.Collect$$libshutdown$$00000004      0x08000216   Section        0  libshutdown2.o(.ARM.Collect$$libshutdown$$00000004)
    .ARM.Collect$$libshutdown$$00000007      0x08000216   Section        0  libshutdown2.o(.ARM.Collect$$libshutdown$$00000007)
    .ARM.Collect$$libshutdown$$0000000A      0x08000216   Section        0  libshutdown2.o(.ARM.Collect$$libshutdown$$0000000A)
    .ARM.Collect$$libshutdown$$0000000C      0x08000216   Section        0  libshutdown2.o(.ARM.Collect$$libshutdown$$0000000C)
    .ARM.Collect$$libshutdown$$0000000F      0x08000216   Section        0  libshutdown2.o(.ARM.Collect$$libshutdown$$0000000F)
    .ARM.Collect$$libshutdown$$00000010      0x08000216   Section        2  libshutdown2.o(.ARM.Collect$$libshutdown$$00000010)
    .ARM.Collect$$rtentry$$00000000          0x08000218   Section        0  __rtentry.o(.ARM.Collect$$rtentry$$00000000)
    .ARM.Collect$$rtentry$$00000002          0x08000218   Section        0  __rtentry2.o(.ARM.Collect$$rtentry$$00000002)
    .ARM.Collect$$rtentry$$00000004          0x08000218   Section        6  __rtentry4.o(.ARM.Collect$$rtentry$$00000004)
    .ARM.Collect$$rtentry$$00000009          0x0800021e   Section        0  __rtentry2.o(.ARM.Collect$$rtentry$$00000009)
    .ARM.Collect$$rtentry$$0000000A          0x0800021e   Section        4  __rtentry2.o(.ARM.Collect$$rtentry$$0000000A)
    .ARM.Collect$$rtentry$$0000000C          0x08000222   Section        0  __rtentry2.o(.ARM.Collect$$rtentry$$0000000C)
    .ARM.Collect$$rtentry$$0000000D          0x08000222   Section        8  __rtentry2.o(.ARM.Collect$$rtentry$$0000000D)
    .ARM.Collect$$rtexit$$00000000           0x0800022a   Section        2  rtexit.o(.ARM.Collect$$rtexit$$00000000)
    .ARM.Collect$$rtexit$$00000002           0x0800022c   Section        0  rtexit2.o(.ARM.Collect$$rtexit$$00000002)
    .ARM.Collect$$rtexit$$00000003           0x0800022c   Section        4  rtexit2.o(.ARM.Collect$$rtexit$$00000003)
    .ARM.Collect$$rtexit$$00000004           0x08000230   Section        6  rtexit2.o(.ARM.Collect$$rtexit$$00000004)
    .emb_text                                0x08000238   Section        0  maybetermalloc1.o(.emb_text)
    .text                                    0x08000238   Section       64  startup_stm32f40_41xxx.o(.text)
    $v0                                      0x08000238   Number         0  startup_stm32f40_41xxx.o(.text)
    .text                                    0x08000278   Section        0  noretval__2printf.o(.text)
    .text                                    0x08000290   Section      128  strcmpv7m.o(.text)
    .text                                    0x08000310   Section        0  heapauxi.o(.text)
    .text                                    0x08000318   Section        0  _printf_char_file.o(.text)
    .text                                    0x0800033c   Section        0  _printf_char_common.o(.text)
    _printf_input_char                       0x0800033d   Thumb Code    10  _printf_char_common.o(.text)
    .text                                    0x0800036c   Section        0  ferror.o(.text)
    .text                                    0x08000374   Section        0  initio.o(.text)
    .text                                    0x080004ac   Section       74  sys_stackheap_outer.o(.text)
    .text                                    0x080004f6   Section        0  h1_free.o(.text)
    .text                                    0x08000544   Section        0  __printf_nopercent.o(.text)
    .text                                    0x0800056c   Section        0  setvbuf.o(.text)
    .text                                    0x080005b4   Section        0  fopen.o(.text)
    _freopen_locked                          0x080005b5   Thumb Code     0  fopen.o(.text)
    .text                                    0x080006a0   Section        0  fclose.o(.text)
    .text                                    0x080006ec   Section        0  exit.o(.text)
    .text                                    0x080006fe   Section        0  defsig_rtred_outer.o(.text)
    .text                                    0x0800070c   Section       78  rt_memclr_w.o(.text)
    .text                                    0x0800075c   Section        8  libspace.o(.text)
    .text                                    0x08000764   Section        8  rt_heap_descriptor_intlibspace.o(.text)
    .text                                    0x0800076c   Section        0  hguard.o(.text)
    .text                                    0x08000770   Section        0  init_alloc.o(.text)
    .text                                    0x080007fa   Section        0  h1_alloc.o(.text)
    .text                                    0x08000858   Section        0  fseek.o(.text)
    .text                                    0x08000950   Section        0  stdio.o(.text)
    .text                                    0x08000a40   Section        0  defsig_exit.o(.text)
    .text                                    0x08000a4c   Section        0  defsig_rtred_inner.o(.text)
    .text                                    0x08000a80   Section        0  sys_exit.o(.text)
    .text                                    0x08000a8c   Section        0  h1_init.o(.text)
    .text                                    0x08000a9a   Section        0  h1_extend.o(.text)
    .text                                    0x08000ace   Section        0  ftell.o(.text)
    .text                                    0x08000b10   Section        0  defsig_general.o(.text)
    .text                                    0x08000b42   Section        0  defsig_rtmem_outer.o(.text)
    .text                                    0x08000b50   Section        0  sys_wrch.o(.text)
    .text                                    0x08000b5e   Section        2  use_no_semi.o(.text)
    .text                                    0x08000b60   Section        0  indicate_semi.o(.text)
    .text                                    0x08000b60   Section        8  rt_errno_addr_intlibspace.o(.text)
    .text                                    0x08000b68   Section        0  defsig_rtmem_inner.o(.text)
    i.ADC_Cmd                                0x08000bb8   Section        0  stm32f4xx_adc.o(i.ADC_Cmd)
    i.ADC_DeInit                             0x08000bce   Section        0  stm32f4xx_adc.o(i.ADC_DeInit)
    i.ADC_GetConversionValue                 0x08000be4   Section        0  stm32f4xx_adc.o(i.ADC_GetConversionValue)
    i.ADC_GetFlagStatus                      0x08000bec   Section        0  stm32f4xx_adc.o(i.ADC_GetFlagStatus)
    i.ADC_Init                               0x08000c00   Section        0  stm32f4xx_adc.o(i.ADC_Init)
    i.ADC_RegularChannelConfig               0x08000c54   Section        0  stm32f4xx_adc.o(i.ADC_RegularChannelConfig)
    i.ADC_SoftwareStartConv                  0x08000d0c   Section        0  stm32f4xx_adc.o(i.ADC_SoftwareStartConv)
    i.ADC_get_value_voltage                  0x08000d18   Section        0  adc.o(i.ADC_get_value_voltage)
    i.ADC_get_voltage_from_channel           0x08000d9c   Section        0  adc.o(i.ADC_get_voltage_from_channel)
    i.ADC_pin_config                         0x08000e18   Section        0  adc.o(i.ADC_pin_config)
    i.ADC_pin_select_config                  0x08000eb0   Section        0  adc.o(i.ADC_pin_select_config)
    i.ADC_select_channel                     0x08000f00   Section        0  adc.o(i.ADC_select_channel)
    i.Delay_ms                               0x08000fac   Section        0  delay.o(i.Delay_ms)
    i.Dellay_us                              0x08000fc4   Section        0  delay.o(i.Dellay_us)
    i.EXTI0_IRQHandler                       0x08001008   Section        0  main.o(i.EXTI0_IRQHandler)
    i.EXTI1_IRQHandler                       0x0800106c   Section        0  main.o(i.EXTI1_IRQHandler)
    i.EXTI2_IRQHandler                       0x080010d0   Section        0  main.o(i.EXTI2_IRQHandler)
    i.EXTI3_IRQHandler                       0x08001134   Section        0  main.o(i.EXTI3_IRQHandler)
    i.EXTI4_IRQHandler                       0x08001198   Section        0  main.o(i.EXTI4_IRQHandler)
    i.EXTI9_5_IRQHandler                     0x080011f4   Section        0  main.o(i.EXTI9_5_IRQHandler)
    i.EXTI_ClearITPendingBit                 0x08001264   Section        0  stm32f4xx_exti.o(i.EXTI_ClearITPendingBit)
    i.EXTI_GetITStatus                       0x08001270   Section        0  stm32f4xx_exti.o(i.EXTI_GetITStatus)
    i.EXTI_Init                              0x08001288   Section        0  stm32f4xx_exti.o(i.EXTI_Init)
    i.EXTI_Pin_config                        0x0800131c   Section        0  exti.o(i.EXTI_Pin_config)
    i.EXTI_line_config                       0x08001390   Section        0  exti.o(i.EXTI_line_config)
    i.GPIO_Init                              0x08001444   Section        0  stm32f4xx_gpio.o(i.GPIO_Init)
    i.GPIO_PinAFConfig                       0x080014d4   Section        0  stm32f4xx_gpio.o(i.GPIO_PinAFConfig)
    i.GPIO_ResetBits                         0x0800151a   Section        0  stm32f4xx_gpio.o(i.GPIO_ResetBits)
    i.GPIO_SetBits                           0x0800151e   Section        0  stm32f4xx_gpio.o(i.GPIO_SetBits)
    i.GPIO_ToggleBits                        0x08001522   Section        0  stm32f4xx_gpio.o(i.GPIO_ToggleBits)
    i.GPIO_WriteBit                          0x0800152a   Section        0  stm32f4xx_gpio.o(i.GPIO_WriteBit)
    i.NVIC_Init                              0x08001534   Section        0  misc.o(i.NVIC_Init)
    i.RCC_AHB1PeriphClockCmd                 0x080015ac   Section        0  stm32f4xx_rcc.o(i.RCC_AHB1PeriphClockCmd)
    i.RCC_APB1PeriphClockCmd                 0x080015cc   Section        0  stm32f4xx_rcc.o(i.RCC_APB1PeriphClockCmd)
    i.RCC_APB2PeriphClockCmd                 0x080015ec   Section        0  stm32f4xx_rcc.o(i.RCC_APB2PeriphClockCmd)
    i.RCC_APB2PeriphResetCmd                 0x0800160c   Section        0  stm32f4xx_rcc.o(i.RCC_APB2PeriphResetCmd)
    i.RCC_GetClocksFreq                      0x0800162c   Section        0  stm32f4xx_rcc.o(i.RCC_GetClocksFreq)
    i.SPI_Cmd                                0x08001714   Section        0  stm32f4xx_spi.o(i.SPI_Cmd)
    i.SPI_I2S_GetFlagStatus                  0x0800172c   Section        0  stm32f4xx_spi.o(i.SPI_I2S_GetFlagStatus)
    i.SPI_I2S_SendData                       0x0800173e   Section        0  stm32f4xx_spi.o(i.SPI_I2S_SendData)
    i.SPI_Init                               0x08001742   Section        0  stm32f4xx_spi.o(i.SPI_Init)
    i.SPI_init                               0x08001780   Section        0  spi.o(i.SPI_init)
    i.SPI_pin_config                         0x080017dc   Section        0  spi.o(i.SPI_pin_config)
    i.SPI_pin_nss                            0x08001828   Section        0  spi.o(i.SPI_pin_nss)
    i.SPI_send_data                          0x08001860   Section        0  spi.o(i.SPI_send_data)
    i.STATUS_pin_peripheral_config           0x0800188c   Section        0  status.o(i.STATUS_pin_peripheral_config)
    i.SYSCFG_EXTILineConfig                  0x080018c0   Section        0  stm32f4xx_syscfg.o(i.SYSCFG_EXTILineConfig)
    i.SetSysClock                            0x08001900   Section        0  system_stm32f4xx.o(i.SetSysClock)
    SetSysClock                              0x08001901   Thumb Code   220  system_stm32f4xx.o(i.SetSysClock)
    i.SysTick_Handler                        0x080019ec   Section        0  delay.o(i.SysTick_Handler)
    i.SystemInit                             0x08001a04   Section        0  system_stm32f4xx.o(i.SystemInit)
    i.TIM2_IRQHandler                        0x08001a6c   Section        0  main.o(i.TIM2_IRQHandler)
    i.TIMER_interupt_config                  0x08001d6c   Section        0  timer.o(i.TIMER_interupt_config)
    i.TIM_ClearITPendingBit                  0x08001de4   Section        0  stm32f4xx_tim.o(i.TIM_ClearITPendingBit)
    i.TIM_Cmd                                0x08001dea   Section        0  stm32f4xx_tim.o(i.TIM_Cmd)
    i.TIM_GetITStatus                        0x08001e02   Section        0  stm32f4xx_tim.o(i.TIM_GetITStatus)
    i.TIM_ITConfig                           0x08001e24   Section        0  stm32f4xx_tim.o(i.TIM_ITConfig)
    i.TIM_TimeBaseInit                       0x08001e38   Section        0  stm32f4xx_tim.o(i.TIM_TimeBaseInit)
    i.UART_PutChar                           0x08001ebc   Section        0  uart.o(i.UART_PutChar)
    i.UART_PutString                         0x08001edc   Section        0  uart.o(i.UART_PutString)
    i.UART_init_config                       0x08001ef4   Section        0  uart.o(i.UART_init_config)
    i.UART_pin_config                        0x08001f60   Section        0  uart.o(i.UART_pin_config)
    i.USART_Cmd                              0x08001fa8   Section        0  stm32f4xx_usart.o(i.USART_Cmd)
    i.USART_GetFlagStatus                    0x08001fc0   Section        0  stm32f4xx_usart.o(i.USART_GetFlagStatus)
    i.USART_ITConfig                         0x08001fda   Section        0  stm32f4xx_usart.o(i.USART_ITConfig)
    i.USART_Init                             0x08002024   Section        0  stm32f4xx_usart.o(i.USART_Init)
    i.USART_SendData                         0x080020f8   Section        0  stm32f4xx_usart.o(i.USART_SendData)
    i._sys_close                             0x08002100   Section        0  retarget_io.o(i._sys_close)
    i._sys_flen                              0x08002126   Section        0  retarget_io.o(i._sys_flen)
    i._sys_istty                             0x0800214a   Section        0  retarget_io.o(i._sys_istty)
    i._sys_open                              0x08002170   Section        0  retarget_io.o(i._sys_open)
    i._sys_seek                              0x080021d8   Section        0  retarget_io.o(i._sys_seek)
    i._sys_write                             0x08002204   Section        0  retarget_io.o(i._sys_write)
    i.fputc                                  0x0800225c   Section        0  main.o(i.fputc)
    i.main                                   0x08002294   Section        0  main.o(i.main)
    i.package_crc                            0x08002334   Section        0  package_data.o(i.package_crc)
    i.package_data_emer                      0x0800234e   Section        0  package_data.o(i.package_data_emer)
    i.package_data_human                     0x080023ba   Section        0  package_data.o(i.package_data_human)
    i.package_data_infor                     0x08002420   Section        0  package_data.o(i.package_data_infor)
    i.package_emer                           0x0800248c   Section        0  package_data.o(i.package_emer)
    i.package_end                            0x080024d4   Section        0  package_data.o(i.package_end)
    i.package_header                         0x080024e8   Section        0  package_data.o(i.package_header)
    i.package_human                          0x08002504   Section        0  package_data.o(i.package_human)
    i.package_infor                          0x0800254c   Section        0  package_data.o(i.package_infor)
    i.package_infor_spi                      0x080025c0   Section        0  package_data.o(i.package_infor_spi)
    i.package_status_infor                   0x08002644   Section        0  package_data.o(i.package_status_infor)
    i.reset_buffer_tx                        0x08002736   Section        0  package_data.o(i.reset_buffer_tx)
    i.set_emer_flag                          0x08002748   Section        0  package_data.o(i.set_emer_flag)
    i.stderr_putchar                         0x0800281c   Section        0  retarget_io.o(i.stderr_putchar)
    stderr_putchar                           0x0800281d   Thumb Code     4  retarget_io.o(i.stderr_putchar)
    i.stdout_putchar                         0x08002820   Section        0  retarget_io.o(i.stdout_putchar)
    stdout_putchar                           0x08002821   Thumb Code     4  retarget_io.o(i.stdout_putchar)
    i.timetick_configure                     0x08002824   Section        0  delay.o(i.timetick_configure)
    x$fpl$dcmpinf                            0x0800288c   Section       24  dcmpi.o(x$fpl$dcmpinf)
    $v0                                      0x0800288c   Number         0  dcmpi.o(x$fpl$dcmpinf)
    x$fpl$dleqf                              0x080028a4   Section      120  dleqf.o(x$fpl$dleqf)
    $v0                                      0x080028a4   Number         0  dleqf.o(x$fpl$dleqf)
    x$fpl$dnaninf                            0x0800291c   Section      156  dnaninf.o(x$fpl$dnaninf)
    $v0                                      0x0800291c   Number         0  dnaninf.o(x$fpl$dnaninf)
    x$fpl$dretinf                            0x080029b8   Section       12  dretinf.o(x$fpl$dretinf)
    $v0                                      0x080029b8   Number         0  dretinf.o(x$fpl$dretinf)
    x$fpl$drleqf                             0x080029c4   Section      108  drleqf.o(x$fpl$drleqf)
    $v0                                      0x080029c4   Number         0  drleqf.o(x$fpl$drleqf)
    x$fpl$f2d                                0x08002a30   Section       86  f2d.o(x$fpl$f2d)
    $v0                                      0x08002a30   Number         0  f2d.o(x$fpl$f2d)
    x$fpl$fnaninf                            0x08002a86   Section      140  fnaninf.o(x$fpl$fnaninf)
    $v0                                      0x08002a86   Number         0  fnaninf.o(x$fpl$fnaninf)
    x$fpl$fpinit                             0x08002b12   Section       10  fpinit.o(x$fpl$fpinit)
    $v0                                      0x08002b12   Number         0  fpinit.o(x$fpl$fpinit)
    .constdata                               0x08002b1c   Section       23  retarget_io.o(.constdata)
    x$fpl$usenofp                            0x08002b1c   Section        0  usenofp.o(x$fpl$usenofp)
    .data                                    0x20000000   Section       20  system_stm32f4xx.o(.data)
    .data                                    0x20000014   Section      161  main.o(.data)
    TimingDelay                              0x20000014   Data           4  main.o(.data)
    .data                                    0x200000b5   Section       16  stm32f4xx_rcc.o(.data)
    APBAHBPrescTable                         0x200000b5   Data          16  stm32f4xx_rcc.o(.data)
    .data                                    0x200000c8   Section        4  delay.o(.data)
    TimingDelay                              0x200000c8   Data           4  delay.o(.data)
    .data                                    0x200000cc   Section        4  stdio_streams.o(.data)
    .data                                    0x200000d0   Section        4  stdio_streams.o(.data)
    .data                                    0x200000d4   Section        4  stdio_streams.o(.data)
    .bss                                     0x200000d8   Section     2444  main.o(.bss)
    .bss                                     0x20000a64   Section       84  stdio_streams.o(.bss)
    .bss                                     0x20000ab8   Section       84  stdio_streams.o(.bss)
    .bss                                     0x20000b0c   Section       84  stdio_streams.o(.bss)
    .bss                                     0x20000b60   Section       96  libspace.o(.bss)
    HEAP                                     0x20000bc0   Section      512  startup_stm32f40_41xxx.o(HEAP)
    Heap_Mem                                 0x20000bc0   Data         512  startup_stm32f40_41xxx.o(HEAP)
    STACK                                    0x20000dc0   Section     1024  startup_stm32f40_41xxx.o(STACK)
    Stack_Mem                                0x20000dc0   Data        1024  startup_stm32f40_41xxx.o(STACK)
    __initial_sp                             0x200011c0   Data           0  startup_stm32f40_41xxx.o(STACK)

    Global Symbols

    Symbol Name                              Value     Ov Type        Size  Object(Section)

    BuildAttributes$$THM_ISAv4$E$P$D$K$B$S$7EM$VFPi3$EXTD16$VFPS$VFMA$PE$A:L22UL41UL21$X:L11$S22US41US21$IEEE1$IW$USESV6$~STKCKD$USESV7$~SHL$OTIME$ROPI$EBA8$UX$STANDARDLIB$REQ8$PRES8$EABIv2 0x00000000   Number         0  anon$$obj.o ABSOLUTE
    __ARM_use_no_argv                        0x00000000   Number         0  main.o ABSOLUTE
    __ARM_exceptions_init                     - Undefined Weak Reference
    __alloca_initialize                       - Undefined Weak Reference
    __arm_preinit_                            - Undefined Weak Reference
    __cpp_initialize__aeabi_                  - Undefined Weak Reference
    __cxa_finalize                            - Undefined Weak Reference
    __rt_locale                               - Undefined Weak Reference
    __sigvec_lookup                           - Undefined Weak Reference
    __user_heap_extent                        - Undefined Weak Reference
    _atexit_init                              - Undefined Weak Reference
    _call_atexit_fns                          - Undefined Weak Reference
    _clock_init                               - Undefined Weak Reference
    _fp_trap_init                             - Undefined Weak Reference
    _fp_trap_shutdown                         - Undefined Weak Reference
    _get_lc_collate                           - Undefined Weak Reference
    _get_lc_ctype                             - Undefined Weak Reference
    _get_lc_monetary                          - Undefined Weak Reference
    _get_lc_numeric                           - Undefined Weak Reference
    _get_lc_time                              - Undefined Weak Reference
    _getenv_init                              - Undefined Weak Reference
    _handle_redirection                       - Undefined Weak Reference
    _mutex_acquire                            - Undefined Weak Reference
    _mutex_free                               - Undefined Weak Reference
    _mutex_release                            - Undefined Weak Reference
    _rand_init                                - Undefined Weak Reference
    _signal_finish                            - Undefined Weak Reference
    _signal_init                              - Undefined Weak Reference
    __Vectors_Size                           0x00000188   Number         0  startup_stm32f40_41xxx.o ABSOLUTE
    __Vectors                                0x08000000   Data           4  startup_stm32f40_41xxx.o(RESET)
    __Vectors_End                            0x08000188   Data           0  startup_stm32f40_41xxx.o(RESET)
    __main                                   0x08000189   Thumb Code     8  __main.o(!!!main)
    __scatterload                            0x08000191   Thumb Code     0  __scatter.o(!!!scatter)
    __scatterload_rt2                        0x08000191   Thumb Code    44  __scatter.o(!!!scatter)
    __scatterload_rt2_thumb_only             0x08000191   Thumb Code     0  __scatter.o(!!!scatter)
    __scatterload_null                       0x0800019f   Thumb Code     0  __scatter.o(!!!scatter)
    __scatterload_copy                       0x080001c5   Thumb Code    26  __scatter_copy.o(!!handler_copy)
    __scatterload_zeroinit                   0x080001e1   Thumb Code    28  __scatter_zi.o(!!handler_zi)
    __rt_lib_init                            0x080001fd   Thumb Code     0  libinit.o(.ARM.Collect$$libinit$$00000000)
    __rt_lib_init_fp_1                       0x080001ff   Thumb Code     0  libinit2.o(.ARM.Collect$$libinit$$00000001)
    __rt_lib_init_heap_2                     0x08000203   Thumb Code     0  libinit2.o(.ARM.Collect$$libinit$$00000005)
    __rt_lib_init_preinit_1                  0x08000203   Thumb Code     0  libinit2.o(.ARM.Collect$$libinit$$00000004)
    __rt_lib_init_atexit_1                   0x0800020b   Thumb Code     0  libinit2.o(.ARM.Collect$$libinit$$0000001B)
    __rt_lib_init_clock_1                    0x0800020b   Thumb Code     0  libinit2.o(.ARM.Collect$$libinit$$00000021)
    __rt_lib_init_fp_trap_1                  0x0800020b   Thumb Code     0  libinit2.o(.ARM.Collect$$libinit$$0000001F)
    __rt_lib_init_getenv_1                   0x0800020b   Thumb Code     0  libinit2.o(.ARM.Collect$$libinit$$00000023)
    __rt_lib_init_heap_1                     0x0800020b   Thumb Code     0  libinit2.o(.ARM.Collect$$libinit$$0000000A)
    __rt_lib_init_lc_collate_1               0x0800020b   Thumb Code     0  libinit2.o(.ARM.Collect$$libinit$$00000011)
    __rt_lib_init_lc_ctype_1                 0x0800020b   Thumb Code     0  libinit2.o(.ARM.Collect$$libinit$$00000013)
    __rt_lib_init_lc_monetary_1              0x0800020b   Thumb Code     0  libinit2.o(.ARM.Collect$$libinit$$00000015)
    __rt_lib_init_lc_numeric_1               0x0800020b   Thumb Code     0  libinit2.o(.ARM.Collect$$libinit$$00000017)
    __rt_lib_init_lc_time_1                  0x0800020b   Thumb Code     0  libinit2.o(.ARM.Collect$$libinit$$00000019)
    __rt_lib_init_rand_1                     0x0800020b   Thumb Code     0  libinit2.o(.ARM.Collect$$libinit$$0000000E)
    __rt_lib_init_signal_1                   0x0800020b   Thumb Code     0  libinit2.o(.ARM.Collect$$libinit$$0000001D)
    __rt_lib_init_stdio_2                    0x0800020b   Thumb Code     0  libinit2.o(.ARM.Collect$$libinit$$00000024)
    __rt_lib_init_user_alloc_1               0x0800020b   Thumb Code     0  libinit2.o(.ARM.Collect$$libinit$$0000000C)
    __rt_lib_init_alloca_1                   0x0800020f   Thumb Code     0  libinit2.o(.ARM.Collect$$libinit$$0000002E)
    __rt_lib_init_argv_1                     0x0800020f   Thumb Code     0  libinit2.o(.ARM.Collect$$libinit$$0000002C)
    __rt_lib_init_cpp_1                      0x0800020f   Thumb Code     0  libinit2.o(.ARM.Collect$$libinit$$00000032)
    __rt_lib_init_exceptions_1               0x0800020f   Thumb Code     0  libinit2.o(.ARM.Collect$$libinit$$00000030)
    __rt_lib_init_return                     0x0800020f   Thumb Code     0  libinit2.o(.ARM.Collect$$libinit$$00000033)
    __rt_lib_init_stdio_1                    0x0800020f   Thumb Code     0  libinit2.o(.ARM.Collect$$libinit$$00000025)
    __rt_lib_shutdown                        0x08000211   Thumb Code     0  libshutdown.o(.ARM.Collect$$libshutdown$$00000000)
    __rt_lib_shutdown_cpp_1                  0x08000213   Thumb Code     0  libshutdown2.o(.ARM.Collect$$libshutdown$$00000002)
    __rt_lib_shutdown_stdio_2                0x08000213   Thumb Code     0  libshutdown2.o(.ARM.Collect$$libshutdown$$00000003)
    __rt_lib_shutdown_fp_trap_1              0x08000217   Thumb Code     0  libshutdown2.o(.ARM.Collect$$libshutdown$$00000007)
    __rt_lib_shutdown_heap_1                 0x08000217   Thumb Code     0  libshutdown2.o(.ARM.Collect$$libshutdown$$0000000F)
    __rt_lib_shutdown_return                 0x08000217   Thumb Code     0  libshutdown2.o(.ARM.Collect$$libshutdown$$00000010)
    __rt_lib_shutdown_signal_1               0x08000217   Thumb Code     0  libshutdown2.o(.ARM.Collect$$libshutdown$$0000000A)
    __rt_lib_shutdown_stdio_1                0x08000217   Thumb Code     0  libshutdown2.o(.ARM.Collect$$libshutdown$$00000004)
    __rt_lib_shutdown_user_alloc_1           0x08000217   Thumb Code     0  libshutdown2.o(.ARM.Collect$$libshutdown$$0000000C)
    __rt_entry                               0x08000219   Thumb Code     0  __rtentry.o(.ARM.Collect$$rtentry$$00000000)
    __rt_entry_presh_1                       0x08000219   Thumb Code     0  __rtentry2.o(.ARM.Collect$$rtentry$$00000002)
    __rt_entry_sh                            0x08000219   Thumb Code     0  __rtentry4.o(.ARM.Collect$$rtentry$$00000004)
    __rt_entry_li                            0x0800021f   Thumb Code     0  __rtentry2.o(.ARM.Collect$$rtentry$$0000000A)
    __rt_entry_postsh_1                      0x0800021f   Thumb Code     0  __rtentry2.o(.ARM.Collect$$rtentry$$00000009)
    __rt_entry_main                          0x08000223   Thumb Code     0  __rtentry2.o(.ARM.Collect$$rtentry$$0000000D)
    __rt_entry_postli_1                      0x08000223   Thumb Code     0  __rtentry2.o(.ARM.Collect$$rtentry$$0000000C)
    __rt_exit                                0x0800022b   Thumb Code     0  rtexit.o(.ARM.Collect$$rtexit$$00000000)
    __rt_exit_ls                             0x0800022d   Thumb Code     0  rtexit2.o(.ARM.Collect$$rtexit$$00000003)
    __rt_exit_prels_1                        0x0800022d   Thumb Code     0  rtexit2.o(.ARM.Collect$$rtexit$$00000002)
    __rt_exit_exit                           0x08000231   Thumb Code     0  rtexit2.o(.ARM.Collect$$rtexit$$00000004)
    Reset_Handler                            0x08000239   Thumb Code     8  startup_stm32f40_41xxx.o(.text)
    _maybe_terminate_alloc                   0x08000239   Thumb Code     0  maybetermalloc1.o(.emb_text)
    NMI_Handler                              0x08000241   Thumb Code     2  startup_stm32f40_41xxx.o(.text)
    HardFault_Handler                        0x08000243   Thumb Code     2  startup_stm32f40_41xxx.o(.text)
    MemManage_Handler                        0x08000245   Thumb Code     2  startup_stm32f40_41xxx.o(.text)
    BusFault_Handler                         0x08000247   Thumb Code     2  startup_stm32f40_41xxx.o(.text)
    UsageFault_Handler                       0x08000249   Thumb Code     2  startup_stm32f40_41xxx.o(.text)
    SVC_Handler                              0x0800024b   Thumb Code     2  startup_stm32f40_41xxx.o(.text)
    DebugMon_Handler                         0x0800024d   Thumb Code     2  startup_stm32f40_41xxx.o(.text)
    PendSV_Handler                           0x0800024f   Thumb Code     2  startup_stm32f40_41xxx.o(.text)
    ADC_IRQHandler                           0x08000253   Thumb Code     0  startup_stm32f40_41xxx.o(.text)
    CAN1_RX0_IRQHandler                      0x08000253   Thumb Code     0  startup_stm32f40_41xxx.o(.text)
    CAN1_RX1_IRQHandler                      0x08000253   Thumb Code     0  startup_stm32f40_41xxx.o(.text)
    CAN1_SCE_IRQHandler                      0x08000253   Thumb Code     0  startup_stm32f40_41xxx.o(.text)
    CAN1_TX_IRQHandler                       0x08000253   Thumb Code     0  startup_stm32f40_41xxx.o(.text)
    CAN2_RX0_IRQHandler                      0x08000253   Thumb Code     0  startup_stm32f40_41xxx.o(.text)
    CAN2_RX1_IRQHandler                      0x08000253   Thumb Code     0  startup_stm32f40_41xxx.o(.text)
    CAN2_SCE_IRQHandler                      0x08000253   Thumb Code     0  startup_stm32f40_41xxx.o(.text)
    CAN2_TX_IRQHandler                       0x08000253   Thumb Code     0  startup_stm32f40_41xxx.o(.text)
    CRYP_IRQHandler                          0x08000253   Thumb Code     0  startup_stm32f40_41xxx.o(.text)
    DCMI_IRQHandler                          0x08000253   Thumb Code     0  startup_stm32f40_41xxx.o(.text)
    DMA1_Stream0_IRQHandler                  0x08000253   Thumb Code     0  startup_stm32f40_41xxx.o(.text)
    DMA1_Stream1_IRQHandler                  0x08000253   Thumb Code     0  startup_stm32f40_41xxx.o(.text)
    DMA1_Stream2_IRQHandler                  0x08000253   Thumb Code     0  startup_stm32f40_41xxx.o(.text)
    DMA1_Stream3_IRQHandler                  0x08000253   Thumb Code     0  startup_stm32f40_41xxx.o(.text)
    DMA1_Stream4_IRQHandler                  0x08000253   Thumb Code     0  startup_stm32f40_41xxx.o(.text)
    DMA1_Stream5_IRQHandler                  0x08000253   Thumb Code     0  startup_stm32f40_41xxx.o(.text)
    DMA1_Stream6_IRQHandler                  0x08000253   Thumb Code     0  startup_stm32f40_41xxx.o(.text)
    DMA1_Stream7_IRQHandler                  0x08000253   Thumb Code     0  startup_stm32f40_41xxx.o(.text)
    DMA2_Stream0_IRQHandler                  0x08000253   Thumb Code     0  startup_stm32f40_41xxx.o(.text)
    DMA2_Stream1_IRQHandler                  0x08000253   Thumb Code     0  startup_stm32f40_41xxx.o(.text)
    DMA2_Stream2_IRQHandler                  0x08000253   Thumb Code     0  startup_stm32f40_41xxx.o(.text)
    DMA2_Stream3_IRQHandler                  0x08000253   Thumb Code     0  startup_stm32f40_41xxx.o(.text)
    DMA2_Stream4_IRQHandler                  0x08000253   Thumb Code     0  startup_stm32f40_41xxx.o(.text)
    DMA2_Stream5_IRQHandler                  0x08000253   Thumb Code     0  startup_stm32f40_41xxx.o(.text)
    DMA2_Stream6_IRQHandler                  0x08000253   Thumb Code     0  startup_stm32f40_41xxx.o(.text)
    DMA2_Stream7_IRQHandler                  0x08000253   Thumb Code     0  startup_stm32f40_41xxx.o(.text)
    ETH_IRQHandler                           0x08000253   Thumb Code     0  startup_stm32f40_41xxx.o(.text)
    ETH_WKUP_IRQHandler                      0x08000253   Thumb Code     0  startup_stm32f40_41xxx.o(.text)
    EXTI15_10_IRQHandler                     0x08000253   Thumb Code     0  startup_stm32f40_41xxx.o(.text)
    FLASH_IRQHandler                         0x08000253   Thumb Code     0  startup_stm32f40_41xxx.o(.text)
    FPU_IRQHandler                           0x08000253   Thumb Code     0  startup_stm32f40_41xxx.o(.text)
    FSMC_IRQHandler                          0x08000253   Thumb Code     0  startup_stm32f40_41xxx.o(.text)
    HASH_RNG_IRQHandler                      0x08000253   Thumb Code     0  startup_stm32f40_41xxx.o(.text)
    I2C1_ER_IRQHandler                       0x08000253   Thumb Code     0  startup_stm32f40_41xxx.o(.text)
    I2C1_EV_IRQHandler                       0x08000253   Thumb Code     0  startup_stm32f40_41xxx.o(.text)
    I2C2_ER_IRQHandler                       0x08000253   Thumb Code     0  startup_stm32f40_41xxx.o(.text)
    I2C2_EV_IRQHandler                       0x08000253   Thumb Code     0  startup_stm32f40_41xxx.o(.text)
    I2C3_ER_IRQHandler                       0x08000253   Thumb Code     0  startup_stm32f40_41xxx.o(.text)
    I2C3_EV_IRQHandler                       0x08000253   Thumb Code     0  startup_stm32f40_41xxx.o(.text)
    OTG_FS_IRQHandler                        0x08000253   Thumb Code     0  startup_stm32f40_41xxx.o(.text)
    OTG_FS_WKUP_IRQHandler                   0x08000253   Thumb Code     0  startup_stm32f40_41xxx.o(.text)
    OTG_HS_EP1_IN_IRQHandler                 0x08000253   Thumb Code     0  startup_stm32f40_41xxx.o(.text)
    OTG_HS_EP1_OUT_IRQHandler                0x08000253   Thumb Code     0  startup_stm32f40_41xxx.o(.text)
    OTG_HS_IRQHandler                        0x08000253   Thumb Code     0  startup_stm32f40_41xxx.o(.text)
    OTG_HS_WKUP_IRQHandler                   0x08000253   Thumb Code     0  startup_stm32f40_41xxx.o(.text)
    PVD_IRQHandler                           0x08000253   Thumb Code     0  startup_stm32f40_41xxx.o(.text)
    RCC_IRQHandler                           0x08000253   Thumb Code     0  startup_stm32f40_41xxx.o(.text)
    RTC_Alarm_IRQHandler                     0x08000253   Thumb Code     0  startup_stm32f40_41xxx.o(.text)
    RTC_WKUP_IRQHandler                      0x08000253   Thumb Code     0  startup_stm32f40_41xxx.o(.text)
    SDIO_IRQHandler                          0x08000253   Thumb Code     0  startup_stm32f40_41xxx.o(.text)
    SPI1_IRQHandler                          0x08000253   Thumb Code     0  startup_stm32f40_41xxx.o(.text)
    SPI2_IRQHandler                          0x08000253   Thumb Code     0  startup_stm32f40_41xxx.o(.text)
    SPI3_IRQHandler                          0x08000253   Thumb Code     0  startup_stm32f40_41xxx.o(.text)
    TAMP_STAMP_IRQHandler                    0x08000253   Thumb Code     0  startup_stm32f40_41xxx.o(.text)
    TIM1_BRK_TIM9_IRQHandler                 0x08000253   Thumb Code     0  startup_stm32f40_41xxx.o(.text)
    TIM1_CC_IRQHandler                       0x08000253   Thumb Code     0  startup_stm32f40_41xxx.o(.text)
    TIM1_TRG_COM_TIM11_IRQHandler            0x08000253   Thumb Code     0  startup_stm32f40_41xxx.o(.text)
    TIM1_UP_TIM10_IRQHandler                 0x08000253   Thumb Code     0  startup_stm32f40_41xxx.o(.text)
    TIM3_IRQHandler                          0x08000253   Thumb Code     0  startup_stm32f40_41xxx.o(.text)
    TIM4_IRQHandler                          0x08000253   Thumb Code     0  startup_stm32f40_41xxx.o(.text)
    TIM5_IRQHandler                          0x08000253   Thumb Code     0  startup_stm32f40_41xxx.o(.text)
    TIM6_DAC_IRQHandler                      0x08000253   Thumb Code     0  startup_stm32f40_41xxx.o(.text)
    TIM7_IRQHandler                          0x08000253   Thumb Code     0  startup_stm32f40_41xxx.o(.text)
    TIM8_BRK_TIM12_IRQHandler                0x08000253   Thumb Code     0  startup_stm32f40_41xxx.o(.text)
    TIM8_CC_IRQHandler                       0x08000253   Thumb Code     0  startup_stm32f40_41xxx.o(.text)
    TIM8_TRG_COM_TIM14_IRQHandler            0x08000253   Thumb Code     0  startup_stm32f40_41xxx.o(.text)
    TIM8_UP_TIM13_IRQHandler                 0x08000253   Thumb Code     0  startup_stm32f40_41xxx.o(.text)
    UART4_IRQHandler                         0x08000253   Thumb Code     0  startup_stm32f40_41xxx.o(.text)
    UART5_IRQHandler                         0x08000253   Thumb Code     0  startup_stm32f40_41xxx.o(.text)
    USART1_IRQHandler                        0x08000253   Thumb Code     0  startup_stm32f40_41xxx.o(.text)
    USART2_IRQHandler                        0x08000253   Thumb Code     0  startup_stm32f40_41xxx.o(.text)
    USART3_IRQHandler                        0x08000253   Thumb Code     0  startup_stm32f40_41xxx.o(.text)
    USART6_IRQHandler                        0x08000253   Thumb Code     0  startup_stm32f40_41xxx.o(.text)
    WWDG_IRQHandler                          0x08000253   Thumb Code     0  startup_stm32f40_41xxx.o(.text)
    __user_initial_stackheap                 0x08000255   Thumb Code     0  startup_stm32f40_41xxx.o(.text)
    __2printf                                0x08000279   Thumb Code    20  noretval__2printf.o(.text)
    strcmp                                   0x08000291   Thumb Code   128  strcmpv7m.o(.text)
    __use_two_region_memory                  0x08000311   Thumb Code     2  heapauxi.o(.text)
    __rt_heap_escrow                         0x08000313   Thumb Code     2  heapauxi.o(.text)
    __rt_heap_expand                         0x08000315   Thumb Code     2  heapauxi.o(.text)
    _printf_char_file                        0x08000319   Thumb Code    32  _printf_char_file.o(.text)
    _printf_char_common                      0x08000347   Thumb Code    32  _printf_char_common.o(.text)
    ferror                                   0x0800036d   Thumb Code     8  ferror.o(.text)
    _initio                                  0x08000375   Thumb Code   210  initio.o(.text)
    _terminateio                             0x08000447   Thumb Code    56  initio.o(.text)
    __user_setup_stackheap                   0x080004ad   Thumb Code    74  sys_stackheap_outer.o(.text)
    free                                     0x080004f7   Thumb Code    78  h1_free.o(.text)
    __printf                                 0x08000545   Thumb Code    40  __printf_nopercent.o(.text)
    setvbuf                                  0x0800056d   Thumb Code    70  setvbuf.o(.text)
    freopen                                  0x080005b5   Thumb Code   158  fopen.o(.text)
    fopen                                    0x08000653   Thumb Code    74  fopen.o(.text)
    _fclose_internal                         0x080006a1   Thumb Code    76  fclose.o(.text)
    fclose                                   0x080006a1   Thumb Code     0  fclose.o(.text)
    exit                                     0x080006ed   Thumb Code    18  exit.o(.text)
    __rt_SIGRTRED                            0x080006ff   Thumb Code    14  defsig_rtred_outer.o(.text)
    __aeabi_memclr4                          0x0800070d   Thumb Code     0  rt_memclr_w.o(.text)
    __aeabi_memclr8                          0x0800070d   Thumb Code     0  rt_memclr_w.o(.text)
    __rt_memclr_w                            0x0800070d   Thumb Code    78  rt_memclr_w.o(.text)
    _memset_w                                0x08000711   Thumb Code     0  rt_memclr_w.o(.text)
    __user_libspace                          0x0800075d   Thumb Code     8  libspace.o(.text)
    __user_perproc_libspace                  0x0800075d   Thumb Code     0  libspace.o(.text)
    __user_perthread_libspace                0x0800075d   Thumb Code     0  libspace.o(.text)
    __rt_heap_descriptor                     0x08000765   Thumb Code     8  rt_heap_descriptor_intlibspace.o(.text)
    __use_no_heap                            0x0800076d   Thumb Code     2  hguard.o(.text)
    __heap$guard                             0x0800076f   Thumb Code     2  hguard.o(.text)
    _terminate_user_alloc                    0x08000771   Thumb Code     2  init_alloc.o(.text)
    _init_user_alloc                         0x08000773   Thumb Code     2  init_alloc.o(.text)
    __Heap_Full                              0x08000775   Thumb Code    34  init_alloc.o(.text)
    __Heap_Broken                            0x08000797   Thumb Code     6  init_alloc.o(.text)
    _init_alloc                              0x0800079d   Thumb Code    94  init_alloc.o(.text)
    malloc                                   0x080007fb   Thumb Code    94  h1_alloc.o(.text)
    _fseek                                   0x08000859   Thumb Code   242  fseek.o(.text)
    fseek                                    0x08000859   Thumb Code     0  fseek.o(.text)
    _seterr                                  0x08000951   Thumb Code    20  stdio.o(.text)
    _writebuf                                0x08000965   Thumb Code    84  stdio.o(.text)
    _fflush                                  0x080009b9   Thumb Code    70  stdio.o(.text)
    _deferredlazyseek                        0x080009ff   Thumb Code    60  stdio.o(.text)
    __sig_exit                               0x08000a41   Thumb Code    10  defsig_exit.o(.text)
    __rt_SIGRTRED_inner                      0x08000a4d   Thumb Code    14  defsig_rtred_inner.o(.text)
    _sys_exit                                0x08000a81   Thumb Code     8  sys_exit.o(.text)
    __Heap_Initialize                        0x08000a8d   Thumb Code    10  h1_init.o(.text)
    __Heap_DescSize                          0x08000a97   Thumb Code     4  h1_init.o(.text)
    __Heap_ProvideMemory                     0x08000a9b   Thumb Code    52  h1_extend.o(.text)
    _ftell_internal                          0x08000acf   Thumb Code    66  ftell.o(.text)
    ftell                                    0x08000acf   Thumb Code     0  ftell.o(.text)
    __default_signal_display                 0x08000b11   Thumb Code    50  defsig_general.o(.text)
    __rt_SIGRTMEM                            0x08000b43   Thumb Code    14  defsig_rtmem_outer.o(.text)
    _ttywrch                                 0x08000b51   Thumb Code    14  sys_wrch.o(.text)
    __I$use$semihosting                      0x08000b5f   Thumb Code     0  use_no_semi.o(.text)
    __use_no_semihosting_swi                 0x08000b5f   Thumb Code     2  use_no_semi.o(.text)
    __aeabi_errno_addr                       0x08000b61   Thumb Code     8  rt_errno_addr_intlibspace.o(.text)
    __errno$intlibspace                      0x08000b61   Thumb Code     0  rt_errno_addr_intlibspace.o(.text)
    __rt_errno_addr$intlibspace              0x08000b61   Thumb Code     0  rt_errno_addr_intlibspace.o(.text)
    __semihosting_library_function           0x08000b61   Thumb Code     0  indicate_semi.o(.text)
    __rt_SIGRTMEM_inner                      0x08000b69   Thumb Code    22  defsig_rtmem_inner.o(.text)
    ADC_Cmd                                  0x08000bb9   Thumb Code    22  stm32f4xx_adc.o(i.ADC_Cmd)
    ADC_DeInit                               0x08000bcf   Thumb Code    22  stm32f4xx_adc.o(i.ADC_DeInit)
    ADC_GetConversionValue                   0x08000be5   Thumb Code     8  stm32f4xx_adc.o(i.ADC_GetConversionValue)
    ADC_GetFlagStatus                        0x08000bed   Thumb Code    18  stm32f4xx_adc.o(i.ADC_GetFlagStatus)
    ADC_Init                                 0x08000c01   Thumb Code    74  stm32f4xx_adc.o(i.ADC_Init)
    ADC_RegularChannelConfig                 0x08000c55   Thumb Code   184  stm32f4xx_adc.o(i.ADC_RegularChannelConfig)
    ADC_SoftwareStartConv                    0x08000d0d   Thumb Code    10  stm32f4xx_adc.o(i.ADC_SoftwareStartConv)
    ADC_get_value_voltage                    0x08000d19   Thumb Code   124  adc.o(i.ADC_get_value_voltage)
    ADC_get_voltage_from_channel             0x08000d9d   Thumb Code   108  adc.o(i.ADC_get_voltage_from_channel)
    ADC_pin_config                           0x08000e19   Thumb Code   138  adc.o(i.ADC_pin_config)
    ADC_pin_select_config                    0x08000eb1   Thumb Code    70  adc.o(i.ADC_pin_select_config)
    ADC_select_channel                       0x08000f01   Thumb Code   156  adc.o(i.ADC_select_channel)
    Delay_ms                                 0x08000fad   Thumb Code    20  delay.o(i.Delay_ms)
    Dellay_us                                0x08000fc5   Thumb Code    64  delay.o(i.Dellay_us)
    EXTI0_IRQHandler                         0x08001009   Thumb Code    64  main.o(i.EXTI0_IRQHandler)
    EXTI1_IRQHandler                         0x0800106d   Thumb Code    64  main.o(i.EXTI1_IRQHandler)
    EXTI2_IRQHandler                         0x080010d1   Thumb Code    64  main.o(i.EXTI2_IRQHandler)
    EXTI3_IRQHandler                         0x08001135   Thumb Code    64  main.o(i.EXTI3_IRQHandler)
    EXTI4_IRQHandler                         0x08001199   Thumb Code    64  main.o(i.EXTI4_IRQHandler)
    EXTI9_5_IRQHandler                       0x080011f5   Thumb Code    82  main.o(i.EXTI9_5_IRQHandler)
    EXTI_ClearITPendingBit                   0x08001265   Thumb Code     6  stm32f4xx_exti.o(i.EXTI_ClearITPendingBit)
    EXTI_GetITStatus                         0x08001271   Thumb Code    20  stm32f4xx_exti.o(i.EXTI_GetITStatus)
    EXTI_Init                                0x08001289   Thumb Code   142  stm32f4xx_exti.o(i.EXTI_Init)
    EXTI_Pin_config                          0x0800131d   Thumb Code   112  exti.o(i.EXTI_Pin_config)
    EXTI_line_config                         0x08001391   Thumb Code   180  exti.o(i.EXTI_line_config)
    GPIO_Init                                0x08001445   Thumb Code   144  stm32f4xx_gpio.o(i.GPIO_Init)
    GPIO_PinAFConfig                         0x080014d5   Thumb Code    70  stm32f4xx_gpio.o(i.GPIO_PinAFConfig)
    GPIO_ResetBits                           0x0800151b   Thumb Code     4  stm32f4xx_gpio.o(i.GPIO_ResetBits)
    GPIO_SetBits                             0x0800151f   Thumb Code     4  stm32f4xx_gpio.o(i.GPIO_SetBits)
    GPIO_ToggleBits                          0x08001523   Thumb Code     8  stm32f4xx_gpio.o(i.GPIO_ToggleBits)
    GPIO_WriteBit                            0x0800152b   Thumb Code    10  stm32f4xx_gpio.o(i.GPIO_WriteBit)
    NVIC_Init                                0x08001535   Thumb Code   106  misc.o(i.NVIC_Init)
    RCC_AHB1PeriphClockCmd                   0x080015ad   Thumb Code    26  stm32f4xx_rcc.o(i.RCC_AHB1PeriphClockCmd)
    RCC_APB1PeriphClockCmd                   0x080015cd   Thumb Code    26  stm32f4xx_rcc.o(i.RCC_APB1PeriphClockCmd)
    RCC_APB2PeriphClockCmd                   0x080015ed   Thumb Code    26  stm32f4xx_rcc.o(i.RCC_APB2PeriphClockCmd)
    RCC_APB2PeriphResetCmd                   0x0800160d   Thumb Code    26  stm32f4xx_rcc.o(i.RCC_APB2PeriphResetCmd)
    RCC_GetClocksFreq                        0x0800162d   Thumb Code   214  stm32f4xx_rcc.o(i.RCC_GetClocksFreq)
    SPI_Cmd                                  0x08001715   Thumb Code    24  stm32f4xx_spi.o(i.SPI_Cmd)
    SPI_I2S_GetFlagStatus                    0x0800172d   Thumb Code    18  stm32f4xx_spi.o(i.SPI_I2S_GetFlagStatus)
    SPI_I2S_SendData                         0x0800173f   Thumb Code     4  stm32f4xx_spi.o(i.SPI_I2S_SendData)
    SPI_Init                                 0x08001743   Thumb Code    60  stm32f4xx_spi.o(i.SPI_Init)
    SPI_init                                 0x08001781   Thumb Code    88  spi.o(i.SPI_init)
    SPI_pin_config                           0x080017dd   Thumb Code    72  spi.o(i.SPI_pin_config)
    SPI_pin_nss                              0x08001829   Thumb Code    50  spi.o(i.SPI_pin_nss)
    SPI_send_data                            0x08001861   Thumb Code    38  spi.o(i.SPI_send_data)
    STATUS_pin_peripheral_config             0x0800188d   Thumb Code    46  status.o(i.STATUS_pin_peripheral_config)
    SYSCFG_EXTILineConfig                    0x080018c1   Thumb Code    60  stm32f4xx_syscfg.o(i.SYSCFG_EXTILineConfig)
    SysTick_Handler                          0x080019ed   Thumb Code    18  delay.o(i.SysTick_Handler)
    SystemInit                               0x08001a05   Thumb Code    88  system_stm32f4xx.o(i.SystemInit)
    TIM2_IRQHandler                          0x08001a6d   Thumb Code   678  main.o(i.TIM2_IRQHandler)
    TIMER_interupt_config                    0x08001d6d   Thumb Code   108  timer.o(i.TIMER_interupt_config)
    TIM_ClearITPendingBit                    0x08001de5   Thumb Code     6  stm32f4xx_tim.o(i.TIM_ClearITPendingBit)
    TIM_Cmd                                  0x08001deb   Thumb Code    24  stm32f4xx_tim.o(i.TIM_Cmd)
    TIM_GetITStatus                          0x08001e03   Thumb Code    34  stm32f4xx_tim.o(i.TIM_GetITStatus)
    TIM_ITConfig                             0x08001e25   Thumb Code    18  stm32f4xx_tim.o(i.TIM_ITConfig)
    TIM_TimeBaseInit                         0x08001e39   Thumb Code   104  stm32f4xx_tim.o(i.TIM_TimeBaseInit)
    UART_PutChar                             0x08001ebd   Thumb Code    28  uart.o(i.UART_PutChar)
    UART_PutString                           0x08001edd   Thumb Code    22  uart.o(i.UART_PutString)
    UART_init_config                         0x08001ef5   Thumb Code   104  uart.o(i.UART_init_config)
    UART_pin_config                          0x08001f61   Thumb Code    68  uart.o(i.UART_pin_config)
    USART_Cmd                                0x08001fa9   Thumb Code    24  stm32f4xx_usart.o(i.USART_Cmd)
    USART_GetFlagStatus                      0x08001fc1   Thumb Code    26  stm32f4xx_usart.o(i.USART_GetFlagStatus)
    USART_ITConfig                           0x08001fdb   Thumb Code    74  stm32f4xx_usart.o(i.USART_ITConfig)
    USART_Init                               0x08002025   Thumb Code   204  stm32f4xx_usart.o(i.USART_Init)
    USART_SendData                           0x080020f9   Thumb Code     8  stm32f4xx_usart.o(i.USART_SendData)
    _sys_close                               0x08002101   Thumb Code    38  retarget_io.o(i._sys_close)
    _sys_flen                                0x08002127   Thumb Code    36  retarget_io.o(i._sys_flen)
    _sys_istty                               0x0800214b   Thumb Code    36  retarget_io.o(i._sys_istty)
    _sys_open                                0x08002171   Thumb Code    80  retarget_io.o(i._sys_open)
    _sys_seek                                0x080021d9   Thumb Code    44  retarget_io.o(i._sys_seek)
    _sys_write                               0x08002205   Thumb Code    88  retarget_io.o(i._sys_write)
    fputc                                    0x0800225d   Thumb Code    52  main.o(i.fputc)
    main                                     0x08002295   Thumb Code   130  main.o(i.main)
    package_crc                              0x08002335   Thumb Code    26  package_data.o(i.package_crc)
    package_data_emer                        0x0800234f   Thumb Code   108  package_data.o(i.package_data_emer)
    package_data_human                       0x080023bb   Thumb Code   102  package_data.o(i.package_data_human)
    package_data_infor                       0x08002421   Thumb Code   106  package_data.o(i.package_data_infor)
    package_emer                             0x0800248d   Thumb Code    64  package_data.o(i.package_emer)
    package_end                              0x080024d5   Thumb Code    20  package_data.o(i.package_end)
    package_header                           0x080024e9   Thumb Code    28  package_data.o(i.package_header)
    package_human                            0x08002505   Thumb Code    64  package_data.o(i.package_human)
    package_infor                            0x0800254d   Thumb Code    96  package_data.o(i.package_infor)
    package_infor_spi                        0x080025c1   Thumb Code   108  package_data.o(i.package_infor_spi)
    package_status_infor                     0x08002645   Thumb Code   242  package_data.o(i.package_status_infor)
    reset_buffer_tx                          0x08002737   Thumb Code    18  package_data.o(i.reset_buffer_tx)
    set_emer_flag                            0x08002749   Thumb Code   192  package_data.o(i.set_emer_flag)
    timetick_configure                       0x08002825   Thumb Code    90  delay.o(i.timetick_configure)
    __fpl_dcmp_Inf                           0x0800288d   Thumb Code    24  dcmpi.o(x$fpl$dcmpinf)
    __aeabi_cdcmple                          0x080028a5   Thumb Code     0  dleqf.o(x$fpl$dleqf)
    _dcmple                                  0x080028a5   Thumb Code   120  dleqf.o(x$fpl$dleqf)
    __fpl_dcmple_InfNaN                      0x08002907   Thumb Code     0  dleqf.o(x$fpl$dleqf)
    __fpl_dnaninf                            0x0800291d   Thumb Code   156  dnaninf.o(x$fpl$dnaninf)
    __fpl_dretinf                            0x080029b9   Thumb Code    12  dretinf.o(x$fpl$dretinf)
    __aeabi_cdrcmple                         0x080029c5   Thumb Code     0  drleqf.o(x$fpl$drleqf)
    _drcmple                                 0x080029c5   Thumb Code   108  drleqf.o(x$fpl$drleqf)
    __aeabi_f2d                              0x08002a31   Thumb Code     0  f2d.o(x$fpl$f2d)
    _f2d                                     0x08002a31   Thumb Code    86  f2d.o(x$fpl$f2d)
    __fpl_fnaninf                            0x08002a87   Thumb Code   140  fnaninf.o(x$fpl$fnaninf)
    _fp_init                                 0x08002b13   Thumb Code    10  fpinit.o(x$fpl$fpinit)
    __fplib_config_fpu_vfp                   0x08002b1b   Thumb Code     0  fpinit.o(x$fpl$fpinit)
    __fplib_config_pureend_doubles           0x08002b1b   Thumb Code     0  fpinit.o(x$fpl$fpinit)
    __I$use$fp                               0x08002b1c   Number         0  usenofp.o(x$fpl$usenofp)
    __stdin_name                             0x08002b1c   Data           7  retarget_io.o(.constdata)
    __stdout_name                            0x08002b23   Data           8  retarget_io.o(.constdata)
    __stderr_name                            0x08002b2b   Data           8  retarget_io.o(.constdata)
    Region$$Table$$Base                      0x08002b34   Number         0  anon$$obj.o(Region$$Table)
    Region$$Table$$Limit                     0x08002b54   Number         0  anon$$obj.o(Region$$Table)
    SystemCoreClock                          0x20000000   Data           4  system_stm32f4xx.o(.data)
    AHBPrescTable                            0x20000004   Data          16  system_stm32f4xx.o(.data)
    IN_CHARGING                              0x20000018   Data           1  main.o(.data)
    IN_DISCHARGING                           0x20000019   Data           1  main.o(.data)
    counter_charge                           0x2000001c   Data           4  main.o(.data)
    voltage_package_1                        0x20000020   Data           4  main.o(.data)
    voltage_package_2                        0x20000024   Data           4  main.o(.data)
    Flag_battery                             0x20000028   Data           8  main.o(.data)
    Flag_temp                                0x20000030   Data           8  main.o(.data)
    Flag_emer                                0x20000038   Data          32  main.o(.data)
    PIN_SELECT_MODULE1                       0x20000058   Data          10  main.o(.data)
    PIN_SELECT_MODULE2                       0x20000062   Data          10  main.o(.data)
    cnt                                      0x2000006c   Data           4  main.o(.data)
    battery_ratio                            0x20000070   Data          32  main.o(.data)
    temp_ratio                               0x20000090   Data          32  main.o(.data)
    index_rx_buffer                          0x200000b0   Data           4  main.o(.data)
    READ_ADC_FLAG                            0x200000b4   Data           1  main.o(.data)
    __aeabi_stdin                            0x200000cc   Data           4  stdio_streams.o(.data)
    __aeabi_stdout                           0x200000d0   Data           4  stdio_streams.o(.data)
    __aeabi_stderr                           0x200000d4   Data           4  stdio_streams.o(.data)
    voltage_module1                          0x200000d8   Data          64  main.o(.bss)
    voltage_module2                          0x20000118   Data          64  main.o(.bss)
    Flag_pheripheral                         0x20000158   Data          16  main.o(.bss)
    buffer_tx_uart                           0x20000168   Data         150  main.o(.bss)
    buffer_tx_spi                            0x200001fe   Data         150  main.o(.bss)
    buffer_rx                                0x20000294   Data        1000  main.o(.bss)
    RX_buffer                                0x2000067c   Data        1000  main.o(.bss)
    __stdin                                  0x20000a64   Data          84  stdio_streams.o(.bss)
    __stdout                                 0x20000ab8   Data          84  stdio_streams.o(.bss)
    __stderr                                 0x20000b0c   Data          84  stdio_streams.o(.bss)
    __libspace_start                         0x20000b60   Data          96  libspace.o(.bss)
    __temporary_stack_top$libspace           0x20000bc0   Data           0  libspace.o(.bss)



==============================================================================

Memory Map of the image

  Image Entry point : 0x08000189

  Load Region LR_IROM1 (Base: 0x08000000, Size: 0x00002c2c, Max: 0x00100000, ABSOLUTE)

    Execution Region ER_IROM1 (Exec base: 0x08000000, Load base: 0x08000000, Size: 0x00002b54, Max: 0x00100000, ABSOLUTE)

    Exec Addr    Load Addr    Size         Type   Attr      Idx    E Section Name        Object

    0x08000000   0x08000000   0x00000188   Data   RO         2635    RESET               startup_stm32f40_41xxx.o
    0x08000188   0x08000188   0x00000008   Code   RO         2735  * !!!main             c_w.l(__main.o)
    0x08000190   0x08000190   0x00000034   Code   RO         3063    !!!scatter          c_w.l(__scatter.o)
    0x080001c4   0x080001c4   0x0000001a   Code   RO         3065    !!handler_copy      c_w.l(__scatter_copy.o)
    0x080001de   0x080001de   0x00000002   PAD
    0x080001e0   0x080001e0   0x0000001c   Code   RO         3067    !!handler_zi        c_w.l(__scatter_zi.o)
    0x080001fc   0x080001fc   0x00000002   Code   RO         2872    .ARM.Collect$$libinit$$00000000  c_w.l(libinit.o)
    0x080001fe   0x080001fe   0x00000004   Code   RO         2873    .ARM.Collect$$libinit$$00000001  c_w.l(libinit2.o)
    0x08000202   0x08000202   0x00000000   Code   RO         2876    .ARM.Collect$$libinit$$00000004  c_w.l(libinit2.o)
    0x08000202   0x08000202   0x00000008   Code   RO         2877    .ARM.Collect$$libinit$$00000005  c_w.l(libinit2.o)
    0x0800020a   0x0800020a   0x00000000   Code   RO         2879    .ARM.Collect$$libinit$$0000000A  c_w.l(libinit2.o)
    0x0800020a   0x0800020a   0x00000000   Code   RO         2881    .ARM.Collect$$libinit$$0000000C  c_w.l(libinit2.o)
    0x0800020a   0x0800020a   0x00000000   Code   RO         2883    .ARM.Collect$$libinit$$0000000E  c_w.l(libinit2.o)
    0x0800020a   0x0800020a   0x00000000   Code   RO         2886    .ARM.Collect$$libinit$$00000011  c_w.l(libinit2.o)
    0x0800020a   0x0800020a   0x00000000   Code   RO         2888    .ARM.Collect$$libinit$$00000013  c_w.l(libinit2.o)
    0x0800020a   0x0800020a   0x00000000   Code   RO         2890    .ARM.Collect$$libinit$$00000015  c_w.l(libinit2.o)
    0x0800020a   0x0800020a   0x00000000   Code   RO         2892    .ARM.Collect$$libinit$$00000017  c_w.l(libinit2.o)
    0x0800020a   0x0800020a   0x00000000   Code   RO         2894    .ARM.Collect$$libinit$$00000019  c_w.l(libinit2.o)
    0x0800020a   0x0800020a   0x00000000   Code   RO         2896    .ARM.Collect$$libinit$$0000001B  c_w.l(libinit2.o)
    0x0800020a   0x0800020a   0x00000000   Code   RO         2898    .ARM.Collect$$libinit$$0000001D  c_w.l(libinit2.o)
    0x0800020a   0x0800020a   0x00000000   Code   RO         2900    .ARM.Collect$$libinit$$0000001F  c_w.l(libinit2.o)
    0x0800020a   0x0800020a   0x00000000   Code   RO         2902    .ARM.Collect$$libinit$$00000021  c_w.l(libinit2.o)
    0x0800020a   0x0800020a   0x00000000   Code   RO         2904    .ARM.Collect$$libinit$$00000023  c_w.l(libinit2.o)
    0x0800020a   0x0800020a   0x00000004   Code   RO         2905    .ARM.Collect$$libinit$$00000024  c_w.l(libinit2.o)
    0x0800020e   0x0800020e   0x00000000   Code   RO         2906    .ARM.Collect$$libinit$$00000025  c_w.l(libinit2.o)
    0x0800020e   0x0800020e   0x00000000   Code   RO         2910    .ARM.Collect$$libinit$$0000002C  c_w.l(libinit2.o)
    0x0800020e   0x0800020e   0x00000000   Code   RO         2912    .ARM.Collect$$libinit$$0000002E  c_w.l(libinit2.o)
    0x0800020e   0x0800020e   0x00000000   Code   RO         2914    .ARM.Collect$$libinit$$00000030  c_w.l(libinit2.o)
    0x0800020e   0x0800020e   0x00000000   Code   RO         2916    .ARM.Collect$$libinit$$00000032  c_w.l(libinit2.o)
    0x0800020e   0x0800020e   0x00000002   Code   RO         2917    .ARM.Collect$$libinit$$00000033  c_w.l(libinit2.o)
    0x08000210   0x08000210   0x00000002   Code   RO         3042    .ARM.Collect$$libshutdown$$00000000  c_w.l(libshutdown.o)
    0x08000212   0x08000212   0x00000000   Code   RO         2919    .ARM.Collect$$libshutdown$$00000002  c_w.l(libshutdown2.o)
    0x08000212   0x08000212   0x00000004   Code   RO         2920    .ARM.Collect$$libshutdown$$00000003  c_w.l(libshutdown2.o)
    0x08000216   0x08000216   0x00000000   Code   RO         2921    .ARM.Collect$$libshutdown$$00000004  c_w.l(libshutdown2.o)
    0x08000216   0x08000216   0x00000000   Code   RO         2924    .ARM.Collect$$libshutdown$$00000007  c_w.l(libshutdown2.o)
    0x08000216   0x08000216   0x00000000   Code   RO         2927    .ARM.Collect$$libshutdown$$0000000A  c_w.l(libshutdown2.o)
    0x08000216   0x08000216   0x00000000   Code   RO         2929    .ARM.Collect$$libshutdown$$0000000C  c_w.l(libshutdown2.o)
    0x08000216   0x08000216   0x00000000   Code   RO         2932    .ARM.Collect$$libshutdown$$0000000F  c_w.l(libshutdown2.o)
    0x08000216   0x08000216   0x00000002   Code   RO         2933    .ARM.Collect$$libshutdown$$00000010  c_w.l(libshutdown2.o)
    0x08000218   0x08000218   0x00000000   Code   RO         2743    .ARM.Collect$$rtentry$$00000000  c_w.l(__rtentry.o)
    0x08000218   0x08000218   0x00000000   Code   RO         2762    .ARM.Collect$$rtentry$$00000002  c_w.l(__rtentry2.o)
    0x08000218   0x08000218   0x00000006   Code   RO         2774    .ARM.Collect$$rtentry$$00000004  c_w.l(__rtentry4.o)
    0x0800021e   0x0800021e   0x00000000   Code   RO         2764    .ARM.Collect$$rtentry$$00000009  c_w.l(__rtentry2.o)
    0x0800021e   0x0800021e   0x00000004   Code   RO         2765    .ARM.Collect$$rtentry$$0000000A  c_w.l(__rtentry2.o)
    0x08000222   0x08000222   0x00000000   Code   RO         2767    .ARM.Collect$$rtentry$$0000000C  c_w.l(__rtentry2.o)
    0x08000222   0x08000222   0x00000008   Code   RO         2768    .ARM.Collect$$rtentry$$0000000D  c_w.l(__rtentry2.o)
    0x0800022a   0x0800022a   0x00000002   Code   RO         2937    .ARM.Collect$$rtexit$$00000000  c_w.l(rtexit.o)
    0x0800022c   0x0800022c   0x00000000   Code   RO         2985    .ARM.Collect$$rtexit$$00000002  c_w.l(rtexit2.o)
    0x0800022c   0x0800022c   0x00000004   Code   RO         2986    .ARM.Collect$$rtexit$$00000003  c_w.l(rtexit2.o)
    0x08000230   0x08000230   0x00000006   Code   RO         2987    .ARM.Collect$$rtexit$$00000004  c_w.l(rtexit2.o)
    0x08000236   0x08000236   0x00000002   PAD
    0x08000238   0x08000238   0x00000000   Code   RO         2991    .emb_text           c_w.l(maybetermalloc1.o)
    0x08000238   0x08000238   0x00000040   Code   RO         2636    .text               startup_stm32f40_41xxx.o
    0x08000278   0x08000278   0x00000018   Code   RO         2729    .text               c_w.l(noretval__2printf.o)
    0x08000290   0x08000290   0x00000080   Code   RO         2731    .text               c_w.l(strcmpv7m.o)
    0x08000310   0x08000310   0x00000006   Code   RO         2733    .text               c_w.l(heapauxi.o)
    0x08000316   0x08000316   0x00000002   PAD
    0x08000318   0x08000318   0x00000024   Code   RO         2744    .text               c_w.l(_printf_char_file.o)
    0x0800033c   0x0800033c   0x00000030   Code   RO         2776    .text               c_w.l(_printf_char_common.o)
    0x0800036c   0x0800036c   0x00000008   Code   RO         2778    .text               c_w.l(ferror.o)
    0x08000374   0x08000374   0x00000138   Code   RO         2780    .text               c_w.l(initio.o)
    0x080004ac   0x080004ac   0x0000004a   Code   RO         2788    .text               c_w.l(sys_stackheap_outer.o)
    0x080004f6   0x080004f6   0x0000004e   Code   RO         2792    .text               c_w.l(h1_free.o)
    0x08000544   0x08000544   0x00000028   Code   RO         2846    .text               c_w.l(__printf_nopercent.o)
    0x0800056c   0x0800056c   0x00000046   Code   RO         2848    .text               c_w.l(setvbuf.o)
    0x080005b2   0x080005b2   0x00000002   PAD
    0x080005b4   0x080005b4   0x000000ec   Code   RO         2851    .text               c_w.l(fopen.o)
    0x080006a0   0x080006a0   0x0000004c   Code   RO         2853    .text               c_w.l(fclose.o)
    0x080006ec   0x080006ec   0x00000012   Code   RO         2859    .text               c_w.l(exit.o)
    0x080006fe   0x080006fe   0x0000000e   Code   RO         2861    .text               c_w.l(defsig_rtred_outer.o)
    0x0800070c   0x0800070c   0x0000004e   Code   RO         2865    .text               c_w.l(rt_memclr_w.o)
    0x0800075a   0x0800075a   0x00000002   PAD
    0x0800075c   0x0800075c   0x00000008   Code   RO         2934    .text               c_w.l(libspace.o)
    0x08000764   0x08000764   0x00000008   Code   RO         2944    .text               c_w.l(rt_heap_descriptor_intlibspace.o)
    0x0800076c   0x0800076c   0x00000004   Code   RO         2946    .text               c_w.l(hguard.o)
    0x08000770   0x08000770   0x0000008a   Code   RO         2948    .text               c_w.l(init_alloc.o)
    0x080007fa   0x080007fa   0x0000005e   Code   RO         2954    .text               c_w.l(h1_alloc.o)
    0x08000858   0x08000858   0x000000f8   Code   RO         2968    .text               c_w.l(fseek.o)
    0x08000950   0x08000950   0x000000f0   Code   RO         2970    .text               c_w.l(stdio.o)
    0x08000a40   0x08000a40   0x0000000a   Code   RO         2972    .text               c_w.l(defsig_exit.o)
    0x08000a4a   0x08000a4a   0x00000002   PAD
    0x08000a4c   0x08000a4c   0x00000034   Code   RO         2974    .text               c_w.l(defsig_rtred_inner.o)
    0x08000a80   0x08000a80   0x0000000c   Code   RO         2982    .text               c_w.l(sys_exit.o)
    0x08000a8c   0x08000a8c   0x0000000e   Code   RO         2993    .text               c_w.l(h1_init.o)
    0x08000a9a   0x08000a9a   0x00000034   Code   RO         2995    .text               c_w.l(h1_extend.o)
    0x08000ace   0x08000ace   0x00000042   Code   RO         3001    .text               c_w.l(ftell.o)
    0x08000b10   0x08000b10   0x00000032   Code   RO         3005    .text               c_w.l(defsig_general.o)
    0x08000b42   0x08000b42   0x0000000e   Code   RO         3007    .text               c_w.l(defsig_rtmem_outer.o)
    0x08000b50   0x08000b50   0x0000000e   Code   RO         3020    .text               c_w.l(sys_wrch.o)
    0x08000b5e   0x08000b5e   0x00000002   Code   RO         3024    .text               c_w.l(use_no_semi.o)
    0x08000b60   0x08000b60   0x00000000   Code   RO         3026    .text               c_w.l(indicate_semi.o)
    0x08000b60   0x08000b60   0x00000008   Code   RO         3030    .text               c_w.l(rt_errno_addr_intlibspace.o)
    0x08000b68   0x08000b68   0x00000050   Code   RO         3036    .text               c_w.l(defsig_rtmem_inner.o)
    0x08000bb8   0x08000bb8   0x00000016   Code   RO          350    i.ADC_Cmd           stm32f4xx_adc.o
    0x08000bce   0x08000bce   0x00000016   Code   RO          356    i.ADC_DeInit        stm32f4xx_adc.o
    0x08000be4   0x08000be4   0x00000008   Code   RO          362    i.ADC_GetConversionValue  stm32f4xx_adc.o
    0x08000bec   0x08000bec   0x00000012   Code   RO          363    i.ADC_GetFlagStatus  stm32f4xx_adc.o
    0x08000bfe   0x08000bfe   0x00000002   PAD
    0x08000c00   0x08000c00   0x00000054   Code   RO          370    i.ADC_Init          stm32f4xx_adc.o
    0x08000c54   0x08000c54   0x000000b8   Code   RO          375    i.ADC_RegularChannelConfig  stm32f4xx_adc.o
    0x08000d0c   0x08000d0c   0x0000000a   Code   RO          377    i.ADC_SoftwareStartConv  stm32f4xx_adc.o
    0x08000d16   0x08000d16   0x00000002   PAD
    0x08000d18   0x08000d18   0x00000084   Code   RO         2138    i.ADC_get_value_voltage  adc.o
    0x08000d9c   0x08000d9c   0x0000007c   Code   RO         2140    i.ADC_get_voltage_from_channel  adc.o
    0x08000e18   0x08000e18   0x00000098   Code   RO         2142    i.ADC_pin_config    adc.o
    0x08000eb0   0x08000eb0   0x00000050   Code   RO         2143    i.ADC_pin_select_config  adc.o
    0x08000f00   0x08000f00   0x000000ac   Code   RO         2144    i.ADC_select_channel  adc.o
    0x08000fac   0x08000fac   0x00000018   Code   RO         1722    i.Delay_ms          delay.o
    0x08000fc4   0x08000fc4   0x00000044   Code   RO         1723    i.Dellay_us         delay.o
    0x08001008   0x08001008   0x00000064   Code   RO          151    i.EXTI0_IRQHandler  main.o
    0x0800106c   0x0800106c   0x00000064   Code   RO          152    i.EXTI1_IRQHandler  main.o
    0x080010d0   0x080010d0   0x00000064   Code   RO          153    i.EXTI2_IRQHandler  main.o
    0x08001134   0x08001134   0x00000064   Code   RO          154    i.EXTI3_IRQHandler  main.o
    0x08001198   0x08001198   0x0000005c   Code   RO          155    i.EXTI4_IRQHandler  main.o
    0x080011f4   0x080011f4   0x00000070   Code   RO          156    i.EXTI9_5_IRQHandler  main.o
    0x08001264   0x08001264   0x0000000c   Code   RO         2071    i.EXTI_ClearITPendingBit  stm32f4xx_exti.o
    0x08001270   0x08001270   0x00000018   Code   RO         2075    i.EXTI_GetITStatus  stm32f4xx_exti.o
    0x08001288   0x08001288   0x00000094   Code   RO         2076    i.EXTI_Init         stm32f4xx_exti.o
    0x0800131c   0x0800131c   0x00000074   Code   RO         2214    i.EXTI_Pin_config   exti.o
    0x08001390   0x08001390   0x000000b4   Code   RO         2215    i.EXTI_line_config  exti.o
    0x08001444   0x08001444   0x00000090   Code   RO          723    i.GPIO_Init         stm32f4xx_gpio.o
    0x080014d4   0x080014d4   0x00000046   Code   RO          724    i.GPIO_PinAFConfig  stm32f4xx_gpio.o
    0x0800151a   0x0800151a   0x00000004   Code   RO          730    i.GPIO_ResetBits    stm32f4xx_gpio.o
    0x0800151e   0x0800151e   0x00000004   Code   RO          731    i.GPIO_SetBits      stm32f4xx_gpio.o
    0x08001522   0x08001522   0x00000008   Code   RO          733    i.GPIO_ToggleBits   stm32f4xx_gpio.o
    0x0800152a   0x0800152a   0x0000000a   Code   RO          735    i.GPIO_WriteBit     stm32f4xx_gpio.o
    0x08001534   0x08001534   0x00000078   Code   RO          270    i.NVIC_Init         misc.o
    0x080015ac   0x080015ac   0x00000020   Code   RO          824    i.RCC_AHB1PeriphClockCmd  stm32f4xx_rcc.o
    0x080015cc   0x080015cc   0x00000020   Code   RO          833    i.RCC_APB1PeriphClockCmd  stm32f4xx_rcc.o
    0x080015ec   0x080015ec   0x00000020   Code   RO          836    i.RCC_APB2PeriphClockCmd  stm32f4xx_rcc.o
    0x0800160c   0x0800160c   0x00000020   Code   RO          838    i.RCC_APB2PeriphResetCmd  stm32f4xx_rcc.o
    0x0800162c   0x0800162c   0x000000e8   Code   RO          845    i.RCC_GetClocksFreq  stm32f4xx_rcc.o
    0x08001714   0x08001714   0x00000018   Code   RO         2422    i.SPI_Cmd           stm32f4xx_spi.o
    0x0800172c   0x0800172c   0x00000012   Code   RO         2430    i.SPI_I2S_GetFlagStatus  stm32f4xx_spi.o
    0x0800173e   0x0800173e   0x00000004   Code   RO         2434    i.SPI_I2S_SendData  stm32f4xx_spi.o
    0x08001742   0x08001742   0x0000003c   Code   RO         2435    i.SPI_Init          stm32f4xx_spi.o
    0x0800177e   0x0800177e   0x00000002   PAD
    0x08001780   0x08001780   0x0000005c   Code   RO         2585    i.SPI_init          spi.o
    0x080017dc   0x080017dc   0x0000004c   Code   RO         2586    i.SPI_pin_config    spi.o
    0x08001828   0x08001828   0x00000038   Code   RO         2587    i.SPI_pin_nss       spi.o
    0x08001860   0x08001860   0x0000002c   Code   RO         2588    i.SPI_send_data     spi.o
    0x0800188c   0x0800188c   0x00000034   Code   RO         2244    i.STATUS_pin_peripheral_config  status.o
    0x080018c0   0x080018c0   0x00000040   Code   RO         2013    i.SYSCFG_EXTILineConfig  stm32f4xx_syscfg.o
    0x08001900   0x08001900   0x000000ec   Code   RO            4    i.SetSysClock       system_stm32f4xx.o
    0x080019ec   0x080019ec   0x00000018   Code   RO         1724    i.SysTick_Handler   delay.o
    0x08001a04   0x08001a04   0x00000068   Code   RO            6    i.SystemInit        system_stm32f4xx.o
    0x08001a6c   0x08001a6c   0x00000300   Code   RO          157    i.TIM2_IRQHandler   main.o
    0x08001d6c   0x08001d6c   0x00000078   Code   RO         2268    i.TIMER_interupt_config  timer.o
    0x08001de4   0x08001de4   0x00000006   Code   RO         1167    i.TIM_ClearITPendingBit  stm32f4xx_tim.o
    0x08001dea   0x08001dea   0x00000018   Code   RO         1172    i.TIM_Cmd           stm32f4xx_tim.o
    0x08001e02   0x08001e02   0x00000022   Code   RO         1193    i.TIM_GetITStatus   stm32f4xx_tim.o
    0x08001e24   0x08001e24   0x00000012   Code   RO         1197    i.TIM_ITConfig      stm32f4xx_tim.o
    0x08001e36   0x08001e36   0x00000002   PAD
    0x08001e38   0x08001e38   0x00000084   Code   RO         1244    i.TIM_TimeBaseInit  stm32f4xx_tim.o
    0x08001ebc   0x08001ebc   0x00000020   Code   RO         1771    i.UART_PutChar      uart.o
    0x08001edc   0x08001edc   0x00000016   Code   RO         1772    i.UART_PutString    uart.o
    0x08001ef2   0x08001ef2   0x00000002   PAD
    0x08001ef4   0x08001ef4   0x0000006c   Code   RO         1773    i.UART_init_config  uart.o
    0x08001f60   0x08001f60   0x00000048   Code   RO         1774    i.UART_pin_config   uart.o
    0x08001fa8   0x08001fa8   0x00000018   Code   RO         1822    i.USART_Cmd         stm32f4xx_usart.o
    0x08001fc0   0x08001fc0   0x0000001a   Code   RO         1825    i.USART_GetFlagStatus  stm32f4xx_usart.o
    0x08001fda   0x08001fda   0x0000004a   Code   RO         1828    i.USART_ITConfig    stm32f4xx_usart.o
    0x08002024   0x08002024   0x000000d4   Code   RO         1829    i.USART_Init        stm32f4xx_usart.o
    0x080020f8   0x080020f8   0x00000008   Code   RO         1839    i.USART_SendData    stm32f4xx_usart.o
    0x08002100   0x08002100   0x00000026   Code   RO         2640    i._sys_close        retarget_io.o
    0x08002126   0x08002126   0x00000024   Code   RO         2641    i._sys_flen         retarget_io.o
    0x0800214a   0x0800214a   0x00000024   Code   RO         2642    i._sys_istty        retarget_io.o
    0x0800216e   0x0800216e   0x00000002   PAD
    0x08002170   0x08002170   0x00000068   Code   RO         2643    i._sys_open         retarget_io.o
    0x080021d8   0x080021d8   0x0000002c   Code   RO         2645    i._sys_seek         retarget_io.o
    0x08002204   0x08002204   0x00000058   Code   RO         2646    i._sys_write        retarget_io.o
    0x0800225c   0x0800225c   0x00000038   Code   RO          158    i.fputc             main.o
    0x08002294   0x08002294   0x000000a0   Code   RO          159    i.main              main.o
    0x08002334   0x08002334   0x0000001a   Code   RO         2293    i.package_crc       package_data.o
    0x0800234e   0x0800234e   0x0000006c   Code   RO         2294    i.package_data_emer  package_data.o
    0x080023ba   0x080023ba   0x00000066   Code   RO         2295    i.package_data_human  package_data.o
    0x08002420   0x08002420   0x0000006a   Code   RO         2296    i.package_data_infor  package_data.o
    0x0800248a   0x0800248a   0x00000002   PAD
    0x0800248c   0x0800248c   0x00000048   Code   RO         2297    i.package_emer      package_data.o
    0x080024d4   0x080024d4   0x00000014   Code   RO         2299    i.package_end       package_data.o
    0x080024e8   0x080024e8   0x0000001c   Code   RO         2300    i.package_header    package_data.o
    0x08002504   0x08002504   0x00000048   Code   RO         2301    i.package_human     package_data.o
    0x0800254c   0x0800254c   0x00000074   Code   RO         2303    i.package_infor     package_data.o
    0x080025c0   0x080025c0   0x00000084   Code   RO         2304    i.package_infor_spi  package_data.o
    0x08002644   0x08002644   0x000000f2   Code   RO         2305    i.package_status_infor  package_data.o
    0x08002736   0x08002736   0x00000012   Code   RO         2306    i.reset_buffer_tx   package_data.o
    0x08002748   0x08002748   0x000000d4   Code   RO         2307    i.set_emer_flag     package_data.o
    0x0800281c   0x0800281c   0x00000004   Code   RO         2647    i.stderr_putchar    retarget_io.o
    0x08002820   0x08002820   0x00000004   Code   RO         2649    i.stdout_putchar    retarget_io.o
    0x08002824   0x08002824   0x00000068   Code   RO         1725    i.timetick_configure  delay.o
    0x0800288c   0x0800288c   0x00000018   Code   RO         2752    x$fpl$dcmpinf       fz_wm.l(dcmpi.o)
    0x080028a4   0x080028a4   0x00000078   Code   RO         2737    x$fpl$dleqf         fz_wm.l(dleqf.o)
    0x0800291c   0x0800291c   0x0000009c   Code   RO         2754    x$fpl$dnaninf       fz_wm.l(dnaninf.o)
    0x080029b8   0x080029b8   0x0000000c   Code   RO         2756    x$fpl$dretinf       fz_wm.l(dretinf.o)
    0x080029c4   0x080029c4   0x0000006c   Code   RO         2739    x$fpl$drleqf        fz_wm.l(drleqf.o)
    0x08002a30   0x08002a30   0x00000056   Code   RO         2741    x$fpl$f2d           fz_wm.l(f2d.o)
    0x08002a86   0x08002a86   0x0000008c   Code   RO         2758    x$fpl$fnaninf       fz_wm.l(fnaninf.o)
    0x08002b12   0x08002b12   0x0000000a   Code   RO         2980    x$fpl$fpinit        fz_wm.l(fpinit.o)
    0x08002b1c   0x08002b1c   0x00000000   Code   RO         2760    x$fpl$usenofp       fz_wm.l(usenofp.o)
    0x08002b1c   0x08002b1c   0x00000017   Data   RO         2650    .constdata          retarget_io.o
    0x08002b33   0x08002b33   0x00000001   PAD
    0x08002b34   0x08002b34   0x00000020   Data   RO         3061    Region$$Table       anon$$obj.o


    Execution Region RW_IRAM1 (Exec base: 0x20000000, Load base: 0x08002b54, Size: 0x000011c0, Max: 0x00020000, ABSOLUTE)

    Exec Addr    Load Addr    Size         Type   Attr      Idx    E Section Name        Object

    0x20000000   0x08002b54   0x00000014   Data   RW            7    .data               system_stm32f4xx.o
    0x20000014   0x08002b68   0x000000a1   Data   RW          161    .data               main.o
    0x200000b5   0x08002c09   0x00000010   Data   RW          876    .data               stm32f4xx_rcc.o
    0x200000c5   0x08002c19   0x00000003   PAD
    0x200000c8   0x08002c1c   0x00000004   Data   RW         1726    .data               delay.o
    0x200000cc   0x08002c20   0x00000004   Data   RW         2749    .data               c_w.l(stdio_streams.o)
    0x200000d0   0x08002c24   0x00000004   Data   RW         2750    .data               c_w.l(stdio_streams.o)
    0x200000d4   0x08002c28   0x00000004   Data   RW         2751    .data               c_w.l(stdio_streams.o)
    0x200000d8        -       0x0000098c   Zero   RW          160    .bss                main.o
    0x20000a64        -       0x00000054   Zero   RW         2746    .bss                c_w.l(stdio_streams.o)
    0x20000ab8        -       0x00000054   Zero   RW         2747    .bss                c_w.l(stdio_streams.o)
    0x20000b0c        -       0x00000054   Zero   RW         2748    .bss                c_w.l(stdio_streams.o)
    0x20000b60        -       0x00000060   Zero   RW         2935    .bss                c_w.l(libspace.o)
    0x20000bc0        -       0x00000200   Zero   RW         2634    HEAP                startup_stm32f40_41xxx.o
    0x20000dc0        -       0x00000400   Zero   RW         2633    STACK               startup_stm32f40_41xxx.o


==============================================================================

Image component sizes


      Code (inc. data)   RO Data    RW Data    ZI Data      Debug   Object Name

       660         64          0          0          0       4393   adc.o
       220         28          0          4          0      32837   delay.o
       296          4          0          0          0       1177   exti.o
      1588        326          0        161       2444      41028   main.o
       120         14          0          0          0     246228   misc.o
      1254         80          0          0          0      10367   package_data.o
       354         24         23          0          0       6882   retarget_io.o
       268         20          0          0          0       2430   spi.o
        64         26        392          0       1536        832   startup_stm32f40_41xxx.o
        52          6          0          0          0        535   status.o
       348         10          0          0          0       5906   stm32f4xx_adc.o
       184         16          0          0          0       2400   stm32f4xx_exti.o
       240          0          0          0          0       4437   stm32f4xx_gpio.o
       360         42          0         16          0       5576   stm32f4xx_rcc.o
       106          0          0          0          0       3252   stm32f4xx_spi.o
        64          4          0          0          0        696   stm32f4xx_syscfg.o
       214         28          0          0          0       4030   stm32f4xx_tim.o
       344          8          0          0          0       4489   stm32f4xx_usart.o
       340         32          0         20          0     307293   system_stm32f4xx.o
       120         12          0          0          0        564   timer.o
       234         12          0          0          0       2469   uart.o

    ----------------------------------------------------------------------
      7444        756        448        204       3980     687821   Object Totals
         0          0         32          0          0          0   (incl. Generated)
        14          0          1          3          0          0   (incl. Padding)

    ----------------------------------------------------------------------

      Code (inc. data)   RO Data    RW Data    ZI Data      Debug   Library Member Name

         8          0          0          0          0         68   __main.o
        40          0          0          0          0         84   __printf_nopercent.o
         0          0          0          0          0          0   __rtentry.o
        12          0          0          0          0          0   __rtentry2.o
         6          0          0          0          0          0   __rtentry4.o
        52          8          0          0          0          0   __scatter.o
        26          0          0          0          0          0   __scatter_copy.o
        28          0          0          0          0          0   __scatter_zi.o
        48          6          0          0          0         96   _printf_char_common.o
        36          4          0          0          0         80   _printf_char_file.o
        10          0          0          0          0         68   defsig_exit.o
        50          0          0          0          0         88   defsig_general.o
        80         58          0          0          0         76   defsig_rtmem_inner.o
        14          0          0          0          0         80   defsig_rtmem_outer.o
        52         38          0          0          0         76   defsig_rtred_inner.o
        14          0          0          0          0         80   defsig_rtred_outer.o
        18          0          0          0          0         80   exit.o
        76          0          0          0          0         88   fclose.o
         8          0          0          0          0         68   ferror.o
       236          4          0          0          0        128   fopen.o
       248          6          0          0          0         84   fseek.o
        66          0          0          0          0         76   ftell.o
        94          0          0          0          0         80   h1_alloc.o
        52          0          0          0          0         68   h1_extend.o
        78          0          0          0          0         80   h1_free.o
        14          0          0          0          0         84   h1_init.o
         6          0          0          0          0        152   heapauxi.o
         4          0          0          0          0        136   hguard.o
         0          0          0          0          0          0   indicate_semi.o
       138          0          0          0          0        168   init_alloc.o
       312         46          0          0          0        112   initio.o
         2          0          0          0          0          0   libinit.o
        18          0          0          0          0          0   libinit2.o
         2          0          0          0          0          0   libshutdown.o
         6          0          0          0          0          0   libshutdown2.o
         8          4          0          0         96         68   libspace.o
         0          0          0          0          0          0   maybetermalloc1.o
        24          4          0          0          0         84   noretval__2printf.o
         8          4          0          0          0         68   rt_errno_addr_intlibspace.o
         8          4          0          0          0         68   rt_heap_descriptor_intlibspace.o
        78          0          0          0          0         80   rt_memclr_w.o
         2          0          0          0          0          0   rtexit.o
        10          0          0          0          0          0   rtexit2.o
        70          0          0          0          0         80   setvbuf.o
       240          6          0          0          0        156   stdio.o
         0          0          0         12        252          0   stdio_streams.o
       128          0          0          0          0         68   strcmpv7m.o
        12          4          0          0          0         68   sys_exit.o
        74          0          0          0          0         80   sys_stackheap_outer.o
        14          0          0          0          0         76   sys_wrch.o
         2          0          0          0          0         68   use_no_semi.o
        24          0          0          0          0        116   dcmpi.o
       120          4          0          0          0        140   dleqf.o
       156          4          0          0          0        140   dnaninf.o
        12          0          0          0          0        116   dretinf.o
       108          0          0          0          0        128   drleqf.o
        86          4          0          0          0        132   f2d.o
       140          4          0          0          0        132   fnaninf.o
        10          0          0          0          0        116   fpinit.o
         0          0          0          0          0          0   usenofp.o

    ----------------------------------------------------------------------
      3200        212          0         12        348       4184   Library Totals
        12          0          0          0          0          0   (incl. Padding)

    ----------------------------------------------------------------------

      Code (inc. data)   RO Data    RW Data    ZI Data      Debug   Library Name

      2532        196          0         12        348       3164   c_w.l
       656         16          0          0          0       1020   fz_wm.l

    ----------------------------------------------------------------------
      3200        212          0         12        348       4184   Library Totals

    ----------------------------------------------------------------------

==============================================================================


      Code (inc. data)   RO Data    RW Data    ZI Data      Debug   

     10644        968        448        216       4328     681189   Grand Totals
     10644        968        448        216       4328     681189   ELF Image Totals
     10644        968        448        216          0          0   ROM Totals

==============================================================================

    Total RO  Size (Code + RO Data)                11092 (  10.83kB)
    Total RW  Size (RW Data + ZI Data)              4544 (   4.44kB)
    Total ROM Size (Code + RO Data + RW Data)      11308 (  11.04kB)

==============================================================================

